--------- beginning of /dev/log/system
W/BroadcastQueue( 1235): Unable to launch app com.UCMobile/10104 for broadcast Intent { act=android.net.conn.CONNECTIVITY_CHANGE flg=0x4000010 (has extras) }: process is not permitted to autostart
W/BroadcastQueue( 1235): Unable to launch app com.heha/10113 for broadcast Intent { act=android.net.conn.CONNECTIVITY_CHANGE flg=0x4000010 (has extras) }: process is not permitted to autostart
W/BroadcastQueue( 1235): Unable to launch app com.sankuai.meituan/10026 for broadcast Intent { act=android.net.conn.CONNECTIVITY_CHANGE flg=0x4000010 (has extras) }: process is not permitted to autostart
W/BroadcastQueue( 1235): Unable to launch app com.sankuai.meituan/10026 for broadcast Intent { act=android.net.conn.CONNECTIVITY_CHANGE flg=0x4000010 (has extras) }: process is not permitted to autostart
W/BroadcastQueue( 1235): Unable to launch app com.bf.sgs.hdexp/10101 for broadcast Intent { act=android.net.conn.CONNECTIVITY_CHANGE flg=0x4000010 (has extras) }: process is not permitted to autostart
W/BroadcastQueue( 1235): Unable to launch app com.bf.sgs.hdexp/10101 for broadcast Intent { act=android.net.conn.CONNECTIVITY_CHANGE flg=0x4000010 (has extras) }: process is not permitted to autostart
W/BroadcastQueue( 1235): Unable to launch app cn.jiadao.driver/10110 for broadcast Intent { act=android.net.conn.CONNECTIVITY_CHANGE flg=0x4000010 (has extras) }: process is not permitted to autostart
W/BroadcastQueue( 1235): Unable to launch app com.baidu.BaiduMap/10080 for broadcast Intent { act=android.net.conn.CONNECTIVITY_CHANGE flg=0x4000010 (has extras) }: process is not permitted to autostart
W/BroadcastQueue( 1235): Unable to launch app com.baidu.BaiduMap/10080 for broadcast Intent { act=android.net.conn.CONNECTIVITY_CHANGE flg=0x4000010 (has extras) }: process is not permitted to autostart
W/BroadcastQueue( 1235): Unable to launch app com.baidu.BaiduMap/10080 for broadcast Intent { act=android.net.conn.CONNECTIVITY_CHANGE flg=0x4000010 (has extras) }: process is not permitted to autostart
W/BroadcastQueue( 1235): Unable to launch app com.cmbchina.ccd.pluto.cmbActivity/10109 for broadcast Intent { act=android.net.conn.CONNECTIVITY_CHANGE flg=0x4000010 (has extras) }: process is not permitted to autostart
I/ActivityManager( 1235): Start proc com.miui.player for broadcast com.miui.player/.push.MiuiPushMessageReceiver: pid=8149 uid=10016 gids={50016, 3002, 1028, 1015, 1023, 3003}
W/BroadcastQueue( 1235): Unable to launch app com.tencent.qqgame/10097 for broadcast Intent { act=android.net.conn.CONNECTIVITY_CHANGE flg=0x4000010 (has extras) }: process is not permitted to autostart
W/BroadcastQueue( 1235): Unable to launch app com.xiaomi.payment/10059 for broadcast Intent { act=android.net.conn.CONNECTIVITY_CHANGE flg=0x4000010 (has extras) }: process is bad
I/ActivityManager( 1235): Killing 7870:com.xiaomi.channel.openservice/u0a84 (adj 15): empty #11
W/BroadcastQueue( 1235): Unable to launch app com.Qunar/10086 for broadcast Intent { act=android.net.conn.CONNECTIVITY_CHANGE flg=0x4000010 (has extras) }: process is not permitted to autostart
W/BroadcastQueue( 1235): Unable to launch app com.yidian.xiaomi/10091 for broadcast Intent { act=android.net.conn.CONNECTIVITY_CHANGE flg=0x4000010 (has extras) }: process is not permitted to autostart
W/BroadcastQueue( 1235): Unable to launch app com.yidian.xiaomi/10091 for broadcast Intent { act=android.net.conn.CONNECTIVITY_CHANGE flg=0x4000010 (has extras) }: process is not permitted to autostart
W/BroadcastQueue( 1235): Unable to launch app com.xiaomi.shop/10083 for broadcast Intent { act=android.net.conn.CONNECTIVITY_CHANGE flg=0x4000010 (has extras) }: process is not permitted to autostart
W/ActivityManager( 1235): Scheduling restart of crashed service com.xiaomi.channel/.gameService.GameService in 1000ms
W/ContextImpl( 2063): Calling a method in the system process without a qualified user: android.app.ContextImpl.startService:1511 android.content.ContextWrapper.startService:494 android.content.ContextWrapper.startService:494 com.android.settings.MiuiSettingsReceiver.g:312 com.android.settings.MiuiSettingsReceiver.onReceive:100 
W/ActivityManager( 1235): Unable to start service Intent { act=miui.intent.action.UPDATE_VIRUS_LIB } U=0: not found
W/ContextImpl( 2063): Calling a method in the system process without a qualified user: android.app.ContextImpl.startService:1511 android.content.ContextWrapper.startService:494 android.content.ContextWrapper.startService:494 com.android.settings.MiuiSettingsReceiver.onReceive:103 android.app.ActivityThread.handleReceiver:2413 
W/ContextImpl( 2063): Calling a method in the system process without a qualified user: android.app.ContextImpl.startService:1511 android.content.ContextWrapper.startService:494 com.android.settings.wifi.MiuiWifiService.oo:199 com.android.settings.wifi.MiuiWifiService.onStartCommand:121 android.app.ActivityThread.handleServiceArgs:2694 
W/ContextImpl( 2063): Calling a method in the system process without a qualified user: android.app.ContextImpl.bindService:1575 android.content.ContextWrapper.bindService:517 miui.analytics.Analytics.endSession:120 com.android.settings.analytics.AnalyticService.onHandleIntent:93 android.app.IntentService$ServiceHandler.handleMessage:65 
W/BroadcastQueue( 1235): Unable to launch app com.miui.weather2/10024 for broadcast Intent { act=android.net.conn.CONNECTIVITY_CHANGE flg=0x4000010 (has extras) }: process is bad
W/BroadcastQueue( 1235): Unable to launch app com.mipay.wallet/10051 for broadcast Intent { act=android.net.conn.CONNECTIVITY_CHANGE flg=0x4000010 (has extras) }: process is bad
W/BroadcastQueue( 1235): Unable to launch app com.android.updater/9802 for broadcast Intent { act=android.net.conn.CONNECTIVITY_CHANGE flg=0x4000010 (has extras) }: process is bad
W/BroadcastQueue( 1235): Unable to launch app com.UCMobile/10104 for broadcast Intent { act=android.net.conn.CONNECTIVITY_CHANGE flg=0x4000010 (has extras) }: process is not permitted to autostart
W/BroadcastQueue( 1235): Unable to launch app com.UCMobile/10104 for broadcast Intent { act=android.net.conn.CONNECTIVITY_CHANGE flg=0x4000010 (has extras) }: process is not permitted to autostart
W/BroadcastQueue( 1235): Unable to launch app com.UCMobile/10104 for broadcast Intent { act=android.net.conn.CONNECTIVITY_CHANGE flg=0x4000010 (has extras) }: process is not permitted to autostart
W/BroadcastQueue( 1235): Unable to launch app com.heha/10113 for broadcast Intent { act=android.net.conn.CONNECTIVITY_CHANGE flg=0x4000010 (has extras) }: process is not permitted to autostart
W/BroadcastQueue( 1235): Unable to launch app com.sankuai.meituan/10026 for broadcast Intent { act=android.net.conn.CONNECTIVITY_CHANGE flg=0x4000010 (has extras) }: process is not permitted to autostart
W/BroadcastQueue( 1235): Unable to launch app com.sankuai.meituan/10026 for broadcast Intent { act=android.net.conn.CONNECTIVITY_CHANGE flg=0x4000010 (has extras) }: process is not permitted to autostart
W/BroadcastQueue( 1235): Unable to launch app com.bf.sgs.hdexp/10101 for broadcast Intent { act=android.net.conn.CONNECTIVITY_CHANGE flg=0x4000010 (has extras) }: process is not permitted to autostart
W/BroadcastQueue( 1235): Unable to launch app com.bf.sgs.hdexp/10101 for broadcast Intent { act=android.net.conn.CONNECTIVITY_CHANGE flg=0x4000010 (has extras) }: process is not permitted to autostart
W/BroadcastQueue( 1235): Unable to launch app cn.jiadao.driver/10110 for broadcast Intent { act=android.net.conn.CONNECTIVITY_CHANGE flg=0x4000010 (has extras) }: process is not permitted to autostart
W/BroadcastQueue( 1235): Unable to launch app com.baidu.BaiduMap/10080 for broadcast Intent { act=android.net.conn.CONNECTIVITY_CHANGE flg=0x4000010 (has extras) }: process is not permitted to autostart
W/BroadcastQueue( 1235): Unable to launch app com.baidu.BaiduMap/10080 for broadcast Intent { act=android.net.conn.CONNECTIVITY_CHANGE flg=0x4000010 (has extras) }: process is not permitted to autostart
W/BroadcastQueue( 1235): Unable to launch app com.baidu.BaiduMap/10080 for broadcast Intent { act=android.net.conn.CONNECTIVITY_CHANGE flg=0x4000010 (has extras) }: process is not permitted to autostart
W/BroadcastQueue( 1235): Unable to launch app com.cmbchina.ccd.pluto.cmbActivity/10109 for broadcast Intent { act=android.net.conn.CONNECTIVITY_CHANGE flg=0x4000010 (has extras) }: process is not permitted to autostart
W/BroadcastQueue( 1235): Unable to launch app com.tencent.qqgame/10097 for broadcast Intent { act=android.net.conn.CONNECTIVITY_CHANGE flg=0x4000010 (has extras) }: process is not permitted to autostart
W/BroadcastQueue( 1235): Unable to launch app com.xiaomi.payment/10059 for broadcast Intent { act=android.net.conn.CONNECTIVITY_CHANGE flg=0x4000010 (has extras) }: process is bad
W/BroadcastQueue( 1235): Unable to launch app com.Qunar/10086 for broadcast Intent { act=android.net.conn.CONNECTIVITY_CHANGE flg=0x4000010 (has extras) }: process is not permitted to autostart
W/BroadcastQueue( 1235): Unable to launch app com.yidian.xiaomi/10091 for broadcast Intent { act=android.net.conn.CONNECTIVITY_CHANGE flg=0x4000010 (has extras) }: process is not permitted to autostart
W/BroadcastQueue( 1235): Unable to launch app com.yidian.xiaomi/10091 for broadcast Intent { act=android.net.conn.CONNECTIVITY_CHANGE flg=0x4000010 (has extras) }: process is not permitted to autostart
W/BroadcastQueue( 1235): Unable to launch app com.xiaomi.shop/10083 for broadcast Intent { act=android.net.conn.CONNECTIVITY_CHANGE flg=0x4000010 (has extras) }: process is not permitted to autostart
W/ContextImpl( 2063): Calling a method in the system process without a qualified user: android.app.ContextImpl.startService:1511 android.content.ContextWrapper.startService:494 android.content.ContextWrapper.startService:494 com.android.settings.MiuiSettingsReceiver.g:312 com.android.settings.MiuiSettingsReceiver.onReceive:100 
W/ActivityManager( 1235): Unable to start service Intent { act=miui.intent.action.UPDATE_VIRUS_LIB } U=0: not found
W/ContextImpl( 2063): Calling a method in the system process without a qualified user: android.app.ContextImpl.startService:1511 android.content.ContextWrapper.startService:494 android.content.ContextWrapper.startService:494 com.android.settings.MiuiSettingsReceiver.onReceive:103 android.app.ActivityThread.handleReceiver:2413 
W/ContextImpl( 2063): Calling a method in the system process without a qualified user: android.app.ContextImpl.startService:1511 android.content.ContextWrapper.startService:494 com.android.settings.wifi.MiuiWifiService.oo:199 com.android.settings.wifi.MiuiWifiService.onStartCommand:121 android.app.ActivityThread.handleServiceArgs:2694 
W/ContextImpl( 2063): Calling a method in the system process without a qualified user: android.app.ContextImpl.bindService:1575 android.content.ContextWrapper.bindService:517 miui.analytics.Analytics.endSession:120 com.android.settings.analytics.AnalyticService.onHandleIntent:93 android.app.IntentService$ServiceHandler.handleMessage:65 
W/BroadcastQueue( 1235): Unable to launch app com.miui.weather2/10024 for broadcast Intent { act=android.net.conn.CONNECTIVITY_CHANGE flg=0x4000010 (has extras) }: process is bad
W/BroadcastQueue( 1235): Unable to launch app com.mipay.wallet/10051 for broadcast Intent { act=android.net.conn.CONNECTIVITY_CHANGE flg=0x4000010 (has extras) }: process is bad
W/BroadcastQueue( 1235): Unable to launch app com.android.updater/9802 for broadcast Intent { act=android.net.conn.CONNECTIVITY_CHANGE flg=0x4000010 (has extras) }: process is bad
W/BroadcastQueue( 1235): Unable to launch app com.UCMobile/10104 for broadcast Intent { act=android.net.conn.CONNECTIVITY_CHANGE flg=0x4000010 (has extras) }: process is not permitted to autostart
W/BroadcastQueue( 1235): Unable to launch app com.UCMobile/10104 for broadcast Intent { act=android.net.conn.CONNECTIVITY_CHANGE flg=0x4000010 (has extras) }: process is not permitted to autostart
W/BroadcastQueue( 1235): Unable to launch app com.UCMobile/10104 for broadcast Intent { act=android.net.conn.CONNECTIVITY_CHANGE flg=0x4000010 (has extras) }: process is not permitted to autostart
W/BroadcastQueue( 1235): Unable to launch app com.heha/10113 for broadcast Intent { act=android.net.conn.CONNECTIVITY_CHANGE flg=0x4000010 (has extras) }: process is not permitted to autostart
W/BroadcastQueue( 1235): Unable to launch app com.sankuai.meituan/10026 for broadcast Intent { act=android.net.conn.CONNECTIVITY_CHANGE flg=0x4000010 (has extras) }: process is not permitted to autostart
W/BroadcastQueue( 1235): Unable to launch app com.sankuai.meituan/10026 for broadcast Intent { act=android.net.conn.CONNECTIVITY_CHANGE flg=0x4000010 (has extras) }: process is not permitted to autostart
W/BroadcastQueue( 1235): Unable to launch app com.bf.sgs.hdexp/10101 for broadcast Intent { act=android.net.conn.CONNECTIVITY_CHANGE flg=0x4000010 (has extras) }: process is not permitted to autostart
W/BroadcastQueue( 1235): Unable to launch app com.bf.sgs.hdexp/10101 for broadcast Intent { act=android.net.conn.CONNECTIVITY_CHANGE flg=0x4000010 (has extras) }: process is not permitted to autostart
W/BroadcastQueue( 1235): Unable to launch app cn.jiadao.driver/10110 for broadcast Intent { act=android.net.conn.CONNECTIVITY_CHANGE flg=0x4000010 (has extras) }: process is not permitted to autostart
W/BroadcastQueue( 1235): Unable to launch app com.baidu.BaiduMap/10080 for broadcast Intent { act=android.net.conn.CONNECTIVITY_CHANGE flg=0x4000010 (has extras) }: process is not permitted to autostart
W/BroadcastQueue( 1235): Unable to launch app com.baidu.BaiduMap/10080 for broadcast Intent { act=android.net.conn.CONNECTIVITY_CHANGE flg=0x4000010 (has extras) }: process is not permitted to autostart
W/BroadcastQueue( 1235): Unable to launch app com.baidu.BaiduMap/10080 for broadcast Intent { act=android.net.conn.CONNECTIVITY_CHANGE flg=0x4000010 (has extras) }: process is not permitted to autostart
W/BroadcastQueue( 1235): Unable to launch app com.cmbchina.ccd.pluto.cmbActivity/10109 for broadcast Intent { act=android.net.conn.CONNECTIVITY_CHANGE flg=0x4000010 (has extras) }: process is not permitted to autostart
I/ActivityManager( 1235): Start proc com.qualcomm.services.location for broadcast com.qualcomm.msapm/.MSAPMReceiver: pid=8206 uid=1000 gids={41000, 3003, 1028, 1015, 3002, 3001, 3005, 1021, 3004, 1000, 3009, 1023, 1010, 1007, 3006, 3007, 2001, 1035}
W/BroadcastQueue( 1235): Unable to launch app com.tencent.qqgame/10097 for broadcast Intent { act=android.net.conn.CONNECTIVITY_CHANGE flg=0x4000010 (has extras) }: process is not permitted to autostart
W/BroadcastQueue( 1235): Unable to launch app com.xiaomi.payment/10059 for broadcast Intent { act=android.net.conn.CONNECTIVITY_CHANGE flg=0x4000010 (has extras) }: process is bad
W/BroadcastQueue( 1235): Unable to launch app com.Qunar/10086 for broadcast Intent { act=android.net.conn.CONNECTIVITY_CHANGE flg=0x4000010 (has extras) }: process is not permitted to autostart
W/BroadcastQueue( 1235): Unable to launch app com.yidian.xiaomi/10091 for broadcast Intent { act=android.net.conn.CONNECTIVITY_CHANGE flg=0x4000010 (has extras) }: process is not permitted to autostart
W/BroadcastQueue( 1235): Unable to launch app com.yidian.xiaomi/10091 for broadcast Intent { act=android.net.conn.CONNECTIVITY_CHANGE flg=0x4000010 (has extras) }: process is not permitted to autostart
W/BroadcastQueue( 1235): Unable to launch app com.xiaomi.shop/10083 for broadcast Intent { act=android.net.conn.CONNECTIVITY_CHANGE flg=0x4000010 (has extras) }: process is not permitted to autostart
I/ActivityManager( 1235): Start proc com.xiaomi.channel.openservice for service com.xiaomi.channel/.gameService.GameService: pid=8233 uid=10084 gids={50084, 3003, 1028, 1015, 1007, 3002}
W/ContextImpl( 2063): Calling a method in the system process without a qualified user: android.app.ContextImpl.startService:1511 android.content.ContextWrapper.startService:494 android.content.ContextWrapper.startService:494 com.android.settings.MiuiSettingsReceiver.g:312 com.android.settings.MiuiSettingsReceiver.onReceive:100 
W/ActivityManager( 1235): Unable to start service Intent { act=miui.intent.action.UPDATE_VIRUS_LIB } U=0: not found
W/ContextImpl( 2063): Calling a method in the system process without a qualified user: android.app.ContextImpl.startService:1511 android.content.ContextWrapper.startService:494 android.content.ContextWrapper.startService:494 com.android.settings.MiuiSettingsReceiver.onReceive:103 android.app.ActivityThread.handleReceiver:2413 
W/ContextImpl( 2063): Calling a method in the system process without a qualified user: android.app.ContextImpl.startService:1511 android.content.ContextWrapper.startService:494 com.android.settings.wifi.MiuiWifiService.oo:199 com.android.settings.wifi.MiuiWifiService.onStartCommand:121 android.app.ActivityThread.handleServiceArgs:2694 
W/ContextImpl( 2063): Calling a method in the system process without a qualified user: android.app.ContextImpl.bindService:1575 android.content.ContextWrapper.bindService:517 miui.analytics.Analytics.endSession:120 com.android.settings.analytics.AnalyticService.onHandleIntent:93 android.app.IntentService$ServiceHandler.handleMessage:65 
W/BroadcastQueue( 1235): Unable to launch app com.miui.weather2/10024 for broadcast Intent { act=android.net.conn.CONNECTIVITY_CHANGE flg=0x4000010 (has extras) }: process is bad
W/BroadcastQueue( 1235): Unable to launch app com.mipay.wallet/10051 for broadcast Intent { act=android.net.conn.CONNECTIVITY_CHANGE flg=0x4000010 (has extras) }: process is bad
W/BroadcastQueue( 1235): Unable to launch app com.android.updater/9802 for broadcast Intent { act=android.net.conn.CONNECTIVITY_CHANGE flg=0x4000010 (has extras) }: process is bad
W/BroadcastQueue( 1235): Unable to launch app com.UCMobile/10104 for broadcast Intent { act=android.net.conn.CONNECTIVITY_CHANGE flg=0x4000010 (has extras) }: process is not permitted to autostart
W/BroadcastQueue( 1235): Unable to launch app com.UCMobile/10104 for broadcast Intent { act=android.net.conn.CONNECTIVITY_CHANGE flg=0x4000010 (has extras) }: process is not permitted to autostart
W/BroadcastQueue( 1235): Unable to launch app com.UCMobile/10104 for broadcast Intent { act=android.net.conn.CONNECTIVITY_CHANGE flg=0x4000010 (has extras) }: process is not permitted to autostart
W/BroadcastQueue( 1235): Unable to launch app com.heha/10113 for broadcast Intent { act=android.net.conn.CONNECTIVITY_CHANGE flg=0x4000010 (has extras) }: process is not permitted to autostart
W/BroadcastQueue( 1235): Unable to launch app com.sankuai.meituan/10026 for broadcast Intent { act=android.net.conn.CONNECTIVITY_CHANGE flg=0x4000010 (has extras) }: process is not permitted to autostart
W/BroadcastQueue( 1235): Unable to launch app com.sankuai.meituan/10026 for broadcast Intent { act=android.net.conn.CONNECTIVITY_CHANGE flg=0x4000010 (has extras) }: process is not permitted to autostart
W/BroadcastQueue( 1235): Unable to launch app com.bf.sgs.hdexp/10101 for broadcast Intent { act=android.net.conn.CONNECTIVITY_CHANGE flg=0x4000010 (has extras) }: process is not permitted to autostart
W/BroadcastQueue( 1235): Unable to launch app com.bf.sgs.hdexp/10101 for broadcast Intent { act=android.net.conn.CONNECTIVITY_CHANGE flg=0x4000010 (has extras) }: process is not permitted to autostart
D/ConnectivityService( 1235): setProvNotificationVisible: E visible=false networkType=1 extraInfo=null url=null
W/BroadcastQueue( 1235): Unable to launch app cn.jiadao.driver/10110 for broadcast Intent { act=android.net.conn.CONNECTIVITY_CHANGE flg=0x4000010 (has extras) }: process is not permitted to autostart
W/BroadcastQueue( 1235): Unable to launch app com.baidu.BaiduMap/10080 for broadcast Intent { act=android.net.conn.CONNECTIVITY_CHANGE flg=0x4000010 (has extras) }: process is not permitted to autostart
W/BroadcastQueue( 1235): Unable to launch app com.baidu.BaiduMap/10080 for broadcast Intent { act=android.net.conn.CONNECTIVITY_CHANGE flg=0x4000010 (has extras) }: process is not permitted to autostart
W/BroadcastQueue( 1235): Unable to launch app com.baidu.BaiduMap/10080 for broadcast Intent { act=android.net.conn.CONNECTIVITY_CHANGE flg=0x4000010 (has extras) }: process is not permitted to autostart
W/BroadcastQueue( 1235): Unable to launch app com.cmbchina.ccd.pluto.cmbActivity/10109 for broadcast Intent { act=android.net.conn.CONNECTIVITY_CHANGE flg=0x4000010 (has extras) }: process is not permitted to autostart
I/ActivityManager( 1235): Start proc com.tencent.mm:tools for broadcast com.tencent.mm/.booter.MMReceivers$ToolsProcessReceiver: pid=8271 uid=10105 gids={50105, 3003, 1028, 1015, 3002, 3001}
D/ConnectivityService( 1235): captivePortalCheckCompleted: ni=NetworkInfo: type: WIFI[], state: CONNECTED/CONNECTED, reason: (unspecified), extra: "jiadao", roaming: false, failover: false, isAvailable: true, isConnectedToProvisioningNetwork: false captive=false
I/ActivityManager( 1235): Killing 8206:com.qualcomm.services.location/1000 (adj 15): empty #11
I/ActivityManager( 1235): Killing 8070:com.miui.fmradio/u0a95 (adj 15): empty #11
E/ActivityThread( 8271): Failed to find provider info for com.tencent.mm.coolassist.debugprovider
I/ActivityManager( 1235): Process com.tencent.mm:tools (pid 8271) has died.
D/ConnectivityService( 1235): [CheckMp] isMobileOk: HttpURLConnection Exceptionjava.net.SocketTimeoutException: failed to connect to /74.125.23.139 (port 443) after 5000ms
I/ActivityManager( 1235): Start proc com.mipay.wallet for broadcast com.mipay.wallet/com.mipay.push.MipayPushMessageReceiver: pid=8368 uid=10051 gids={50051, 3002, 3001, 3003, 1028, 1015}
D/StatusBar.NetworkController( 1520): onDataActivity received on subscription :0direction=4
D/ConnectivityService( 1235): requestRouteToHostAddress ok=true
D/ConnectivityService( 1235): [CheckMp] isMobileOk: wait to establish route to hostAddr=clients3.google.com/74.125.23.102
I/ActivityManager( 1235): Delay finish: com.android.mms/com.xiaomi.mms.mx.fw.HmsPushBroadcastReceiver
I/ActivityManager( 1235): Resuming delayed broadcast
I/ActivityManager( 1235): Delay finish: com.android.mms/com.xiaomi.mms.transaction.MxPushMessageReceiver
I/ActivityManager( 1235): Resuming delayed broadcast
I/ActivityManager( 1235): Killing 8149:com.miui.player/u0a16 (adj 15): empty #11
I/ActivityManager( 1235): Start proc com.qualcomm.services.location for broadcast com.qualcomm.msapm/.MSAPMReceiver: pid=8478 uid=1000 gids={41000, 3003, 1028, 1015, 3002, 3001, 3005, 1021, 3004, 1000, 3009, 1023, 1010, 1007, 3006, 3007, 2001, 1035}
I/ActivityManager( 1235): Killing 7852:com.xiaomi.gamecenter.sdk.service/u0a11 (adj 15): empty #11
I/ActivityManager( 1235): Start proc com.miui.fmradio for broadcast com.miui.fmradio/com.miui.radio.push.RadioMessageReceiver: pid=8491 uid=10095 gids={50095, 3003, 1028, 1015, 1023, 3002}
I/ActivityManager( 1235): Delay finish: com.xiaomi.gamecenter/.push.GameCenterPushMessageReceiver
I/ActivityManager( 1235): Resuming delayed broadcast
I/ActivityManager( 1235): Start proc com.miui.player for broadcast com.miui.player/.push.MiuiPushMessageReceiver: pid=8509 uid=10016 gids={50016, 3002, 1028, 1015, 1023, 3003}
I/ActivityManager( 1235): Killing 7880:com.xiaomi.jr/u0a103 (adj 15): empty #11
D/StatusBar.NetworkController( 1520): onSignalStrengthsChanged received on subscription :0signalStrength=SignalStrength: 99 0 -120 -160 -120 -1 -1 20 -96 -6 204 2147483647 2147483647 gsm|lte level=5
I/ActivityManager( 1235): Delay finish: com.xiaomi.channel/.tongUi.service.ContactChangeService$ContactChangeReceiver
I/ActivityManager( 1235): Resuming delayed broadcast
I/ActivityManager( 1235): Killing 7906:com.miui.backup/9800 (adj 15): empty #11
I/ActivityManager( 1235): Start proc com.xiaomi.jr for broadcast com.xiaomi.jr/.broadcast.PushMessageBroadcastReceiver: pid=8534 uid=10103 gids={50103, 3003, 1028, 1015, 3002}
I/ActivityManager( 1235): Delay finish: com.mipay.wallet/com.mipay.push.MipayPushMessageReceiver
I/ActivityManager( 1235): Resuming delayed broadcast
I/ActivityManager( 1235): Delay finish: com.mipay.wallet/com.mipay.push.MipayPushMessageReceiver
I/ActivityManager( 1235): Resuming delayed broadcast
I/ActivityManager( 1235): Delay finish: com.mipay.wallet/com.mipay.push.MipayPushMessageReceiver
I/ActivityManager( 1235): Resuming delayed broadcast
I/ActivityManager( 1235): Delay finish: com.miui.fmradio/com.miui.radio.push.RadioMessageReceiver
I/ActivityManager( 1235): Resuming delayed broadcast
I/ActivityManager( 1235): Delay finish: com.xiaomi.gamecenter/.push.GameCenterPushMessageReceiver
I/ActivityManager( 1235): Resuming delayed broadcast
I/ActivityManager( 1235): Delay finish: com.xiaomi.gamecenter/.push.GameCenterPushMessageReceiver
I/ActivityManager( 1235): Resuming delayed broadcast
I/ActivityManager( 1235): Delay finish: com.miui.fmradio/com.miui.radio.push.RadioMessageReceiver
I/ActivityManager( 1235): Resuming delayed broadcast
I/ActivityManager( 1235): Delay finish: com.xiaomi.gamecenter/.push.GameCenterPushMessageReceiver
I/ActivityManager( 1235): Resuming delayed broadcast
I/ActivityManager( 1235): Delay finish: com.xiaomi.gamecenter/.push.GameCenterPushMessageReceiver
I/ActivityManager( 1235): Resuming delayed broadcast
I/ActivityManager( 1235): Delay finish: com.miui.player/.push.MiuiPushMessageReceiver
I/ActivityManager( 1235): Resuming delayed broadcast
I/ActivityManager( 1235): Killing 8233:com.xiaomi.channel.openservice/u0a84 (adj 15): empty #11
I/ActivityManager( 1235): Delay finish: com.xiaomi.jr/.broadcast.PushMessageBroadcastReceiver
I/ActivityManager( 1235): Resuming delayed broadcast
I/ActivityManager( 1235): Delay finish: com.miui.player/.push.MiuiPushMessageReceiver
I/ActivityManager( 1235): Resuming delayed broadcast
I/ActivityManager( 1235): Delay finish: com.miui.player/.push.MiuiPushMessageReceiver
I/ActivityManager( 1235): Resuming delayed broadcast
D/ConnectivityService( 1235): [CheckMp] isMobileOk: newUrl=https://74.125.23.102/generate_204
D/StatusBar.NetworkController( 1520): onDataActivity received on subscription :0direction=0
I/ActivityManager( 1235): Waited long enough for: ServiceRecord{43e5f2f0 u0 com.miui.cloudservice/.finddevice.FindDeviceSettingService}
D/StatusBar.NetworkController( 1520): onSignalStrengthsChanged received on subscription :0signalStrength=SignalStrength: 99 0 -120 -160 -120 -1 -1 20 -96 -7 188 2147483647 2147483647 gsm|lte level=5
D/ConnectivityService( 1235): [CheckMp] isMobileOk: HttpURLConnection Exceptionjava.net.SocketTimeoutException: failed to connect to /74.125.23.102 (port 443) after 5000ms
D/StatusBar.NetworkController( 1520): onDataActivity received on subscription :0direction=4
D/ConnectivityService( 1235): [CheckMp] isMobileOk: spend too much time - giving up
D/ConnectivityService( 1235): [CheckMp] isMobileOk: X loops|timed out result=3
D/ConnectivityService( 1235): [CheckMp] isMobileOk: F stop hipri
D/MobileDataStateTracker( 1235): default: setEnableFailFastMobileData(enabled=0)
D/ConnectivityService( 1235): stopUsingNetworkFeature: teardown net 0: enableHIPRI
D/StatusBar.NetworkController( 1520): onDataConnectionStateChanged received on subscription :0state=0 type=13
D/MobileDataStateTracker( 1235): hipri: Broadcast received: android.intent.action.ANY_DATA_STATE apnType=hipri
D/StatusBar.NetworkController( 1520): updateNetworkName voiceNetType=13 chosenNetType=13
D/MobileDataStateTracker( 1235): hipri: Received state=DISCONNECTED, old=CONNECTED, reason=dataDisabled
D/MobileDataStateTracker( 1235): hipri: setDetailed state, old =CONNECTED and new state=DISCONNECTED
D/ConnectivityService( 1235): ConnectivityChange for mobile_hipri: DISCONNECTED/DISCONNECTED
W/FrameworkListener(  243): Handler 'interface' error (No such device)
W/FrameworkListener(  243): Handler 'interface' error (No such device)
D/ConnectivityService( 1235): resetConnections(rmnet0, 3)
D/Nat464Xlat( 1235): requiresClat: netType=5, hasIPv4Address=true
D/MobileDataStateTracker( 1235): default: setPolicyDataEnable(enabled=true)
W/ContextImpl( 2369): Calling a method in the system process without a qualified user: android.app.ContextImpl.sendBroadcast:1155 android.content.ContextWrapper.sendBroadcast:365 com.miui.networkassistant.service.tm.TrafficManageService.broadCastDataUsageUpdated:602 com.miui.networkassistant.service.tm.TrafficManageService$6.onReceive:792 android.app.LoadedApk$ReceiverDispatcher$Args.run:761 
D/MobileDataStateTracker( 1235): default: setPolicyDataEnable(enabled=true)
W/ContextImpl( 2369): Calling a method in the system process without a qualified user: android.app.ContextImpl.sendBroadcast:1155 android.content.ContextWrapper.sendBroadcast:365 com.miui.networkassistant.service.tm.TrafficManageService.broadCastDataUsageUpdated:602 com.miui.networkassistant.service.tm.TrafficManageService$6.onReceive:792 android.app.LoadedApk$ReceiverDispatcher$Args.run:761 
D/MobileDataStateTracker( 1235): default: setPolicyDataEnable(enabled=true)
D/MobileDataStateTracker( 1235): default: setPolicyDataEnable(enabled=true)
D/ConnectivityService( 1235): [CheckMp] isMobileOk: X result=3
D/ConnectivityService( 1235): [CheckMp] onPostExecute: result=3
D/ConnectivityService( 1235): CheckMp.onComplete: result=3
D/ConnectivityService( 1235): CheckMp.onComplete: ignore, connected or no connection
W/BroadcastQueue( 1235): Unable to launch app com.tencent.qqgame/10097 for broadcast Intent { act=android.net.conn.CONNECTIVITY_CHANGE flg=0x4000010 (has extras) }: process is not permitted to autostart
W/BroadcastQueue( 1235): Unable to launch app com.xiaomi.payment/10059 for broadcast Intent { act=android.net.conn.CONNECTIVITY_CHANGE flg=0x4000010 (has extras) }: process is bad
W/BroadcastQueue( 1235): Unable to launch app com.xiaomi.gamecenter.sdk.service/10011 for broadcast Intent { act=android.net.conn.CONNECTIVITY_CHANGE flg=0x4000010 (has extras) }: process is bad
W/BroadcastQueue( 1235): Unable to launch app com.Qunar/10086 for broadcast Intent { act=android.net.conn.CONNECTIVITY_CHANGE flg=0x4000010 (has extras) }: process is not permitted to autostart
W/BroadcastQueue( 1235): Unable to launch app com.yidian.xiaomi/10091 for broadcast Intent { act=android.net.conn.CONNECTIVITY_CHANGE flg=0x4000010 (has extras) }: process is not permitted to autostart
W/BroadcastQueue( 1235): Unable to launch app com.yidian.xiaomi/10091 for broadcast Intent { act=android.net.conn.CONNECTIVITY_CHANGE flg=0x4000010 (has extras) }: process is not permitted to autostart
W/BroadcastQueue( 1235): Unable to launch app com.xiaomi.shop/10083 for broadcast Intent { act=android.net.conn.CONNECTIVITY_CHANGE flg=0x4000010 (has extras) }: process is not permitted to autostart
W/BroadcastQueue( 1235): Unable to launch app com.miui.backup/9800 for broadcast Intent { act=android.net.conn.CONNECTIVITY_CHANGE flg=0x4000010 (has extras) }: process is bad
W/ContextImpl( 2063): Calling a method in the system process without a qualified user: android.app.ContextImpl.startService:1511 android.content.ContextWrapper.startService:494 android.content.ContextWrapper.startService:494 com.android.settings.MiuiSettingsReceiver.g:312 com.android.settings.MiuiSettingsReceiver.onReceive:100 
W/ActivityManager( 1235): Unable to start service Intent { act=miui.intent.action.UPDATE_VIRUS_LIB } U=0: not found
W/ContextImpl( 2063): Calling a method in the system process without a qualified user: android.app.ContextImpl.startService:1511 android.content.ContextWrapper.startService:494 android.content.ContextWrapper.startService:494 com.android.settings.MiuiSettingsReceiver.onReceive:103 android.app.ActivityThread.handleReceiver:2413 
W/ContextImpl( 2063): Calling a method in the system process without a qualified user: android.app.ContextImpl.startService:1511 android.content.ContextWrapper.startService:494 com.android.settings.wifi.MiuiWifiService.oo:199 com.android.settings.wifi.MiuiWifiService.onStartCommand:121 android.app.ActivityThread.handleServiceArgs:2694 
W/ContextImpl( 2063): Calling a method in the system process without a qualified user: android.app.ContextImpl.bindService:1575 android.content.ContextWrapper.bindService:517 miui.analytics.Analytics.endSession:120 com.android.settings.analytics.AnalyticService.onHandleIntent:93 android.app.IntentService$ServiceHandler.handleMessage:65 
W/BroadcastQueue( 1235): Unable to launch app com.miui.weather2/10024 for broadcast Intent { act=android.net.conn.CONNECTIVITY_CHANGE flg=0x4000010 (has extras) }: process is bad
W/BroadcastQueue( 1235): Unable to launch app com.android.updater/9802 for broadcast Intent { act=android.net.conn.CONNECTIVITY_CHANGE flg=0x4000010 (has extras) }: process is bad
W/BroadcastQueue( 1235): Unable to launch app com.UCMobile/10104 for broadcast Intent { act=android.net.conn.CONNECTIVITY_CHANGE flg=0x4000010 (has extras) }: process is not permitted to autostart
W/BroadcastQueue( 1235): Unable to launch app com.UCMobile/10104 for broadcast Intent { act=android.net.conn.CONNECTIVITY_CHANGE flg=0x4000010 (has extras) }: process is not permitted to autostart
W/BroadcastQueue( 1235): Unable to launch app com.UCMobile/10104 for broadcast Intent { act=android.net.conn.CONNECTIVITY_CHANGE flg=0x4000010 (has extras) }: process is not permitted to autostart
W/BroadcastQueue( 1235): Unable to launch app com.heha/10113 for broadcast Intent { act=android.net.conn.CONNECTIVITY_CHANGE flg=0x4000010 (has extras) }: process is not permitted to autostart
W/BroadcastQueue( 1235): Unable to launch app com.sankuai.meituan/10026 for broadcast Intent { act=android.net.conn.CONNECTIVITY_CHANGE flg=0x4000010 (has extras) }: process is not permitted to autostart
W/BroadcastQueue( 1235): Unable to launch app com.sankuai.meituan/10026 for broadcast Intent { act=android.net.conn.CONNECTIVITY_CHANGE flg=0x4000010 (has extras) }: process is not permitted to autostart
W/BroadcastQueue( 1235): Unable to launch app com.bf.sgs.hdexp/10101 for broadcast Intent { act=android.net.conn.CONNECTIVITY_CHANGE flg=0x4000010 (has extras) }: process is not permitted to autostart
W/BroadcastQueue( 1235): Unable to launch app com.bf.sgs.hdexp/10101 for broadcast Intent { act=android.net.conn.CONNECTIVITY_CHANGE flg=0x4000010 (has extras) }: process is not permitted to autostart
W/BroadcastQueue( 1235): Unable to launch app cn.jiadao.driver/10110 for broadcast Intent { act=android.net.conn.CONNECTIVITY_CHANGE flg=0x4000010 (has extras) }: process is not permitted to autostart
W/BroadcastQueue( 1235): Unable to launch app com.baidu.BaiduMap/10080 for broadcast Intent { act=android.net.conn.CONNECTIVITY_CHANGE flg=0x4000010 (has extras) }: process is not permitted to autostart
W/BroadcastQueue( 1235): Unable to launch app com.baidu.BaiduMap/10080 for broadcast Intent { act=android.net.conn.CONNECTIVITY_CHANGE flg=0x4000010 (has extras) }: process is not permitted to autostart
W/BroadcastQueue( 1235): Unable to launch app com.baidu.BaiduMap/10080 for broadcast Intent { act=android.net.conn.CONNECTIVITY_CHANGE flg=0x4000010 (has extras) }: process is not permitted to autostart
W/BroadcastQueue( 1235): Unable to launch app com.cmbchina.ccd.pluto.cmbActivity/10109 for broadcast Intent { act=android.net.conn.CONNECTIVITY_CHANGE flg=0x4000010 (has extras) }: process is not permitted to autostart
W/BroadcastQueue( 1235): Unable to launch app com.tencent.qqgame/10097 for broadcast Intent { act=android.net.conn.CONNECTIVITY_CHANGE flg=0x4000010 (has extras) }: process is not permitted to autostart
W/BroadcastQueue( 1235): Unable to launch app com.xiaomi.payment/10059 for broadcast Intent { act=android.net.conn.CONNECTIVITY_CHANGE flg=0x4000010 (has extras) }: process is bad
W/BroadcastQueue( 1235): Unable to launch app com.xiaomi.gamecenter.sdk.service/10011 for broadcast Intent { act=android.net.conn.CONNECTIVITY_CHANGE flg=0x4000010 (has extras) }: process is bad
W/BroadcastQueue( 1235): Unable to launch app com.Qunar/10086 for broadcast Intent { act=android.net.conn.CONNECTIVITY_CHANGE flg=0x4000010 (has extras) }: process is not permitted to autostart
W/BroadcastQueue( 1235): Unable to launch app com.yidian.xiaomi/10091 for broadcast Intent { act=android.net.conn.CONNECTIVITY_CHANGE flg=0x4000010 (has extras) }: process is not permitted to autostart
W/BroadcastQueue( 1235): Unable to launch app com.yidian.xiaomi/10091 for broadcast Intent { act=android.net.conn.CONNECTIVITY_CHANGE flg=0x4000010 (has extras) }: process is not permitted to autostart
W/BroadcastQueue( 1235): Unable to launch app com.xiaomi.shop/10083 for broadcast Intent { act=android.net.conn.CONNECTIVITY_CHANGE flg=0x4000010 (has extras) }: process is not permitted to autostart
W/BroadcastQueue( 1235): Unable to launch app com.miui.backup/9800 for broadcast Intent { act=android.net.conn.CONNECTIVITY_CHANGE flg=0x4000010 (has extras) }: process is bad
W/ContextImpl( 2063): Calling a method in the system process without a qualified user: android.app.ContextImpl.startService:1511 android.content.ContextWrapper.startService:494 android.content.ContextWrapper.startService:494 com.android.settings.MiuiSettingsReceiver.g:312 com.android.settings.MiuiSettingsReceiver.onReceive:100 
W/ActivityManager( 1235): Unable to start service Intent { act=miui.intent.action.UPDATE_VIRUS_LIB } U=0: not found
W/ContextImpl( 2063): Calling a method in the system process without a qualified user: android.app.ContextImpl.startService:1511 android.content.ContextWrapper.startService:494 android.content.ContextWrapper.startService:494 com.android.settings.MiuiSettingsReceiver.onReceive:103 android.app.ActivityThread.handleReceiver:2413 
W/ContextImpl( 2063): Calling a method in the system process without a qualified user: android.app.ContextImpl.startService:1511 android.content.ContextWrapper.startService:494 com.android.settings.wifi.MiuiWifiService.oo:199 com.android.settings.wifi.MiuiWifiService.onStartCommand:121 android.app.ActivityThread.handleServiceArgs:2694 
W/ContextImpl( 2063): Calling a method in the system process without a qualified user: android.app.ContextImpl.bindService:1575 android.content.ContextWrapper.bindService:517 miui.analytics.Analytics.endSession:120 com.android.settings.analytics.AnalyticService.onHandleIntent:93 android.app.IntentService$ServiceHandler.handleMessage:65 
W/BroadcastQueue( 1235): Unable to launch app com.miui.weather2/10024 for broadcast Intent { act=android.net.conn.CONNECTIVITY_CHANGE flg=0x4000010 (has extras) }: process is bad
W/BroadcastQueue( 1235): Unable to launch app com.android.updater/9802 for broadcast Intent { act=android.net.conn.CONNECTIVITY_CHANGE flg=0x4000010 (has extras) }: process is bad
W/BroadcastQueue( 1235): Unable to launch app com.UCMobile/10104 for broadcast Intent { act=android.net.conn.CONNECTIVITY_CHANGE flg=0x4000010 (has extras) }: process is not permitted to autostart
W/BroadcastQueue( 1235): Unable to launch app com.UCMobile/10104 for broadcast Intent { act=android.net.conn.CONNECTIVITY_CHANGE flg=0x4000010 (has extras) }: process is not permitted to autostart
W/BroadcastQueue( 1235): Unable to launch app com.UCMobile/10104 for broadcast Intent { act=android.net.conn.CONNECTIVITY_CHANGE flg=0x4000010 (has extras) }: process is not permitted to autostart
W/BroadcastQueue( 1235): Unable to launch app com.heha/10113 for broadcast Intent { act=android.net.conn.CONNECTIVITY_CHANGE flg=0x4000010 (has extras) }: process is not permitted to autostart
W/BroadcastQueue( 1235): Unable to launch app com.sankuai.meituan/10026 for broadcast Intent { act=android.net.conn.CONNECTIVITY_CHANGE flg=0x4000010 (has extras) }: process is not permitted to autostart
W/BroadcastQueue( 1235): Unable to launch app com.sankuai.meituan/10026 for broadcast Intent { act=android.net.conn.CONNECTIVITY_CHANGE flg=0x4000010 (has extras) }: process is not permitted to autostart
W/BroadcastQueue( 1235): Unable to launch app com.bf.sgs.hdexp/10101 for broadcast Intent { act=android.net.conn.CONNECTIVITY_CHANGE flg=0x4000010 (has extras) }: process is not permitted to autostart
W/BroadcastQueue( 1235): Unable to launch app com.bf.sgs.hdexp/10101 for broadcast Intent { act=android.net.conn.CONNECTIVITY_CHANGE flg=0x4000010 (has extras) }: process is not permitted to autostart
W/BroadcastQueue( 1235): Unable to launch app cn.jiadao.driver/10110 for broadcast Intent { act=android.net.conn.CONNECTIVITY_CHANGE flg=0x4000010 (has extras) }: process is not permitted to autostart
W/BroadcastQueue( 1235): Unable to launch app com.baidu.BaiduMap/10080 for broadcast Intent { act=android.net.conn.CONNECTIVITY_CHANGE flg=0x4000010 (has extras) }: process is not permitted to autostart
W/BroadcastQueue( 1235): Unable to launch app com.baidu.BaiduMap/10080 for broadcast Intent { act=android.net.conn.CONNECTIVITY_CHANGE flg=0x4000010 (has extras) }: process is not permitted to autostart
W/BroadcastQueue( 1235): Unable to launch app com.baidu.BaiduMap/10080 for broadcast Intent { act=android.net.conn.CONNECTIVITY_CHANGE flg=0x4000010 (has extras) }: process is not permitted to autostart
W/BroadcastQueue( 1235): Unable to launch app com.cmbchina.ccd.pluto.cmbActivity/10109 for broadcast Intent { act=android.net.conn.CONNECTIVITY_CHANGE flg=0x4000010 (has extras) }: process is not permitted to autostart
W/ContextImpl( 2369): Calling a method in the system process without a qualified user: android.app.ContextImpl.sendBroadcast:1155 android.content.ContextWrapper.sendBroadcast:365 com.miui.networkassistant.service.tm.TrafficManageService.broadCastDataUsageUpdated:602 com.miui.networkassistant.service.tm.TrafficManageService$6.onReceive:792 android.app.LoadedApk$ReceiverDispatcher$Args.run:761 
D/MobileDataStateTracker( 1235): default: setPolicyDataEnable(enabled=true)
D/StatusBar.NetworkController( 1520): onSignalStrengthsChanged received on subscription :0signalStrength=SignalStrength: 99 0 -120 -160 -120 -1 -1 21 -97 -6 252 2147483647 2147483647 gsm|lte level=5
D/ConnectivityService( 1235): Sampling interval elapsed, updating statistics ..
D/ConnectivityService( 1235): Done.
D/ConnectivityService( 1235): Setting timer for 720seconds
W/ContextImpl( 1235): Calling a method in the system process without a qualified user: android.app.ContextImpl.sendBroadcast:1155 com.android.internal.policy.impl.BaseMiuiPhoneWindowManager.interceptKeyBeforeQueueingInternal:685 com.android.internal.policy.impl.MiuiPhoneWindowManager.interceptKeyBeforeQueueing:43 com.android.server.wm.InputMonitor.interceptKeyBeforeQueueing:381 com.android.server.input.InputManagerService.interceptKeyBeforeQueueing:1394 
I/PowerManagerService( 1235): Waking up from sleep...
W/ContextImpl( 1235): Calling a method in the system process without a qualified user: android.app.ContextImpl.sendBroadcast:1155 com.android.internal.policy.impl.BaseMiuiPhoneWindowManager.interceptKeyBeforeQueueingInternal:717 com.android.internal.policy.impl.MiuiPhoneWindowManager.interceptKeyBeforeQueueing:43 com.android.server.wm.InputMonitor.interceptKeyBeforeQueueing:381 com.android.server.input.InputManagerService.interceptKeyBeforeQueueing:1394 
D/DisplayPowerController( 1235): Blocked screen on. RealTime:88832299
I/WindowManager( 1235): Lock screen displayed!
D/DisplayPowerController( 1235): Unblocked screen on after 21 ms
D/DisplayPowerController( 1235): PROPERTY_SCREEN_COLOR set, currValue:2, default:2
D/DisplayPowerController( 1235): PROPERTY_SCREEN_SATURATION set, currValue:10
D/DisplayPowerController( 1235): PROPERTY_SCREEN_CABC set, currValue:1
D/DisplayPowerState( 1235): Screen ready, Screen On:true, Brightness:61ElectronBeamLevel:1.0
D/StatusBar.NetworkController( 1520): updateNetworkName voiceNetType=13 chosenNetType=13
D/StatusBar.NetworkController( 1520): onSignalStrengthsChanged received on subscription :0signalStrength=SignalStrength: 99 0 -120 -160 -120 -1 -1 20 -97 -7 242 2147483647 2147483647 gsm|lte level=5
D/StatusBar.NetworkController( 1520): onSignalStrengthsChanged received on subscription :0signalStrength=SignalStrength: 99 0 -120 -160 -120 -1 -1 20 -98 -7 242 2147483647 2147483647 gsm|lte level=4
F/ProcessStats( 1235): Starting service ServiceState{42fbae88 cooperation.qzone.QzonePluginProxyService pkg=com.tencent.mobileqq proc=42fbae88} without owner
W/ContextImpl( 1520): Calling a method in the system process without a qualified user: android.app.ContextImpl.sendBroadcast:1155 android.content.ContextWrapper.sendBroadcast:365 com.android.keyguard.MiuiKeyguardViewMediator.handleKeyguardDone:1347 com.android.keyguard.MiuiKeyguardViewMediator.access$2600:140 com.android.keyguard.MiuiKeyguardViewMediator$9.handleMessage:1313 
W/ContextImpl( 1520): Calling a method in the system process without a qualified user: android.app.ContextImpl.sendBroadcast:1155 android.content.ContextWrapper.sendBroadcast:365 com.android.keyguard.MiuiKeyguardViewMediator.handleKeyguardDone:1351 com.android.keyguard.MiuiKeyguardViewMediator.access$2600:140 com.android.keyguard.MiuiKeyguardViewMediator$9.handleMessage:1313 
D/StatusBar.NetworkController( 1520): onSignalStrengthsChanged received on subscription :0signalStrength=SignalStrength: 99 0 -120 -160 -120 -1 -1 20 -98 -8 24 2147483647 2147483647 gsm|lte level=4
W/BroadcastQueue( 1235): Unable to launch app com.tencent.qqgame/10097 for broadcast Intent { act=android.intent.action.USER_PRESENT flg=0x24000010 }: process is not permitted to autostart
W/InputMethodManagerService( 1235): Window already focused, ignoring focus gain of: com.android.internal.view.IInputMethodClient$Stub$Proxy@42dc7688 attribute=android.view.inputmethod.EditorInfo@43f070e8, token = android.os.BinderProxy@42d1ad60
W/BroadcastQueue( 1235): Unable to launch app com.android.calendar/10004 for broadcast Intent { act=android.intent.action.USER_PRESENT flg=0x24000010 }: process is bad
W/BroadcastQueue( 1235): Unable to launch app cn.jiadao.driver/10110 for broadcast Intent { act=android.intent.action.USER_PRESENT flg=0x24000010 }: process is not permitted to autostart
W/BroadcastQueue( 1235): Unable to launch app com.cmbchina.ccd.pluto.cmbActivity/10109 for broadcast Intent { act=android.intent.action.USER_PRESENT flg=0x24000010 }: process is not permitted to autostart
D/PhoneStatusBar( 1520): disable: 0x03880010 -> 0x00800000 (diff: 0x03080010)
D/PhoneStatusBar( 1520): disable: < expand icons alerts ticker* system_info back home recent* CLOCK full hide >
I/ActivityManager( 1235): START u0 {act=android.intent.action.MAIN cat=[android.intent.category.LAUNCHER] flg=0x10200000 cmp=com.tencent.mobileqq/.activity.SplashActivity bnds=[825,1272][1017,1464]} from pid 1837
D/PhoneStatusBar( 1520): disable: 0x00800000 -> 0x00000000 (diff: 0x00800000)
D/PhoneStatusBar( 1520): disable: < expand icons alerts ticker system_info back home recent clock* full hide >
W/ProcessCpuTracker( 1235): Skipping unknown process pid 9260
W/ProcessCpuTracker( 1235): Skipping unknown process pid 9263
W/ProcessCpuTracker( 1235): Skipping unknown process pid 9289
W/ProcessCpuTracker( 1235): Skipping unknown process pid 9290
W/ProcessCpuTracker( 1235): Skipping unknown process pid 9293
W/ProcessCpuTracker( 1235): Skipping unknown process pid 9295
W/ProcessCpuTracker( 1235): Skipping unknown process pid 9296
D/StatusBar.NetworkController( 1520): onSignalStrengthsChanged received on subscription :0signalStrength=SignalStrength: 99 0 -120 -160 -120 -1 -1 20 -98 -7 146 2147483647 2147483647 gsm|lte level=4
D/StatusBar.NetworkController( 1520): updateNetworkName voiceNetType=13 chosenNetType=13
I/ActivityManager( 1235): START u0 {flg=0x4040000 cmp=com.tencent.mobileqq/.activity.SplashActivity (has extras)} from pid 8221
V/ActivityManager( 1235): startActivityUncheckedLocked: task left null
V/ActivityManager( 1235): java.lang.RuntimeException: here
V/ActivityManager( 1235): 	at com.android.server.am.ActivityStackSupervisor.startActivityUncheckedLocked(ActivityStackSupervisor.java:1689)
V/ActivityManager( 1235): 	at com.android.server.am.ActivityStackSupervisor.startActivityLocked(ActivityStackSupervisor.java:1292)
V/ActivityManager( 1235): 	at com.android.server.am.ActivityStackSupervisor.startActivityMayWait(ActivityStackSupervisor.java:771)
V/ActivityManager( 1235): 	at com.android.server.am.ActivityManagerService.startActivityAsUser(ActivityManagerService.java:3138)
V/ActivityManager( 1235): 	at com.android.server.am.ActivityManagerService.startActivity(ActivityManagerService.java:3124)
V/ActivityManager( 1235): 	at android.app.ActivityManagerNative.onTransact(ActivityManagerNative.java:136)
V/ActivityManager( 1235): 	at com.android.server.am.ActivityManagerService.onTransact(ActivityManagerService.java:2084)
V/ActivityManager( 1235): 	at android.os.Binder.execTransact(Binder.java:404)
V/ActivityManager( 1235): 	at dalvik.system.NativeStart.run(Native Method)
I/ActivityManager( 1235): Start proc com.tencent.mobileqq:peak for service com.tencent.mobileqq/.activity.photo.PeakService: pid=9307 uid=10085 gids={50085, 3003, 3002, 3001, 1028, 1015}
D/PhoneStatusBar( 1520): addNotification pkg=android;basepkg=android;id=17040514
W/ActivityManager( 1235): Permission Denial: getTasks() from pid=1728, uid=10010 requires android.permission.GET_TASKS
I/ActivityManager( 1235): Killing 8491:com.miui.fmradio/u0a95 (adj 15): empty #11
W/ActivityManager( 1235): Permission Denial: getTasks() from pid=1728, uid=10010 requires android.permission.GET_TASKS
W/ActivityManager( 1235): Permission Denial: getTasks() from pid=1728, uid=10010 requires android.permission.GET_TASKS
W/ActivityManager( 1235): Permission Denial: getTasks() from pid=1728, uid=10010 requires android.permission.GET_TASKS
W/ActivityManager( 1235): Permission Denial: getTasks() from pid=1728, uid=10010 requires android.permission.GET_TASKS
W/ActivityManager( 1235): Permission Denial: getTasks() from pid=1728, uid=10010 requires android.permission.GET_TASKS
