I/RenderThread( 1837): RenderThread paused, waiting for signal
I/libmc   ( 1804): task pid 2661 have been add to group sys_app_fg.
I/libmc   ( 1804): task pid 3025 have been add to group sys_app_fg.
I/libmc   ( 1804): [sys_app_fg]cgroup_add_tasks max single write time: 0ms
I/libmc   ( 1804): [sys_app_fg]cgroup_add_tasks total time consume: 1ms
E/QCALOG  (  313): [MessageQ] ProcessNewMessage: [XTWWAN-PE] unknown deliver target [OS-Agent]
E/QCALOG  (  313): [MessageQ] ProcessNewMessage: [XT-CS] unknown deliver target [OS-Agent]
E/QCALOG  (  313): [MessageQ] ProcessNewMessage: [XTWiFi-PE] unknown deliver target [OS-Agent]
I/Timeline( 1235): Timeline: Activity_windows_visible id: ActivityRecord{43a30370 u0 com.tencent.mm/.ui.LauncherUI t3} time:13117315
I/Timeline( 2661): Timeline: Activity_idle id: android.os.BinderProxy@42ab30d0 time:13117318
D/PhoneStatusBar( 1520): disable: 0x00800000 -> 0x00000000 (diff: 0x00800000)
D/PhoneStatusBar( 1520): disable: < expand icons alerts ticker system_info back home recent clock* full hide >
D/wpa_supplicant(27201): RX ctrl_iface - hexdump(len=11): 53 49 47 4e 41 4c 5f 50 4f 4c 4c
D/wpa_supplicant(27201): wlan0: Control interface command 'SIGNAL_POLL'
I/ThermalEngine(  389): Sensor:batt_temp:270 mC
W/Quiet   ( 3025): POWER_MANAGER pkg:com.tencent.mm
W/Quiet   ( 3025): POWER_MANAGER pkg:com.tencent.mm
D/wpa_supplicant(27201): nl80211: survey data missing!
D/wpa_supplicant(27201): RTM_NEWLINK: operstate=1 ifi_flags=0x11043 ([UP][RUNNING][LOWER_UP])
D/wpa_supplicant(27201): RTM_NEWLINK, IFLA_IFNAME: Interface 'wlan0' added
D/wpa_supplicant(27201): nl80211: if_removed already cleared - ignore event
D/wpa_supplicant(27201): nl80211: Drv Event 34 (NL80211_CMD_NEW_SCAN_RESULTS) received for wlan0
D/wpa_supplicant(27201): wlan0: nl80211: New scan results available
D/wpa_supplicant(27201): wlan0: Event SCAN_RESULTS (3) received
D/wpa_supplicant(27201): nl80211: Associated on 2472 MHz
D/wpa_supplicant(27201): nl80211: Associated with 88:25:93:47:07:eb
D/wpa_supplicant(27201): nl80211: Remove duplicated scan result for c4:8e:8f:c8:69:7b
D/wpa_supplicant(27201): nl80211: Received scan results (29 BSSes)
D/wpa_supplicant(27201): nl80211: Survey data missing
D/wpa_supplicant(27201): nl80211: Scan results indicate BSS status with 88:25:93:47:07:eb as associated
D/wpa_supplicant(27201): 88:25:93:47:07:eb freq=2472 qual=0 noise=0 level=-47 flags=0x2b age=0
D/wpa_supplicant(27201): 0a:25:93:4a:23:7e freq=2427 qual=0 noise=0 level=-50 flags=0xb age=0
D/wpa_supplicant(27201): 8a:25:93:4f:36:2e freq=2447 qual=0 noise=0 level=-50 flags=0xb age=0
D/wpa_supplicant(27201): 82:89:17:9f:0c:3f freq=2412 qual=0 noise=0 level=-51 flags=0xb age=0
D/wpa_supplicant(27201): 88:25:93:4f:36:2e freq=2447 qual=0 noise=0 level=-51 flags=0xb age=0
D/wpa_supplicant(27201): 88:25:93:4a:23:7e freq=2427 qual=0 noise=0 level=-52 flags=0xb age=0
D/wpa_supplicant(27201): 20:0c:c8:10:81:62 freq=2442 qual=0 noise=0 level=-52 flags=0xb age=0
D/wpa_supplicant(27201): 8a:25:93:4f:35:48 freq=2437 qual=0 noise=0 level=-53 flags=0xb age=0
D/wpa_supplicant(27201): b4:75:0e:4b:52:d4 freq=2452 qual=0 noise=0 level=-54 flags=0xb age=0
D/wpa_supplicant(27201): 8a:25:93:4f:35:ff freq=2437 qual=0 noise=0 level=-55 flags=0xb age=0
D/wpa_supplicant(27201): 88:25:93:4f:35:48 freq=2437 qual=0 noise=0 level=-55 flags=0xb age=0
D/wpa_supplicant(27201): 88:25:93:4f:35:ff freq=2437 qual=0 noise=0 level=-59 flags=0xb age=0
D/wpa_supplicant(27201): 24:05:0f:2e:99:d5 freq=2462 qual=0 noise=0 level=-61 flags=0xb age=0
D/wpa_supplicant(27201): c4:8e:8f:c8:69:7b freq=2427 qual=0 noise=0 level=-61 flags=0xb age=0
D/wpa_supplicant(27201): 64:09:80:16:98:7f freq=2422 qual=0 noise=0 level=-63 flags=0xb age=0
D/wpa_supplicant(27201): d8:67:d9:d1:f2:78 freq=2412 qual=0 noise=0 level=-64 flags=0xb age=0
D/wpa_supplicant(27201): 88:25:93:4a:23:7f freq=5785 qual=0 noise=0 level=-71 flags=0xb age=0
D/wpa_supplicant(27201): b6:75:0e:4b:52:d6 freq=2452 qual=0 noise=0 level=-68 flags=0xb age=0
D/wpa_supplicant(27201): d8:15:0d:fe:5c:f3 freq=2437 qual=0 noise=0 level=-68 flags=0xb age=0
D/wpa_supplicant(27201): 28:2c:b2:b2:5b:64 freq=2412 qual=0 noise=0 level=-69 flags=0xb age=0
D/wpa_supplicant(27201): 38:b1:db:4f:8f:6b freq=2412 qual=0 noise=0 level=-70 flags=0xb age=0
D/wpa_supplicant(27201): 78:a1:06:30:7a:c8 freq=2412 qual=0 noise=0 level=-70 flags=0xb age=0
D/wpa_supplicant(27201): b4:75:0e:4b:52:d5 freq=5180 qual=0 noise=0 level=-75 flags=0xb age=0
D/wpa_supplicant(27201): 64:09:80:16:98:80 freq=5745 qual=0 noise=0 level=-75 flags=0xb age=0
D/wpa_supplicant(27201): 80:89:17:55:bb:46 freq=2422 qual=0 noise=0 level=-73 flags=0xb age=0
D/wpa_supplicant(27201): 3c:46:d8:08:d2:50 freq=2422 qual=0 noise=0 level=-73 flags=0xb age=0
D/wpa_supplicant(27201): d8:67:d9:d1:f2:79 freq=2412 qual=0 noise=0 level=-76 flags=0xb age=0
D/wpa_supplicant(27201): 5a:e3:47:a5:11:a5 freq=2462 qual=0 noise=0 level=-80 flags=0xb age=0
D/wpa_supplicant(27201): 14:cf:92:cb:8d:1a freq=2412 qual=0 noise=0 level=-82 flags=0xb age=0
D/wpa_supplicant(27201): wlan0: BSS: Start scan result update 74
D/wpa_supplicant(27201): wlan0: BSS: Add new id 476 BSSID 82:89:17:9f:0c:3f SSID ''
D/wpa_supplicant(27201): CTRL_IFACE monitor send - hexdump(len=41): 2f 64 61 74 61 2f 6d 69 73 63 2f 77 69 66 69 2f 73 6f 63 6b 65 74 73 2f 77 70 61 5f 63 74 72 6c ...
D/wpa_supplicant(27201): wlan0: BSS: Add new id 477 BSSID 38:b1:db:4f:8f:6b SSID 'HP-Print-6b-LaserJet Pro MFP'
D/wpa_supplicant(27201): CTRL_IFACE monitor send - hexdump(len=41): 2f 64 61 74 61 2f 6d 69 73 63 2f 77 69 66 69 2f 73 6f 63 6b 65 74 73 2f 77 70 61 5f 63 74 72 6c ...
D/wpa_supplicant(27201): wlan0: BSS: Add new id 478 BSSID 80:89:17:55:bb:46 SSID 'EasyFlower'
D/wpa_supplicant(27201): CTRL_IFACE monitor send - hexdump(len=41): 2f 64 61 74 61 2f 6d 69 73 63 2f 77 69 66 69 2f 73 6f 63 6b 65 74 73 2f 77 70 61 5f 63 74 72 6c ...
D/wpa_supplicant(27201): BSS: last_scan_res_used=29/64 last_scan_full=0
D/wpa_supplicant(27201): wlan0: Scan-only results received
D/wpa_supplicant(27201): CTRL_IFACE monitor send - hexdump(len=41): 2f 64 61 74 61 2f 6d 69 73 63 2f 77 69 66 69 2f 73 6f 63 6b 65 74 73 2f 77 70 61 5f 63 74 72 6c ...
D/wpa_supplicant(27201): wlan0: P2P: Station mode scan operation not pending anymore (sta_scan_pending=0 p2p_cb_on_scan_complete=0)
W/Quiet   ( 3025): POWER_MANAGER pkg:com.tencent.mm
D/wpa_supplicant(27201): RX ctrl_iface - hexdump(len=25): 42 53 53 20 52 41 4e 47 45 3d 30 2d 20 4d 41 53 4b 3d 30 78 32 33 39 38 37
D/wpa_supplicant(27201): wlan0: Control interface command 'BSS RANGE=0- MASK=0x23987'
D/wpa_supplicant(27201): RX ctrl_iface - hexdump(len=27): 42 53 53 20 52 41 4e 47 45 3d 34 37 33 2d 20 4d 41 53 4b 3d 30 78 32 33 39 38 37
D/wpa_supplicant(27201): wlan0: Control interface command 'BSS RANGE=473- MASK=0x23987'
D/LBSSystemMonitorService( 1235): handleMessage what - 4
D/Wiper_jni( 1235): Send Network Location.
E/LocSvc_utils_q( 1235): D/msg_q_snd: Sending message with handle = 0x7C2BD370
E/LocSvc_utils_ll( 1235): D/linked_list_add: Adding to list data_obj = 0x7C2BD370
E/LocSvc_utils_q( 1235): D/msg_q_snd: Finished Sending message with handle = 0x7C2BD370
E/LocSvc_utils_ll( 1235): D/linked_list_remove: Removing from list
E/LocSvc_utils_q( 1235): D/msg_q_rcv: Received message 0x7C2BD370 rv = 0
E/LocSvc_LBSApiV02( 1235): D/virtual int lbs_core::LBSApiV02::injectWifiPosition(WifiLocation):184]: Hepe=1000 rawHepe=0
E/LocSvc_api_v02( 1235): I/---> locClientSendReq line 2360 QMI_LOC_INJECT_WIFI_POSITION_REQ_V02
E/LocSvc_ApiV02( 1235): I/<--- void globalRespCb(locClientHandleType, uint32_t, locClientRespIndUnionType, void*) line 106 QMI_LOC_INJECT_WIFI_POSITION_REQ_V02
E/LocSvc_api_v02( 1235): D/loc_free_slot:299]: freeing slot 0
E/LocSvc_MsgTask( 1235): D/MsgTask::loop() 2187 listening ...
E/LocSvc_utils_q( 1235): D/msg_q_rcv: Waiting on message
W/Quiet   ( 3025): POWER_MANAGER pkg:com.tencent.mm
W/Quiet   ( 3025): POWER_MANAGER pkg:com.tencent.mm
V/MSAPMReceiver( 8478): Got intent:android.net.wifi.SCAN_RESULTS
V/MSAPMReceiver( 8478): Got intent SCAN_RESULTS
V/MSAPM   ( 8478): notify_scan_results_available
E/MSAPM   ( 8478): Handler not yet initialized. Can't send!
W/Quiet   ( 3025): POWER_MANAGER pkg:com.tencent.mm
W/Quiet   ( 3025): POWER_MANAGER pkg:com.tencent.mm
D/dalvikvm( 8221): GC_EXPLICIT freed 3640K, 22% free 29999K/38200K, paused 4ms+6ms, total 111ms
W/Quiet   ( 3025): POWER_MANAGER pkg:com.tencent.mm
I/XiaomiFirewall( 2369): firewall pkgName:com.tencent.mm, result:0
I/ThermalEngine(  389): Sensor:batt_temp:270 mC
W/Quiet   ( 3025): POWER_MANAGER pkg:com.tencent.mm
D/cell strength( 1743): ===== cell singal strength changed : 99
D/StatusBar.NetworkController( 1520): onSignalStrengthsChanged received on subscription :0signalStrength=SignalStrength: 99 0 -120 -160 -120 -1 -1 21 -93 -7 228 2147483647 2147483647 gsm|lte level=5
I/ThermalEngine(  389): Sensor:batt_temp:270 mC
W/WhetstoneService( 1804): do not trim { PackageName :com.miui.home Pid: 1837 Uid: 0 Start by: unknown Score:50 Old score:50 state:0 mBackgroundTimeInMillis:1439792452803 WakelockCount:0 wakelogsize:0  ActivityDestroied:false Activity size: 1 PackageInfo:{WhetstonePackageInfo#PacakgeName:com.miui.homeFlag:-2147483264 [,APP_SYSTEM,ZRAM] Type:16[,notification] } tasknum:4}
W/Settings( 2661): Setting wifi_sleep_policy has moved from android.provider.Settings.System to android.provider.Settings.Global, returning read-only value.
I/ActivityManager( 1235): moveTaskToBack: 3
W/Quiet   ( 1235): POWER_MANAGER pkg:android
I/libmc   ( 1804): task pid 1837 have been add to group sys_app_fg.
I/libmc   ( 1804): [sys_app_fg]cgroup_add_tasks max single write time: 0ms
I/libmc   ( 1804): [sys_app_fg]cgroup_add_tasks total time consume: 0ms
I/RenderThread( 1837): RenderThread resumed
I/RenderThread( 1837): All controllers paused.
I/RenderThread( 1837): RenderThread paused, waiting for signal
I/RenderThread( 1837): RenderThread resumed
I/RenderThread( 1837): Sleep for long time:9223372036854775807 ms
D/PhoneStatusBar( 1520): disable: 0x00000000 -> 0x00800000 (diff: 0x00800000)
D/PhoneStatusBar( 1520): disable: < expand icons alerts ticker system_info back home recent CLOCK* full hide >
I/RenderThread( 1837): Sleep for long time:9223372036854775807 ms
I/Timeline( 1837): Timeline: Activity_idle id: android.os.BinderProxy@42ab3098 time:13120622
I/XiaomiFirewall( 2369): firewall pkgName:com.xiaomi.channel, result:0
D/Microlog( 3839): Microlog 93191919:[DEBUG]-08-17 14:20:56  [Process:3839][Thread:264] JOB: do reconnect..
D/Microlog( 3839): Microlog 93191920:[DEBUG]-08-17 14:20:56  [Process:3839][Thread:264] update the connection status. disconnected -> connecting : ERROR_OK 
D/Microlog( 3839): Microlog 93191921:[DEBUG]-08-17 14:20:56  [Process:3839][Thread:264] SMACK: Connection started (1120408440)
D/Microlog( 3839): Microlog 93191922:[DEBUG]-08-17 14:20:56  [Process:3839][Thread:264] dnspod.tcp[42.62.94.172:5222, 42.62.94.172:80, fe.chat.mi.com:5222, fe.chat.mi.com:80, 120.134.33.105:80, 120.134.33.105:5222]
D/Microlog( 3839): Microlog 93191922:[DEBUG]-08-17 14:20:56  [Process:3839][Thread:264] dnspod.tcp:begin to connect to 42.62.94.172:5222
I/Microlog.FileAppender( 3839): Closing the FileAppender
D/Microlog( 3839): Microlog 93191954:[DEBUG]-08-17 14:20:56  [Process:3839][Thread:264] challengeData   <stream:stream xmlns="xm" xmlns:stream="xm" to="xiaomi.com" version="105" model="MI 4LTE" os="V6.6.5.0.KXDCNCF" connpt="wifi" host="42.62.94.172:5222">
D/Microlog( 3839): Microlog 93191954:[DEBUG]-08-17 14:20:56  [Process:3839][Thread:264] dnspod.tcp:connected to 42.62.94.172:5222 in 23
D/Microlog( 3839): Microlog 93191954:[DEBUG]-08-17 14:20:56  [Process:3839][Thread:1284] Packet reader is started
D/Microlog( 3839): Microlog 93191955:[DEBUG]-08-17 14:20:56  [Process:3839][Thread:1284] challengeData   3862641382
D/Microlog( 3839): Microlog 93191955:[DEBUG]-08-17 14:20:56  [Process:3839][Thread:1284] update the connection status. connecting -> connected : ERROR_OK 
D/Microlog( 3839): Microlog 93191955:[DEBUG]-08-17 14:20:56  [Process:3839][Thread:1284] SMACK: Connection reconnected (1120408440)
D/Microlog( 3839): Microlog 93191956:[DEBUG]-08-17 14:20:56  [Process:3839][Thread:264] JOB: bind the client. 1, 280181868@xiaomi.com/xm4obXISfZgMIVnKlN
D/Microlog( 3839): Microlog 93191956:[DEBUG]-08-17 14:20:56  [Process:3839][Thread:264] update the client 1 status. unbind->binding unknown ERROR_OK null null
D/Microlog( 3839): Microlog 93191956:[DEBUG]-08-17 14:20:56  [Process:3839][Thread:264] SMACK: bind id=l3vsx-29
I/Microlog.FileAppender( 3839): Closing the FileAppender
D/Microlog( 3839): Microlog 93191983:[DEBUG]-08-17 14:20:56  [Process:3839][Thread:264] update the client 1 status. binding->binded OPEN ERROR_OK null null
D/Microlog( 3839): Microlog 93191983:[DEBUG]-08-17 14:20:56  [Process:3839][Thread:264] SMACK: channel bind succeeded, chid=1
I/Microlog.FileAppender( 3839): Closing the FileAppender
D/Microlog( 3757): Microlog 93192766:[DEBUG]-08-17 14:20:56  [Process:3757][Thread:329] Miliao channel connected!
D/Microlog( 3757): Microlog 93192767:[DEBUG]-08-17 14:20:56  [Process:3757][Thread:329] ACTION_CHANNEL_OPENED REASON:0
I/Microlog.FileAppender( 3757): Closing the FileAppender
I/Timeline( 1235): Timeline: Activity_windows_visible id: ActivityRecord{433ed038 u0 com.miui.home/.launcher.Launcher t1} time:13120989
W/PushService( 1819): 2015-08-17 14:20:56,716 - [WARN::PushService] - [Thread:64] JOB: check the ping-pong.
D/dalvikvm( 1235): GC_EXPLICIT freed 1756K, 26% free 24301K/32792K, paused 7ms+12ms, total 159ms
I/ThermalEngine(  389): Sensor:batt_temp:273 mC
D/Microlog( 3839): Microlog 93192144:[DEBUG]-08-17 14:20:56  [Process:3839][Thread:264] 42.62.94.172:522293448775,recv,Message,1,1439792456296,alert,xiaomi.com,280181868@xiaomi.com/xm4obXISfZgMIVnKlN
I/Microlog.FileAppender( 3839): Closing the FileAppender
D/Microlog( 3757): Microlog 93192935:[DEBUG]-08-17 14:20:56  [Process:3757][Thread:1] RECV:from xiaomi.com to 280181868@xiaomi.com/xm4obXISfZgMIVnKlN, id = 1439792456296, type = alert
I/Microlog.FileAppender( 3757): Closing the FileAppender
D/wpa_supplicant(27201): RX ctrl_iface - hexdump(len=11): 53 49 47 4e 41 4c 5f 50 4f 4c 4c
D/wpa_supplicant(27201): wlan0: Control interface command 'SIGNAL_POLL'
D/wpa_supplicant(27201): nl80211: survey data missing!
D/Microlog( 3757): Microlog 93193174:[DEBUG]-08-17 14:20:56  [Process:3757][Thread:272] received message from xiaomi.com  to 280181868@xiaomi.com/xm4obXISfZgMIVnKlN, id = 1439792456296, type = alert, messagetype=MESSAGETYPE_ALERT
D/Microlog( 3757): Microlog 93193175:[DEBUG]-08-17 14:20:56  [Process:3757][Thread:272] alert type = mibase
D/Microlog( 3757): Microlog 93193176:[DEBUG]-08-17 14:20:56  [Process:3757][Thread:272] getCloudAttr mSeq=156040353
I/Microlog.FileAppender( 3757): Closing the FileAppender
D/dalvikvm( 2661): GC_CONCURRENT freed 12838K, 57% free 36579K/84036K, paused 7ms+15ms, total 139ms
D/dalvikvm( 2661): WAIT_FOR_CONCURRENT_GC blocked 91ms
I/RenderThread( 1837): RenderThread paused, waiting for signal
W/Quiet   ( 3025): POWER_MANAGER pkg:com.tencent.mm
W/Quiet   ( 3025): POWER_MANAGER pkg:com.tencent.mm
I/RenderThread( 1837): RenderThread resumed
I/RenderThread( 1837): Sleep for long time:9223372036854775807 ms
I/RenderThread( 1837): Sleep for long time:9223372036854775807 ms
D/cell strength( 1743): ===== cell singal strength changed : 99
D/StatusBar.NetworkController( 1520): onSignalStrengthsChanged received on subscription :0signalStrength=SignalStrength: 99 0 -120 -160 -120 -1 -1 21 -93 -7 228 2147483647 2147483647 gsm|lte level=5
I/RenderThread( 1837): Sleep for long time:9223372036854775807 ms
I/RenderThread( 1837): Sleep for long time:9223372036854775807 ms
I/RenderThread( 1837): Sleep for long time:9223372036854775807 ms
I/RenderThread( 1837): Sleep for long time:9223372036854775807 ms
I/RenderThread( 1837): Sleep for long time:9223372036854775807 ms
I/ThermalEngine(  389): Sensor:batt_temp:271 mC
E/QCALOG  (  313): [MessageQ] ProcessNewMessage: [XT-CS] unknown deliver target [OS-Agent]
E/QCALOG  (  313): [MessageQ] ProcessNewMessage: [XTWWAN-PE] unknown deliver target [OS-Agent]
E/QCALOG  (  313): [MessageQ] ProcessNewMessage: [XTWiFi-PE] unknown deliver target [OS-Agent]
W/Quiet   ( 3025): POWER_MANAGER pkg:com.tencent.mm
W/Quiet   ( 3025): POWER_MANAGER pkg:com.tencent.mm
W/Quiet   ( 3025): POWER_MANAGER pkg:com.tencent.mm
I/NetworkAssistantProvider( 2369): content://com.miui.networkassistant.provider/datausage_status
I/NetworkAssistantProvider( 2369): content://com.miui.networkassistant.provider/na_traffic_purchase
I/RenderThread( 1520): Sleep for long time:9223372036854775807 ms
D/PhoneStatusBar( 1520): disable: 0x00800000 -> 0x00880000 (diff: 0x00080000)
D/PhoneStatusBar( 1520): disable: < expand icons alerts TICKER* system_info back home recent CLOCK full hide >
I/RenderThread( 1520): Sleep for long time:9223372036854775807 ms
I/ThermalEngine(  389): Sensor:batt_temp:273 mC
I/XiaomiFirewall( 2369): firewall pkgName:com.xiaomi.channel, result:0
D/com.xiaomi.common.Network( 3757): Http POST Response Code: 200
D/HttpHelper( 3757): httpRequest return : {"S":"Ok","R":{"results":[{"Rs":[],"condition":{"scope":"1","lasttime":"-1","senseType":"2"},"maxTs":0},{"Rs":[],"condition":{"scope":"0","lasttime":"-1","senseType":"4"},"maxTs":0}]}}
W/WhetstoneService( 1804): do not trim { PackageName :com.tencent.mm Pid: 2661 Uid: 0 Start by: activity Score:50 Old score:50 state:0 mBackgroundTimeInMillis:1439792456192 WakelockCount:0 wakelogsize:0  ActivityDestroied:false Activity size: 1 PackageInfo:{WhetstonePackageInfo#PacakgeName:com.tencent.mmFlag:4288 [,TRIMHEAPS,ZRAM,FLAG_DEAL_SCHEDULE] Type:80[,notification,AUTO_START] } tasknum:3}
I/libmc   ( 1804): group sys_app_bg memory.limit_in_bytes is set to -1
I/libmc   ( 1804): group sys_app_bg memory.soft_limit_in_bytes is set to -1
D/HttpHelper( 3757): httpRequest return : {"result":"ok","description":"","data":{"list":[{"count":0,"lastest":{},"name":"types1"},{"count":0,"lastest":{},"name":"types2"},{"count":0,"lastest":{},"name":"types3"}]},"code":0}
I/libmc   ( 1804): task pid 3025 have been add to group sys_app_bg.
I/libmc   ( 1804): [sys_app_bg]cgroup_add_tasks max single write time: 44ms
I/libmc   ( 1804): [sys_app_bg]cgroup_add_tasks total time consume: 45ms
I/libmc   ( 1804): set back memory limit single round time consume: 0ms
I/libmc   ( 1804): set back memory limit single round time consume: 0ms
I/libmc   ( 1804): set back memory limit single round time consume: 0ms
I/libmc   ( 1804): set back memory limit single round time consume: 0ms
I/libmc   ( 1804): set back memory limit single round time consume: 0ms
I/libmc   ( 1804): set back memory limit single round time consume: 0ms
I/libmc   ( 1804): set back memory limit single round time consume: 0ms
I/libmc   ( 1804): set back memory limit single round time consume: 0ms
I/libmc   ( 1804): cgroup sys_app_bg: set memory limit back to the saved value successed.
D/dalvikvm( 2661): GC_EXPLICIT freed 2931K, 60% free 34352K/84036K, paused 5ms+12ms, total 114ms
D/HttpHelper( 3757): httpRequest return : {"result":"ok","description":"","data":{"list":[{"name":"types1","notis":[]}]},"code":0}
D/Microlog( 3757): Microlog 93195511:[DEBUG]-08-17 14:20:59  [Process:3757]MucManager getGroups offset == 0 limit == 80 water == 0
I/Microlog.FileAppender( 3757): Closing the FileAppender
D/HttpHelper( 3757): httpRequest return : {"description":"","data":{"cnt":0,"list":[]},"code":0}
D/HttpHelper( 3757): httpRequest return : {"description":"","data":{"new":"false","infos":[],"maxts":0},"code":0}
D/dalvikvm( 2661): GC_EXPLICIT freed 142K, 60% free 34209K/84036K, paused 13ms+9ms, total 99ms
W/ContextImpl( 1520): Calling a method in the system process without a qualified user: android.app.ContextImpl.sendBroadcast:1155 android.content.ContextWrapper.sendBroadcast:365 android.provider.MiuiSettings$AntiSpam.setQuietMode:1537 miui.app.ToggleManager.toggleQuietMode:1841 miui.app.ToggleManager.performToggle:1215 
D/HttpHelper( 3757): httpRequest return : {"code":200,"result":{"total":3}}
I/ThermalEngine(  389): Sensor:batt_temp:272 mC
D/wpa_supplicant(27201): RX ctrl_iface - hexdump(len=11): 53 49 47 4e 41 4c 5f 50 4f 4c 4c
D/wpa_supplicant(27201): wlan0: Control interface command 'SIGNAL_POLL'
D/wpa_supplicant(27201): nl80211: survey data missing!
I/RenderThread( 1520): Sleep for long time:9223372036854775807 ms
I/RenderThread( 1837): Sleep for long time:9223372036854775807 ms
I/RenderThread( 1837): Sleep for long time:9223372036854775807 ms
I/RenderThread( 1520): Sleep for long time:9223372036854775807 ms
I/RenderThread( 1520): Sleep for long time:9223372036854775807 ms
I/ThermalEngine(  389): Sensor:batt_temp:271 mC
W/InputMethodManagerService( 1235): Window already focused, ignoring focus gain of: com.android.internal.view.IInputMethodClient$Stub$Proxy@4334a190 attribute=null, token = android.os.BinderProxy@42d1ad60
D/PhoneStatusBar( 1520): disable: 0x00880000 -> 0x00800000 (diff: 0x00080000)
D/PhoneStatusBar( 1520): disable: < expand icons alerts ticker* system_info back home recent CLOCK full hide >
I/ThermalEngine(  389): Sensor:batt_temp:271 mC
W/ContextImpl( 1235): Calling a method in the system process without a qualified user: android.app.ContextImpl.sendBroadcast:1155 com.android.internal.policy.impl.BaseMiuiPhoneWindowManager.interceptKeyBeforeQueueingInternal:685 com.android.internal.policy.impl.MiuiPhoneWindowManager.interceptKeyBeforeQueueing:43 com.android.server.wm.InputMonitor.interceptKeyBeforeQueueing:381 com.android.server.input.InputManagerService.interceptKeyBeforeQueueing:1394 
I/KLO_Power( 2115): power_sleep_requested event:wakelockCleared:0
W/ContextImpl( 1235): Calling a method in the system process without a qualified user: android.app.ContextImpl.sendBroadcast:1155 com.android.internal.policy.impl.BaseMiuiPhoneWindowManager.interceptKeyBeforeQueueingInternal:717 com.android.internal.policy.impl.MiuiPhoneWindowManager.interceptKeyBeforeQueueing:43 com.android.server.wm.InputMonitor.interceptKeyBeforeQueueing:381 com.android.server.input.InputManagerService.interceptKeyBeforeQueueing:1394 
I/PowerManagerService( 1235): Going to sleep by user request...
D/DisplayPowerState( 1235): Screen ready, Screen On:true, Brightness:0ElectronBeamLevel:0.0
D/SurfaceFlinger(  246): Screen released, type=0 flinger=0xb7a5d4c8
D/qdhwcomposer(  246): hwc_blank: Blanking display: 0
E/Diag_Lib(  557): [IMS_FATAL]| 3061 | 662 |ims-rtp-daemon ims_rtp_qmi_handler_thread_func waiting on select thread>
D/cell strength( 1743): ===== cell singal strength changed : 99
I/qdhwcomposer(  246): handle_blank_event: dpy:0 panel power state: 0
D/StatusBar.NetworkController( 1520): onSignalStrengthsChanged received on subscription :0signalStrength=SignalStrength: 99 0 -120 -160 -120 -1 -1 21 -95 -7 196 2147483647 2147483647 gsm|lte level=5
D/qdhwcomposer(  246): hwc_blank: Done blanking display: 0
D/SurfaceControl( 1235): Excessive delay in blankDisplay() while turning screen off: 341ms
E/QCOM PowerHAL( 1235): Error opening /sys/devices/system/cpu/cpu1/cpufreq/sys_cap_freq: No such file or directory
E/QCOM PowerHAL( 1235): Error opening /sys/devices/system/cpu/cpu2/cpufreq/sys_cap_freq: No such file or directory
D/DisplayPowerState( 1235): Screen ready, Screen On:false, Brightness:0ElectronBeamLevel:0.0
E/EventHub( 1235): Error opening /sys/class/input/input/enabled: No such file or directory
E/EventHub( 1235): Error opening /sys/class/input/input5/enabled: Permission denied
E/EventHub( 1235): Error opening /sys/class/input/input4/enabled: Permission denied
I/KLO_Power( 2115): power_screen_broadcast_send event:wakelockCount:1
I/KLO_Power( 2115): screen_toggled event:screen_state:0
I/KLO_Power( 2115): last_screen_toggle_on_time:1439792447, this toggle:1439792462
I/RenderThread( 1837): RenderThread paused, waiting for signal
D/wpa_supplicant(27201): RX ctrl_iface - hexdump(len=23): 44 52 49 56 45 52 20 53 45 54 53 55 53 50 45 4e 44 4d 4f 44 45 20 31
D/wpa_supplicant(27201): wlan0: Control interface command 'DRIVER SETSUSPENDMODE 1'
V/SRS_Proc(  249): ParamSet string: screen_state=off
D/audio_hw_primary(  249): adev_set_parameters: enter: screen_state=off
V/msm8974_platform(  249): platform_set_parameters: enter: screen_state=off
V/msm8974_platform(  249): platform_set_parameters: exit with code(0)
D/audio_hw_extn(  249): audio_extn_set_anc_parameters: anc_enabled:0
V/listen_hw(  249): listen_hw_set_parameters: Enter
V/listen_hw(  249): handle_set_parameters: Enter kvpairs=screen_state=off
V/listen_hw(  249): handle_set_parameters: Exit
V/listen_hw(  249): listen_hw_set_parameters: Exit, ret=0
V/audio_hw_primary(  249): adev_set_parameters: exit with code(0)
E/audio_a2dp_hw(  249): adev_set_parameters: ERROR: set param called even when stream out is null
V/LockPatternKeyguardView( 1520): Set visibility on com.android.keyguard.MiuiLockPatternKeyguardView$7@42c24e60 to 0
D/wpa_supplicant(27201): wpa_driver_nl80211_driver_cmd SETSUSPENDMODE 1 len = 0, 4096
I/DateTimeVariableUpdater( 1520): init with accuracy:Minute
I/ScreenElementRoot( 1520): set scale: 1.0
I/ThermalEngine(  389): Sensor:batt_temp:271 mC
W/RectangleScreenElement( 1520): illegal number format of cornerRadius.
I/ResourceManager( 1520): load image default_album.png
I/NotifierManager( 1520): acquireNotifier:TimeChanged  miui.maml.data.DateTimeVariableUpdater@458625c8
I/ResourceManager( 1520): load image player_btn_n.png
I/ResourceManager( 1520): load image player_btn_prev.png
I/ResourceManager( 1520): load image player_btn_p.png
I/ResourceManager( 1520): load image player_btn_play.png
I/ResourceManager( 1520): load image player_btn_pause.png
E/QCALOG  (  313): [MessageQ] ProcessNewMessage: [XTWWAN-PE] unknown deliver target [OS-Agent]
E/QCALOG  (  313): [MessageQ] ProcessNewMessage: [XT-CS] unknown deliver target [OS-Agent]
I/ResourceManager( 1520): load image player_btn_next.png
W/ContextImpl( 1520): Calling a method in the system process without a qualified user: android.app.ContextImpl.bindService:1575 android.content.ContextWrapper.bindService:517 android.content.ContextWrapper.bindService:517 miui.maml.elements.MusicController.registerListener:68 miui.maml.elements.MusicControlScreenElement.init:647 
D/MusicControlScreenElement( 1520): music state change: playing=false
E/QCALOG  (  313): [MessageQ] ProcessNewMessage: [XTWiFi-PE] unknown deliver target [OS-Agent]
D/LockPatternKeyguardView( 1520): createUnlockScreenFor(NumericPassword): mEnableFallback=false
I/Analytics( 6608): start session(com.xiaomi.account)
I/Analytics( 6608): end session(com.xiaomi.account)
I/KLO_Power( 2115): power_screen_broadcast_done event:[onOrOff,broadcastDuration,wakelockCount]:[0,515,3]
V/KeyguardViewManager( 1520): KGVM: Set visibility on com.android.keyguard.AbstractKeyguardViewManager$KeyguardViewHost{42b23178 G.E..... ......ID 0,0-1080,1920} to 33554432
I/qdhwcomposer(  246): handle_blank_event: dpy:0 panel power state: 0
E/MediaFocusControl( 1235): Error updating focussed RCC to RCD 
E/MediaFocusControl( 1235): java.util.EmptyStackException
E/MediaFocusControl( 1235): 	at java.util.Stack.peek(Stack.java:57)
E/MediaFocusControl( 1235): 	at android.media.MediaFocusControl.registerRemoteControlDisplay_int(MediaFocusControl.java:2203)
E/MediaFocusControl( 1235): 	at android.media.MediaFocusControl.registerRemoteController(MediaFocusControl.java:217)
E/MediaFocusControl( 1235): 	at android.media.AudioService.registerRemoteController(AudioService.java:4328)
E/MediaFocusControl( 1235): 	at android.media.IAudioService$Stub.onTransact(IAudioService.java:614)
E/MediaFocusControl( 1235): 	at android.os.Binder.execTransact(Binder.java:404)
E/MediaFocusControl( 1235): 	at dalvik.system.NativeStart.run(Native Method)
I/qdhwcomposer(  246): handle_blank_event: dpy:0 panel power state: 0
I/ThermalEngine(  389): Sensor:batt_temp:273 mC
D/PhoneStatusBar( 1520): disable: 0x00800000 -> 0x03880010 (diff: 0x03080010)
D/PhoneStatusBar( 1520): disable: < expand icons alerts TICKER* system_info back home RECENT* CLOCK full hide >
I/qdhwcomposer(  246): handle_blank_event: dpy:0 panel power state: 0
D/StandbyModeManager( 8280): [E]stop try start standby by mobileOff ON when screenoff
D/MSF.C.LogManager( 8280): [E]onReceive broadcastreceiver.action = android.intent.action.SCREEN_OFF
I/qdhwcomposer(  246): handle_blank_event: dpy:0 panel power state: 0
I/qdhwcomposer(  246): handle_blank_event: dpy:0 panel power state: 0
I/ThermalEngine(  389): Sensor:batt_temp:273 mC
I/qdhwcomposer(  246): handle_blank_event: dpy:0 panel power state: 0
I/qdhwcomposer(  246): handle_blank_event: dpy:0 panel power state: 0
I/qdhwcomposer(  246): handle_blank_event: dpy:0 panel power state: 0
I/qdhwcomposer(  246): handle_blank_event: dpy:0 panel power state: 0
I/ThermalEngine(  389): Sensor:batt_temp:273 mC
W/PushService( 1819): 2015-08-17 14:22:56,460 - [WARN::PushService] - [Thread:1] Service called on timer
I/qdhwcomposer(  246): handle_blank_event: dpy:0 panel power state: 0
I/qdhwcomposer(  246): handle_blank_event: dpy:0 panel power state: 0
I/qdhwcomposer(  246): handle_blank_event: dpy:0 panel power state: 0
I/ThermalEngine(  389): Sensor:batt_temp:273 mC
I/qdhwcomposer(  246): handle_blank_event: dpy:0 panel power state: 0
D/AndroidRuntime(12839): 
D/AndroidRuntime(12839): >>>>>> AndroidRuntime START com.android.internal.os.RuntimeInit <<<<<<
D/AndroidRuntime(12839): CheckJNI is OFF
D/dalvikvm(12839): Unable to stat classpath element '/data/app/com.miui.core-1.apk'
D/dalvikvm(12839): Unable to stat classpath element '/data/app/com.miui.core-2.apk'
D/dalvikvm(12839): Unable to stat classpath element '/data/app/com.miui.system-1.apk'
D/dalvikvm(12839): Unable to stat classpath element '/data/app/com.miui.system-2.apk'
D/dalvikvm(12839): Trying to load lib libjavacore.so 0x0
D/dalvikvm(12839): Added shared lib libjavacore.so 0x0
D/dalvikvm(12839): Trying to load lib libnativehelper.so 0x0
D/dalvikvm(12839): Added shared lib libnativehelper.so 0x0
D/dalvikvm(12839): No JNI_OnLoad found in libnativehelper.so 0x0, skipping init
D/dalvikvm(12839): Note: class Landroid/app/ActivityManagerNative; has 179 unimplemented (abstract) methods
I/qdhwcomposer(  246): handle_blank_event: dpy:0 panel power state: 0
E/QCALOG  (  313): [MessageQ] ProcessNewMessage: [XTWWAN-PE] unknown deliver target [OS-Agent]
I/ThermalEngine(  389): Sensor:batt_temp:273 mC
E/QCALOG  (  313): [MessageQ] ProcessNewMessage: [XT-CS] unknown deliver target [OS-Agent]
E/QCALOG  (  313): [MessageQ] ProcessNewMessage: [XTWiFi-PE] unknown deliver target [OS-Agent]
D/AndroidRuntime(12839): Calling main entry com.android.commands.am.Am
D/AndroidRuntime(12839): Shutting down VM
D/dalvikvm(12839): GC_CONCURRENT freed 96K, 14% free 598K/696K, paused 1ms+1ms, total 8ms
D/MSF.C.NetConnTag( 8280): [E]pa ok: 91430
D/MSF.C.NetConnTag( 8280): [E]netSend ssoSeq:91430 uin:*8862 cmd:346110978 91505
D/MSF.C.NetConnTag( 8280): [E]netRecv ssoSeq:91430 uin:*8862 cmd:346110978 91541
I/qdhwcomposer(  246): handle_blank_event: dpy:0 panel power state: 0
I/ThermalEngine(  389): Sensor:batt_temp:273 mC
I/qdhwcomposer(  246): handle_blank_event: dpy:0 panel power state: 0
I/qdhwcomposer(  246): handle_blank_event: dpy:0 panel power state: 0
D/MSF.C.NetConnTag( 8280): [E]netRecv ssoSeq:886425143 uin:*8862 cmd:961141751 886425726
D/MSF.C.NetConnTag( 8280): [E]pa ok: 91431
D/MSF.C.NetConnTag( 8280): [E]netSend ssoSeq:91431 uin:*8862 cmd:-183665717 91610
D/Microlog( 3839): Microlog 93452560:[DEBUG]-08-17 14:25:17  [Process:3839][Thread:264] 42.62.94.172:522293448775,send,IQ,1,tVnLL-11,get,280181868@xiaomi.com/xm4obXISfZgMIVnKlN,xiaomi.com
D/Microlog( 3839): Microlog 93452560:[DEBUG]-08-17 14:25:17  [Process:3839][Thread:264] 42.62.94.172:522293448775,recv,IQ,1,tVnLL-11,result,xiaomi.com,280181868@xiaomi.com/xm4obXISfZgMIVnKlN
I/Microlog.FileAppender( 3839): Closing the FileAppender
D/dalvikvm( 2063): GC_EXPLICIT freed 261K, 41% free 17152K/29040K, paused 3ms+5ms, total 49ms
I/qdhwcomposer(  246): handle_blank_event: dpy:0 panel power state: 0
I/ThermalEngine(  389): Sensor:batt_temp:273 mC
I/qdhwcomposer(  246): handle_blank_event: dpy:0 panel power state: 0
V/MnsAlarm(MiLinkSDK)(miliao)( 3839): notifyAlarmTime
V/MnsAlarm(MiLinkSDK)(miliao)( 3839): alarm heart beat
W/SessionManager(MiLinkSDK)(miliao)( 3839): onAlarmArrived
W/SessionManager(MiLinkSDK)(miliao)( 3839): Wakelock ACQUIRED :)
V/SessionManager(MiLinkSDK)(miliao)( 3839): session manager state: 3
V/SessionManager(MiLinkSDK)(miliao)( 3839): send heart beat to session
V/Session[No:727](MiLinkSDK)(miliao)( 3839): heartbeat start, seq=279
V/Session[No:727](MiLinkSDK)(miliao)( 3839): handleRequest seq=279 mNeedClientInfo=false [ sIP=123.125.102.22, sPort=80, pIP=null, pPort=0, protocol=tcp, type=recently ]
D/milinknetwork(MiLinkSDK)(miliao)( 3839): TcpConn:wakeup write=1
D/milinknetwork(MiLinkSDK)(miliao)( 3839): TcpConn:wakeup now read=1
V/ConnectionImpl(MiLinkSDK)(miliao)( 3839): postEventFromNative msg:onMsgProc, arg1=2, arg2=0
V/Session[No:727](MiLinkSDK)(miliao)( 3839): onMsgProc, uMsg=2
V/MiAccountManager(MiLinkSDK)(miliao)( 3839): getB2Token()
V/StreamUtil(MiLinkSDK)(miliao)( 3839): up stream packet don't need b2 token 
W/SessionManager(MiLinkSDK)(miliao)( 3839): release wake lock
V/StreamUtil(MiLinkSDK)(miliao)( 3839): send packet don't need qua and deviceInfo, seq=279, cmd=milink.heartbeat
W/SessionManager(MiLinkSDK)(miliao)( 3839): Wakelock RELEASED :)
V/StreamUtil(MiLinkSDK)(miliao)( 3839): up stream packet: seq=279, isPing=false, flag=0, len=116
V/Session[No:727](MiLinkSDK)(miliao)( 3839): connection send data, seq=279
V/ConnectionImpl(MiLinkSDK)(miliao)( 3839): postEventFromNative msg:onSendBegin, arg1=279, arg2=0
V/Session[No:727](MiLinkSDK)(miliao)( 3839): send begin: seq 279
D/milinknetwork(MiLinkSDK)(miliao)( 3839): TcpConn:send over [279],sendLen=116
V/ConnectionImpl(MiLinkSDK)(miliao)( 3839): postEventFromNative msg:onSendEnd, arg1=279, arg2=0
V/Session[No:727](MiLinkSDK)(miliao)( 3839): send end: seq 279
V/ConnectionImpl(MiLinkSDK)(miliao)( 3839): postEventFromNative msg:onRecv, arg1=0, arg2=0
V/Session[No:727](MiLinkSDK)(miliao)( 3839): recv data:130
V/ReceiveBuffer(MiLinkSDK)(miliao)( 3839): parsePacket start
I/ReceiveBuffer(MiLinkSDK)(miliao)( 3839): getPacketLen start, mPosition=130
I/ReceiveBuffer(MiLinkSDK)(miliao)( 3839): parseNormalPacket start, packetLen = 130, mPosition=130
I/ReceiveBuffer(MiLinkSDK)(miliao)( 3839): parseNormalPacket [packetLen = 130]
V/StreamUtil(MiLinkSDK)(miliao)( 3839): recv data: len=130
V/StreamUtil(MiLinkSDK)(miliao)( 3839): down stream packet: seq=279, encodeType=2, flag=0
V/StreamUtil(MiLinkSDK)(miliao)( 3839): mnscode:0, busicode:0, cmd=milink.heartbeat
V/StreamUtil(MiLinkSDK)(miliao)( 3839): cmd=milink.heartbeat, hasClientInfo =true
V/Session[No:727](MiLinkSDK)(miliao)( 3839):  onRecvDownStream cmd=milink.heartbeat mnscode=0 seq=279 and set mNeedClientInfo=false
V/Session[No:727](MiLinkSDK)(miliao)( 3839): heartbeat success
V/MnsPacketDispatcher(MiLinkSDK)(miliao)( 3839): dispatch packet data, seq=0
V/MnsPacketDispatcher(MiLinkSDK)(miliao)( 3839): ADD_PACKET, seq=-162
V/MnsPacketDispatcher(MiLinkSDK)(miliao)( 3839): DISPATCH_PACKET, mPacketCache.size=1
V/MnsPacketDispatcher(MiLinkSDK)(miliao)( 3839): delivery data, data size=1
V/MnsPacketDispatcher(MiLinkSDK)(miliao)( 3839): delivery data success
I/ReceiveBuffer(MiLinkSDK)(miliao)( 3839): getPacketLen start, mPosition=0
I/ReceiveBuffer(MiLinkSDK)(miliao)( 3839): parseNormalPacket start, packetLen = -1, mPosition=0
D/Microlog( 3839): Microlog 93486196:[DEBUG]-08-17 14:25:50  [Process:3839][Thread:1] Ping XMChannelService on timer
D/Microlog( 3839): Microlog 93486196:[DEBUG]-08-17 14:25:50  [Process:3839][Thread:1] mNextPingTs 1439793004490
I/Microlog.FileAppender( 3839): Closing the FileAppender
D/Microlog( 3839): Microlog 93486218:[DEBUG]-08-17 14:25:50  [Process:3839][Thread:1] register timer 1439793004490
D/Microlog( 3839): Microlog 93486218:[DEBUG]-08-17 14:25:50  [Process:3839][Thread:1] Service called on timer
D/Microlog( 3839): Microlog 93486219:[DEBUG]-08-17 14:25:50  [Process:3839][Thread:264] PingString  <iq to='xiaomi.com' id='0' chid='0' type='get'><ping xmlns='urn:xmpp:ping'></ping></iq>
D/Microlog( 3839): Microlog 93486220:[DEBUG]-08-17 14:25:50  [Process:3839][Thread:264] 42.62.94.172:522293448775,recv,IQ,0,0,result,null,null
I/Microlog.FileAppender( 3839): Closing the FileAppender
W/System.err(18216): org.json.JSONException: Value [{"service":"com.yx.service.ConnectionService","type":"","value":"","key":""}] of type org.json.JSONArray cannot be converted to JSONObject
W/System.err(18216): 	at org.json.JSON.typeMismatch(JSON.java:111)
W/System.err(18216): 	at org.json.JSONObject.<init>(JSONObject.java:159)
W/System.err(18216): 	at org.json.JSONObject.<init>(JSONObject.java:172)
W/System.err(18216): 	at com.sina.weibo.models.JsonDataObject.initFromJsonString(JsonDataObject.java:34)
W/System.err(18216): 	at com.sina.weibo.models.JsonDataObject.<init>(JsonDataObject.java:24)
W/System.err(18216): 	at com.sina.weibo.guardunion.e.<init>(JsonGuardUnionMap.java:34)
W/System.err(18216): 	at com.sina.weibo.guardunion.c.a(GuardUtils.java:59)
W/System.err(18216): 	at com.sina.weibo.guardunion.a.b(GuardAlipayManager.java:164)
W/System.err(18216): 	at com.sina.weibo.guardunion.a$a.a(GuardAlipayManager.java:76)
W/System.err(18216): 	at com.sina.weibo.guardunion.a$a.doInBackground(GuardAlipayManager.java:49)
W/System.err(18216): 	at com.sina.weibo.u.f.call(ExtendedAsyncTask.java:88)
W/System.err(18216): 	at java.util.concurrent.FutureTask.run(FutureTask.java:237)
W/System.err(18216): 	at java.util.concurrent.ThreadPoolExecutor.runWorker(ThreadPoolExecutor.java:1112)
W/System.err(18216): 	at java.util.concurrent.ThreadPoolExecutor$Worker.run(ThreadPoolExecutor.java:587)
W/System.err(18216): 	at java.lang.Thread.run(Thread.java:841)
I/libmc   ( 1804): group sys_app_bg memory.limit_in_bytes is set to -1
I/libmc   ( 1804): group sys_app_bg memory.soft_limit_in_bytes is set to -1
I/libmc   ( 1804): task pid 1837 have been add to group sys_app_bg.
I/libmc   ( 1804): task pid 2661 have been add to group sys_app_bg.
I/libmc   ( 1804): task pid 12673 have been add to group sys_app_bg.
I/libmc   ( 1804): [sys_app_bg]cgroup_add_tasks max single write time: 43ms
I/libmc   ( 1804): [sys_app_bg]cgroup_add_tasks total time consume: 84ms
I/libmc   ( 1804): task pid 1837 have been add to group sys_app_fg.
I/libmc   ( 1804): [sys_app_fg]cgroup_add_tasks max single write time: 0ms
I/libmc   ( 1804): [sys_app_fg]cgroup_add_tasks total time consume: 0ms
I/libmc   ( 1804): set back memory limit single round time consume: 0ms
I/libmc   ( 1804): set back memory limit single round time consume: 0ms
I/libmc   ( 1804): set back memory limit single round time consume: 1ms
I/libmc   ( 1804): set back memory limit single round time consume: 0ms
I/libmc   ( 1804): set back memory limit single round time consume: 0ms
I/libmc   ( 1804): set back memory limit single round time consume: 0ms
I/libmc   ( 1804): set back memory limit single round time consume: 0ms
I/libmc   ( 1804): set back memory limit single round time consume: 0ms
I/libmc   ( 1804): cgroup sys_app_bg: set memory limit back to the saved value successed.
I/qdhwcomposer(  246): handle_blank_event: dpy:0 panel power state: 0
I/ThermalEngine(  389): Sensor:batt_temp:273 mC
D/cell strength( 1743): ===== cell singal strength changed : 99
D/StatusBar.NetworkController( 1520): onSignalStrengthsChanged received on subscription :0signalStrength=SignalStrength: 99 0 -120 -160 -120 -1 -1 22 -95 -7 260 2147483647 2147483647 gsm|lte level=5
D/wpa_supplicant(27201): wlan0: BSS: Remove id 451 BSSID 0a:25:93:4a:23:7e SSID 'jiadao_Guest' due to wpa_bss_flush_by_age
D/wpa_supplicant(27201): CTRL_IFACE monitor send - hexdump(len=41): 2f 64 61 74 61 2f 6d 69 73 63 2f 77 69 66 69 2f 73 6f 63 6b 65 74 73 2f 77 70 61 5f 63 74 72 6c ...
D/wpa_supplicant(27201): wlan0: BSS: Remove id 454 BSSID 8a:25:93:4f:36:2e SSID 'jiadao_Guest' due to wpa_bss_flush_by_age
D/wpa_supplicant(27201): CTRL_IFACE monitor send - hexdump(len=41): 2f 64 61 74 61 2f 6d 69 73 63 2f 77 69 66 69 2f 73 6f 63 6b 65 74 73 2f 77 70 61 5f 63 74 72 6c ...
D/wpa_supplicant(27201): wlan0: BSS: Remove id 476 BSSID 82:89:17:9f:0c:3f SSID '' due to wpa_bss_flush_by_age
D/wpa_supplicant(27201): CTRL_IFACE monitor send - hexdump(len=41): 2f 64 61 74 61 2f 6d 69 73 63 2f 77 69 66 69 2f 73 6f 63 6b 65 74 73 2f 77 70 61 5f 63 74 72 6c ...
D/wpa_supplicant(27201): wlan0: BSS: Remove id 453 BSSID 88:25:93:4f:36:2e SSID 'jiadao' due to wpa_bss_flush_by_age
D/wpa_supplicant(27201): CTRL_IFACE monitor send - hexdump(len=41): 2f 64 61 74 61 2f 6d 69 73 63 2f 77 69 66 69 2f 73 6f 63 6b 65 74 73 2f 77 70 61 5f 63 74 72 6c ...
D/wpa_supplicant(27201): wlan0: BSS: Remove id 452 BSSID 88:25:93:4a:23:7e SSID 'jiadao' due to wpa_bss_flush_by_age
D/wpa_supplicant(27201): CTRL_IFACE monitor send - hexdump(len=41): 2f 64 61 74 61 2f 6d 69 73 63 2f 77 69 66 69 2f 73 6f 63 6b 65 74 73 2f 77 70 61 5f 63 74 72 6c ...
D/wpa_supplicant(27201): wlan0: BSS: Remove id 456 BSSID 20:0c:c8:10:81:62 SSID 'enteickeln01' due to wpa_bss_flush_by_age
D/wpa_supplicant(27201): CTRL_IFACE monitor send - hexdump(len=41): 2f 64 61 74 61 2f 6d 69 73 63 2f 77 69 66 69 2f 73 6f 63 6b 65 74 73 2f 77 70 61 5f 63 74 72 6c ...
D/wpa_supplicant(27201): wlan0: BSS: Remove id 455 BSSID 8a:25:93:4f:35:48 SSID 'jiadao_Guest' due to wpa_bss_flush_by_age
D/wpa_supplicant(27201): CTRL_IFACE monitor send - hexdump(len=41): 2f 64 61 74 61 2f 6d 69 73 63 2f 77 69 66 69 2f 73 6f 63 6b 65 74 73 2f 77 70 61 5f 63 74 72 6c ...
D/wpa_supplicant(27201): wlan0: BSS: Remove id 457 BSSID b4:75:0e:4b:52:d4 SSID 'ixiaoxiao' due to wpa_bss_flush_by_age
D/wpa_supplicant(27201): CTRL_IFACE monitor send - hexdump(len=41): 2f 64 61 74 61 2f 6d 69 73 63 2f 77 69 66 69 2f 73 6f 63 6b 65 74 73 2f 77 70 61 5f 63 74 72 6c ...
D/wpa_supplicant(27201): wlan0: BSS: Remove id 459 BSSID 8a:25:93:4f:35:ff SSID 'jiadao_Guest' due to wpa_bss_flush_by_age
D/wpa_supplicant(27201): CTRL_IFACE monitor send - hexdump(len=41): 2f 64 61 74 61 2f 6d 69 73 63 2f 77 69 66 69 2f 73 6f 63 6b 65 74 73 2f 77 70 61 5f 63 74 72 6c ...
D/wpa_supplicant(27201): wlan0: BSS: Remove id 458 BSSID 88:25:93:4f:35:48 SSID 'jiadao' due to wpa_bss_flush_by_age
D/wpa_supplicant(27201): CTRL_IFACE monitor send - hexdump(len=41): 2f 64 61 74 61 2f 6d 69 73 63 2f 77 69 66 69 2f 73 6f 63 6b 65 74 73 2f 77 70 61 5f 63 74 72 6c ...
D/wpa_supplicant(27201): wlan0: BSS: Remove id 460 BSSID 88:25:93:4f:35:ff SSID 'jiadao' due to wpa_bss_flush_by_age
D/wpa_supplicant(27201): CTRL_IFACE monitor send - hexdump(len=41): 2f 64 61 74 61 2f 6d 69 73 63 2f 77 69 66 69 2f 73 6f 63 6b 65 74 73 2f 77 70 61 5f 63 74 72 6c ...
D/wpa_supplicant(27201): wlan0: BSS: Remove id 461 BSSID 24:05:0f:2e:99:d5 SSID 'lunhui' due to wpa_bss_flush_by_age
D/wpa_supplicant(27201): CTRL_IFACE monitor send - hexdump(len=41): 2f 64 61 74 61 2f 6d 69 73 63 2f 77 69 66 69 2f 73 6f 63 6b 65 74 73 2f 77 70 61 5f 63 74 72 6c ...
D/wpa_supplicant(27201): wlan0: BSS: Remove id 462 BSSID c4:8e:8f:c8:69:7b SSID 'FBI\xe4\xb8\x93\xe7\xba\xbf' due to wpa_bss_flush_by_age
D/wpa_supplicant(27201): CTRL_IFACE monitor send - hexdump(len=41): 2f 64 61 74 61 2f 6d 69 73 63 2f 77 69 66 69 2f 73 6f 63 6b 65 74 73 2f 77 70 61 5f 63 74 72 6c ...
D/wpa_supplicant(27201): wlan0: BSS: Remove id 464 BSSID 64:09:80:16:98:7f SSID 'ZBF-2' due to wpa_bss_flush_by_age
D/wpa_supplicant(27201): CTRL_IFACE monitor send - hexdump(len=41): 2f 64 61 74 61 2f 6d 69 73 63 2f 77 69 66 69 2f 73 6f 63 6b 65 74 73 2f 77 70 61 5f 63 74 72 6c ...
D/wpa_supplicant(27201): wlan0: BSS: Remove id 472 BSSID d8:67:d9:d1:f2:78 SSID 'PartyGo-Computer' due to wpa_bss_flush_by_age
D/wpa_supplicant(27201): CTRL_IFACE monitor send - hexdump(len=41): 2f 64 61 74 61 2f 6d 69 73 63 2f 77 69 66 69 2f 73 6f 63 6b 65 74 73 2f 77 70 61 5f 63 74 72 6c ...
D/wpa_supplicant(27201): wlan0: BSS: Remove id 465 BSSID 88:25:93:4a:23:7f SSID 'jiadao_5G' due to wpa_bss_flush_by_age
D/wpa_supplicant(27201): CTRL_IFACE monitor send - hexdump(len=41): 2f 64 61 74 61 2f 6d 69 73 63 2f 77 69 66 69 2f 73 6f 63 6b 65 74 73 2f 77 70 61 5f 63 74 72 6c ...
D/wpa_supplicant(27201): wlan0: BSS: Remove id 467 BSSID b6:75:0e:4b:52:d6 SSID '\x00\x00\x00\x00\x00\x00\x00\x00\x00\x00\x00\x00\x00\x00\x00\x00\x00\x00\x00\x00\x00\x00\x00\x00\x00\x00\x00\x00\x00\x00\x00\x00' due to wpa_bss_flush_by_age
D/wpa_supplicant(27201): CTRL_IFACE monitor send - hexdump(len=41): 2f 64 61 74 61 2f 6d 69 73 63 2f 77 69 66 69 2f 73 6f 63 6b 65 74 73 2f 77 70 61 5f 63 74 72 6c ...
D/wpa_supplicant(27201): wlan0: BSS: Remove id 466 BSSID d8:15:0d:fe:5c:f3 SSID 'ZXMR' due to wpa_bss_flush_by_age
D/wpa_supplicant(27201): CTRL_IFACE monitor send - hexdump(len=41): 2f 64 61 74 61 2f 6d 69 73 63 2f 77 69 66 69 2f 73 6f 63 6b 65 74 73 2f 77 70 61 5f 63 74 72 6c ...
D/wpa_supplicant(27201): wlan0: BSS: Remove id 468 BSSID 28:2c:b2:b2:5b:64 SSID 'shengming' due to wpa_bss_flush_by_age
D/wpa_supplicant(27201): CTRL_IFACE monitor send - hexdump(len=41): 2f 64 61 74 61 2f 6d 69 73 63 2f 77 69 66 69 2f 73 6f 63 6b 65 74 73 2f 77 70 61 5f 63 74 72 6c ...
D/wpa_supplicant(27201): wlan0: BSS: Remove id 477 BSSID 38:b1:db:4f:8f:6b SSID 'HP-Print-6b-LaserJet Pro MFP' due to wpa_bss_flush_by_age
D/wpa_supplicant(27201): CTRL_IFACE monitor send - hexdump(len=41): 2f 64 61 74 61 2f 6d 69 73 63 2f 77 69 66 69 2f 73 6f 63 6b 65 74 73 2f 77 70 61 5f 63 74 72 6c ...
D/wpa_supplicant(27201): wlan0: BSS: Remove id 463 BSSID 78:a1:06:30:7a:c8 SSID 'shengmingwy' due to wpa_bss_flush_by_age
D/wpa_supplicant(27201): CTRL_IFACE monitor send - hexdump(len=41): 2f 64 61 74 61 2f 6d 69 73 63 2f 77 69 66 69 2f 73 6f 63 6b 65 74 73 2f 77 70 61 5f 63 74 72 6c ...
D/wpa_supplicant(27201): wlan0: BSS: Remove id 470 BSSID b4:75:0e:4b:52:d5 SSID 'ixiaoxiao_5G' due to wpa_bss_flush_by_age
D/wpa_supplicant(27201): CTRL_IFACE monitor send - hexdump(len=41): 2f 64 61 74 61 2f 6d 69 73 63 2f 77 69 66 69 2f 73 6f 63 6b 65 74 73 2f 77 70 61 5f 63 74 72 6c ...
D/wpa_supplicant(27201): wlan0: BSS: Remove id 469 BSSID 64:09:80:16:98:80 SSID 'ZBF-2_5G' due to wpa_bss_flush_by_age
D/wpa_supplicant(27201): CTRL_IFACE monitor send - hexdump(len=41): 2f 64 61 74 61 2f 6d 69 73 63 2f 77 69 66 69 2f 73 6f 63 6b 65 74 73 2f 77 70 61 5f 63 74 72 6c ...
D/wpa_supplicant(27201): wlan0: BSS: Remove id 478 BSSID 80:89:17:55:bb:46 SSID 'EasyFlower' due to wpa_bss_flush_by_age
D/wpa_supplicant(27201): CTRL_IFACE monitor send - hexdump(len=41): 2f 64 61 74 61 2f 6d 69 73 63 2f 77 69 66 69 2f 73 6f 63 6b 65 74 73 2f 77 70 61 5f 63 74 72 6c ...
D/wpa_supplicant(27201): wlan0: BSS: Remove id 471 BSSID 3c:46:d8:08:d2:50 SSID '360\xe5\x85\x8d\xe8\xb4\xb9WiFi-VE' due to wpa_bss_flush_by_age
D/wpa_supplicant(27201): CTRL_IFACE monitor send - hexdump(len=41): 2f 64 61 74 61 2f 6d 69 73 63 2f 77 69 66 69 2f 73 6f 63 6b 65 74 73 2f 77 70 61 5f 63 74 72 6c ...
D/wpa_supplicant(27201): wlan0: BSS: Remove id 473 BSSID d8:67:d9:d1:f2:79 SSID 'PartyGo-Technical' due to wpa_bss_flush_by_age
D/wpa_supplicant(27201): CTRL_IFACE monitor send - hexdump(len=41): 2f 64 61 74 61 2f 6d 69 73 63 2f 77 69 66 69 2f 73 6f 63 6b 65 74 73 2f 77 70 61 5f 63 74 72 6c ...
D/wpa_supplicant(27201): wlan0: BSS: Remove id 474 BSSID 5a:e3:47:a5:11:a5 SSID '\xe8\xbf\x99\xe4\xb8\x8d\xe6\x98\xaf\xe4\xbd\xa0\xe7\x9a\x84WiFi' due to wpa_bss_flush_by_age
D/wpa_supplicant(27201): CTRL_IFACE monitor send - hexdump(len=41): 2f 64 61 74 61 2f 6d 69 73 63 2f 77 69 66 69 2f 73 6f 63 6b 65 74 73 2f 77 70 61 5f 63 74 72 6c ...
D/wpa_supplicant(27201): wlan0: BSS: Remove id 475 BSSID 14:cf:92:cb:8d:1a SSID 'sm_developer' due to wpa_bss_flush_by_age
D/wpa_supplicant(27201): CTRL_IFACE monitor send - hexdump(len=41): 2f 64 61 74 61 2f 6d 69 73 63 2f 77 69 66 69 2f 73 6f 63 6b 65 74 73 2f 77 70 61 5f 63 74 72 6c ...
I/ThermalEngine(  389): Sensor:batt_temp:272 mC
I/qdhwcomposer(  246): handle_blank_event: dpy:0 panel power state: 0
E/QCALOG  (  313): [MessageQ] ProcessNewMessage: [XTWWAN-PE] unknown deliver target [OS-Agent]
I/qdhwcomposer(  246): handle_blank_event: dpy:0 panel power state: 0
E/QCALOG  (  313): [MessageQ] ProcessNewMessage: [XT-CS] unknown deliver target [OS-Agent]
E/QCALOG  (  313): [MessageQ] ProcessNewMessage: [XTWiFi-PE] unknown deliver target [OS-Agent]
I/qdhwcomposer(  246): handle_blank_event: dpy:0 panel power state: 0
I/ThermalEngine(  389): Sensor:batt_temp:273 mC
I/TrafficManageService( 2369): mina mTrafficStatsReceiver onReceive
I/TrafficManageService( 2369): mina checkNormalTrafficStatus 
W/ContextImpl( 2369): Calling a method in the system process without a qualified user: android.app.ContextImpl.sendBroadcast:1155 android.content.ContextWrapper.sendBroadcast:365 com.miui.networkassistant.service.tm.TrafficManageService.broadCastDataUsageUpdated:602 com.miui.networkassistant.service.tm.TrafficManageService$6.onReceive:792 android.app.LoadedApk$ReceiverDispatcher$Args.run:761 
D/ConnectivityService( 1235): Sampling interval elapsed, updating statistics ..
D/ConnectivityService( 1235): Done.
D/ConnectivityService( 1235): Setting timer for 720seconds
D/MobileDataStateTracker( 1235): default: setPolicyDataEnable(enabled=true)
I/ThermalEngine(  389): Sensor:batt_temp:273 mC
W/PushService( 1819): 2015-08-17 14:27:57,216 - [WARN::PushService] - [Thread:1] Service called on timer
I/qdhwcomposer(  246): handle_blank_event: dpy:0 panel power state: 0
I/ThermalEngine(  389): Sensor:batt_temp:273 mC
I/qdhwcomposer(  246): handle_blank_event: dpy:0 panel power state: 0
I/qdhwcomposer(  246): handle_blank_event: dpy:0 panel power state: 0
D/MSF.C.NetConnTag( 8280): [E]pa ok: 91432
