D/MSF.C.NetConnTag( 8280): [E]netSend ssoSeq:91432 uin:*8862 cmd:346110978 91507
D/MSF.C.NetConnTag( 8280): [E]netRecv ssoSeq:91432 uin:*8862 cmd:346110978 91543
I/qdhwcomposer(  246): handle_blank_event: dpy:0 panel power state: 0
I/ThermalEngine(  389): Sensor:batt_temp:273 mC
I/qdhwcomposer(  246): handle_blank_event: dpy:0 panel power state: 0
I/qdhwcomposer(  246): handle_blank_event: dpy:0 panel power state: 0
I/ThermalEngine(  389): Sensor:batt_temp:272 mC
E/QCALOG  (  313): [MessageQ] ProcessNewMessage: [XT-CS] unknown deliver target [OS-Agent]
E/QCALOG  (  313): [MessageQ] ProcessNewMessage: [XTWWAN-PE] unknown deliver target [OS-Agent]
E/QCALOG  (  313): [MessageQ] ProcessNewMessage: [XTWiFi-PE] unknown deliver target [OS-Agent]
I/qdhwcomposer(  246): handle_blank_event: dpy:0 panel power state: 0
I/qdhwcomposer(  246): handle_blank_event: dpy:0 panel power state: 0
I/ThermalEngine(  389): Sensor:batt_temp:272 mC
W/PushService( 1819): 2015-08-17 14:30:56,866 - [WARN::PushService] - [Thread:64] JOB: check the ping-pong.
D/AccessSchedulerTrigger( 8221): onAccessSchedulerTriggered by timer, curTime:94049285
I/AccessSchedulerImpl( 8221): onAccessSchedulerTriggered... try to addTask
I/AccessSchedulerImpl( 8221): addTask...
D/AccessSchedulerImpl( 8221): before add, queue size:0
D/AccessSchedulerImpl( 8221): task taked, try scheduler...
I/AccessSchedulerImpl( 8221): scheduler...begin
D/AccessSchedulerImpl( 8221): addTask ret:true
D/AccessSchedulerImpl( 8221): after add, queue size:0
I/DataAccessDBImpl( 8221): updateApnUseTime... for apn:ssid_"jiadao"88:25:93:47:07:eb,updateRet:3
I/AccessSchedulerStorageManager( 8221): updateApnUseTime... apnName:ssid_"jiadao"88:25:93:47:07:eb
I/AccessSchedulerStorageManager( 8221): isNeedScheduler... 
D/AccessSchedulerStorageManager( 8221): try updateCacheInfo...currentApn:ssid_"jiadao"88:25:93:47:07:eb
I/AccessSchedulerStorageManager( 8221): same apn. no need update.
I/AccessSchedulerImpl( 8221): scheduler...no need scheduler. return
D/AccessSchedulerImpl( 8221): try take a task...
I/ActivityManager( 1235): Start proc com.xiaomi.market for service com.xiaomi.market/.data.AppUpdateService: pid=13039 uid=10053 gids={50053, 1028, 1015, 3003}
V/MnsAlarm(MiLinkSDK)(miliao)( 3839): notifyAlarmTime
V/MnsAlarm(MiLinkSDK)(miliao)( 3839): alarm heart beat
W/SessionManager(MiLinkSDK)(miliao)( 3839): onAlarmArrived
W/SessionManager(MiLinkSDK)(miliao)( 3839): Wakelock ACQUIRED :)
V/SessionManager(MiLinkSDK)(miliao)( 3839): session manager state: 3
V/SessionManager(MiLinkSDK)(miliao)( 3839): send heart beat to session
V/Session[No:727](MiLinkSDK)(miliao)( 3839): heartbeat start, seq=280
V/Session[No:727](MiLinkSDK)(miliao)( 3839): handleRequest seq=280 mNeedClientInfo=false [ sIP=123.125.102.22, sPort=80, pIP=null, pPort=0, protocol=tcp, type=recently ]
D/milinknetwork(MiLinkSDK)(miliao)( 3839): TcpConn:wakeup write=1
W/SessionManager(MiLinkSDK)(miliao)( 3839): release wake lock
W/SessionManager(MiLinkSDK)(miliao)( 3839): Wakelock RELEASED :)
D/dalvikvm(13039): GetMethodID: not returning static method Landroid/os/AsyncTask;.setDefaultExecutor (Ljava/util/concurrent/Executor;)V
D/milinknetwork(MiLinkSDK)(miliao)( 3839): TcpConn:wakeup now read=1
D/dalvikvm(13039): GetMethodID: not returning static method Landroid/graphics/drawable/Drawable;.createFromXmlInner (Landroid/content/res/Resources;Lorg/xmlpull/v1/XmlPullParser;Landroid/util/AttributeSet;)Landroid/graphics/drawable/Drawable;
D/dalvikvm(13039): GetMethodID: not returning static method Landroid/text/util/Linkify;.gatherLinks (Ljava/util/ArrayList;Landroid/text/Spannable;Ljava/util/regex/Pattern;[Ljava/lang/String;Landroid/text/util/Linkify$MatchFilter;Landroid/text/util/Linkify$TransformFilter;)V
D/dalvikvm(13039): GetMethodID: not returning static method Landroid/text/util/Linkify;.gatherMapLinks (Ljava/util/ArrayList;Landroid/text/Spannable;)V
D/dalvikvm(13039): GetMethodID: not returning static method Landroid/text/util/Linkify;.pruneOverlaps (Ljava/util/ArrayList;)V
V/ConnectionImpl(MiLinkSDK)(miliao)( 3839): postEventFromNative msg:onMsgProc, arg1=2, arg2=0
V/Session[No:727](MiLinkSDK)(miliao)( 3839): onMsgProc, uMsg=2
V/MiAccountManager(MiLinkSDK)(miliao)( 3839): getB2Token()
V/StreamUtil(MiLinkSDK)(miliao)( 3839): up stream packet don't need b2 token 
V/StreamUtil(MiLinkSDK)(miliao)( 3839): send packet don't need qua and deviceInfo, seq=280, cmd=milink.heartbeat
V/StreamUtil(MiLinkSDK)(miliao)( 3839): up stream packet: seq=280, isPing=false, flag=0, len=116
V/Session[No:727](MiLinkSDK)(miliao)( 3839): connection send data, seq=280
V/ConnectionImpl(MiLinkSDK)(miliao)( 3839): postEventFromNative msg:onSendBegin, arg1=280, arg2=0
V/Session[No:727](MiLinkSDK)(miliao)( 3839): send begin: seq 280
D/milinknetwork(MiLinkSDK)(miliao)( 3839): TcpConn:send over [280],sendLen=116
V/ConnectionImpl(MiLinkSDK)(miliao)( 3839): postEventFromNative msg:onSendEnd, arg1=280, arg2=0
V/Session[No:727](MiLinkSDK)(miliao)( 3839): send end: seq 280
D/dalvikvm(13039): GetMethodID: not returning static method Landroid/text/util/Linkify;.applyLink (Ljava/lang/String;IILandroid/text/Spannable;)V
D/dalvikvm(13039): GetMethodID: not returning static method Landroid/text/util/Linkify;.gatherTelLinks (Ljava/util/ArrayList;Landroid/text/Spannable;)V
D/dalvikvm(13039): GetMethodID: not returning static method Landroid/text/util/Linkify;.addLinks (Landroid/text/Spannable;I)Z
D/dalvikvm(13039): GetMethodID: not returning static method Landroid/text/util/Linkify;.gatherLinks (Ljava/util/ArrayList;Landroid/text/Spannable;Ljava/util/regex/Pattern;[Ljava/lang/String;Landroid/text/util/Linkify$MatchFilter;Landroid/text/util/Linkify$TransformFilter;)V
V/ConnectionImpl(MiLinkSDK)(miliao)( 3839): postEventFromNative msg:onRecv, arg1=0, arg2=0
V/Session[No:727](MiLinkSDK)(miliao)( 3839): recv data:130
V/ReceiveBuffer(MiLinkSDK)(miliao)( 3839): parsePacket start
I/ReceiveBuffer(MiLinkSDK)(miliao)( 3839): getPacketLen start, mPosition=130
I/ReceiveBuffer(MiLinkSDK)(miliao)( 3839): parseNormalPacket start, packetLen = 130, mPosition=130
I/ReceiveBuffer(MiLinkSDK)(miliao)( 3839): parseNormalPacket [packetLen = 130]
V/StreamUtil(MiLinkSDK)(miliao)( 3839): recv data: len=130
V/StreamUtil(MiLinkSDK)(miliao)( 3839): down stream packet: seq=280, encodeType=2, flag=0
V/StreamUtil(MiLinkSDK)(miliao)( 3839): mnscode:0, busicode:0, cmd=milink.heartbeat
V/StreamUtil(MiLinkSDK)(miliao)( 3839): cmd=milink.heartbeat, hasClientInfo =true
V/Session[No:727](MiLinkSDK)(miliao)( 3839):  onRecvDownStream cmd=milink.heartbeat mnscode=0 seq=280 and set mNeedClientInfo=false
V/Session[No:727](MiLinkSDK)(miliao)( 3839): heartbeat success
V/MnsPacketDispatcher(MiLinkSDK)(miliao)( 3839): dispatch packet data, seq=0
V/MnsPacketDispatcher(MiLinkSDK)(miliao)( 3839): ADD_PACKET, seq=-163
V/MnsPacketDispatcher(MiLinkSDK)(miliao)( 3839): DISPATCH_PACKET, mPacketCache.size=1
V/MnsPacketDispatcher(MiLinkSDK)(miliao)( 3839): delivery data, data size=1
I/ReceiveBuffer(MiLinkSDK)(miliao)( 3839): getPacketLen start, mPosition=0
I/ReceiveBuffer(MiLinkSDK)(miliao)( 3839): parseNormalPacket start, packetLen = -1, mPosition=0
V/MnsPacketDispatcher(MiLinkSDK)(miliao)( 3839): delivery data success
D/x       (13039): BitmapCacheInterface - memClass: 134217728, maxMemorySize: 26843545
D/MarketImageProcessor(13039): imageprocessor_jni lib is loaded
D/ImageProcessor(13039): SetScreenshotHeight - 540 x 960
D/Microlog( 3839): Microlog 93792778:[DEBUG]-08-17 14:30:57  [Process:3839][Thread:1] Ping XMChannelService on timer
D/Microlog( 3839): Microlog 93792789:[DEBUG]-08-17 14:30:57  [Process:3839][Thread:1] mNextPingTs 1439793304490
D/Microlog( 3839): Microlog 93792824:[DEBUG]-08-17 14:30:57  [Process:3839][Thread:1] register timer 1439793304490
D/Microlog( 3839): Microlog 93792825:[DEBUG]-08-17 14:30:57  [Process:3839][Thread:1] Service called on timer
D/Microlog( 3839): Microlog 93792825:[DEBUG]-08-17 14:30:57  [Process:3839][Thread:264] PingString  <iq to='xiaomi.com' id='0' chid='0' type='get'><ping xmlns='urn:xmpp:ping'><pf><p>t:10</p></pf></ping></iq>
D/Microlog( 3839): Microlog 93792826:[DEBUG]-08-17 14:30:57  [Process:3839][Thread:264] 42.62.94.172:522293448775,recv,IQ,0,0,result,null,null
D/Microlog( 3839): Microlog 93792829:[DEBUG]-08-17 14:30:57  [Process:3839][Thread:264] 42.62.94.172:522293448775,recv,IQ,1,0,result,null,null
I/Microlog.FileAppender( 3839): Closing the FileAppender
D/MarketLoginManager(13039): account has login
I/lh      (13039): jobIntent is not null
I/lh      (13039): jobIntent is not null
I/lh      (13039): jobIntent is not null
I/lh      (13039): jobIntent is not null
I/lh      (13039): jobIntent is not null
W/ResourceType(13039): No package identifier when getting value for resource number 0x00000000
W/ResourceType(13039): No package identifier when getting value for resource number 0x00000000
I/ThermalEngine(  389): Sensor:batt_temp:273 mC
W/ResourceType(13039): No package identifier when getting value for resource number 0x00000000
W/ResourceType(13039): No package identifier when getting value for resource number 0x00000000
W/ResourceType(13039): No package identifier when getting value for resource number 0x00000000
I/qdhwcomposer(  246): handle_blank_event: dpy:0 panel power state: 0
W/ResourceType(13039): No package identifier when getting value for resource number 0x00000000
W/ResourceType(13039): No package identifier when getting value for resource number 0x00000000
I/qdhwcomposer(  246): handle_blank_event: dpy:0 panel power state: 0
I/ThermalEngine(  389): Sensor:batt_temp:272 mC
W/ResourceType(13039): No package identifier when getting value for resource number 0x00000000
W/ResourceType(13039): No package identifier when getting value for resource number 0x00000000
W/ResourceType(13039): No package identifier when getting value for resource number 0x00000000
W/ResourceType(13039): No package identifier when getting value for resource number 0x00000000
W/PushService( 1819): 2015-08-17 14:32:57,115 - [WARN::PushService] - [Thread:1] Service called on timer
W/ResourceType(13039): No package identifier when getting value for resource number 0x00000000
W/ResourceType(13039): No package identifier when getting value for resource number 0x00000000
W/ResourceType(13039): No package identifier when getting value for resource number 0x00000000
W/ResourceType(13039): No package identifier when getting value for resource number 0x00000000
W/ResourceType(13039): No package identifier when getting value for resource number 0x00000000
I/qdhwcomposer(  246): handle_blank_event: dpy:0 panel power state: 0
W/ResourceType(13039): No package identifier when getting value for resource number 0x00000000
W/ResourceType(13039): No package identifier when getting value for resource number 0x00000000
W/ResourceType(13039): No package identifier when getting value for resource number 0x00000000
I/qdhwcomposer(  246): handle_blank_event: dpy:0 panel power state: 0
E/QCALOG  (  313): [MessageQ] ProcessNewMessage: [LOWI-SERVER] unknown deliver target [OS-Agent]
W/ResourceType(13039): No package identifier when getting value for resource number 0x00000000
I/ThermalEngine(  389): Sensor:batt_temp:273 mC
W/ResourceType(13039): No package identifier when getting value for resource number 0x00000000
W/ResourceType(13039): No package identifier when getting value for resource number 0x00000000
W/ResourceType(13039): No package identifier when getting value for resource number 0x00000000
W/ResourceType(13039): No package identifier when getting value for resource number 0x00000000
W/ResourceType(13039): No package identifier when getting value for resource number 0x00000000
W/ResourceType(13039): No package identifier when getting value for resource number 0x00000000
W/ResourceType(13039): No package identifier when getting value for resource number 0x00000000
W/ResourceType(13039): No package identifier when getting value for resource number 0x00000000
W/ResourceType(13039): No package identifier when getting value for resource number 0x00000000
W/ResourceType(13039): No package identifier when getting value for resource number 0x00000000
W/ResourceType(13039): No package identifier when getting value for resource number 0x00000000
W/ResourceType(13039): No package identifier when getting value for resource number 0x00000000
W/ResourceType(13039): No package identifier when getting value for resource number 0x00000000
W/ResourceType(13039): No package identifier when getting value for resource number 0x00000000
W/ResourceType(13039): No package identifier when getting value for resource number 0x00000000
W/ResourceType(13039): No package identifier when getting value for resource number 0x00000000
W/ResourceType(13039): No package identifier when getting value for resource number 0x00000000
W/ResourceType(13039): No package identifier when getting value for resource number 0x00000000
W/ResourceType(13039): No package identifier when getting value for resource number 0x00000000
W/ResourceType(13039): No package identifier when getting value for resource number 0x00000000
I/qdhwcomposer(  246): handle_blank_event: dpy:0 panel power state: 0
D/MSF.C.NetConnTag( 8280): [E]pa ok: 91433
D/MSF.C.NetConnTag( 8280): [E]netSend ssoSeq:91433 uin:*8862 cmd:346110978 91508
E/QCALOG  (  313): [MessageQ] ProcessNewMessage: [XTWWAN-PE] unknown deliver target [OS-Agent]
E/QCALOG  (  313): [MessageQ] ProcessNewMessage: [XT-CS] unknown deliver target [OS-Agent]
E/QCALOG  (  313): [MessageQ] ProcessNewMessage: [XTWiFi-PE] unknown deliver target [OS-Agent]
I/ThermalEngine(  389): Sensor:batt_temp:273 mC
D/MSF.C.NetConnTag( 8280): [E]netRecv ssoSeq:91433 uin:*8862 cmd:346110978 91544
W/ResourceType(13039): No package identifier when getting value for resource number 0x00000000
W/ResourceType(13039): No package identifier when getting value for resource number 0x00000000
W/ResourceType(13039): No package identifier when getting value for resource number 0x00000000
I/qdhwcomposer(  246): handle_blank_event: dpy:0 panel power state: 0
W/ResourceType(13039): No package identifier when getting value for resource number 0x00000000
W/ResourceType(13039): No package identifier when getting value for resource number 0x00000000
W/ResourceType(13039): No package identifier when getting value for resource number 0x00000000
I/qdhwcomposer(  246): handle_blank_event: dpy:0 panel power state: 0
I/ThermalEngine(  389): Sensor:batt_temp:273 mC
I/qdhwcomposer(  246): handle_blank_event: dpy:0 panel power state: 0
D/dalvikvm( 2661): GC_EXPLICIT freed 1195K, 58% free 35441K/84036K, paused 11ms+12ms, total 146ms
D/Microlog( 3839): Microlog 94039895:[DEBUG]-08-17 14:35:04  [Process:3839][Thread:1] Ping XMChannelService on timer
I/Microlog.FileAppender( 3839): Closing the FileAppender
D/Microlog( 3839): Microlog 94039921:[DEBUG]-08-17 14:35:04  [Process:3839][Thread:1] mNextPingTs 1439793604490
D/Microlog( 3839): Microlog 94039921:[DEBUG]-08-17 14:35:04  [Process:3839][Thread:1] register timer 1439793604490
D/Microlog( 3839): Microlog 94039921:[DEBUG]-08-17 14:35:04  [Process:3839][Thread:1] Service called on timer
D/Microlog( 3839): Microlog 94039922:[DEBUG]-08-17 14:35:04  [Process:3839][Thread:264] PingString  <iq to='xiaomi.com' id='0' chid='0' type='get'><ping xmlns='urn:xmpp:ping'><pf><p>t:29</p></pf></ping></iq>
I/Microlog.FileAppender( 3839): Closing the FileAppender
D/Microlog( 3839): Microlog 94040040:[DEBUG]-08-17 14:35:04  [Process:3839][Thread:264] 42.62.94.172:522293448775,recv,IQ,0,0,result,null,null
D/Microlog( 3839): Microlog 94040040:[DEBUG]-08-17 14:35:04  [Process:3839][Thread:264] 42.62.94.172:522293448775,recv,IQ,1,0,result,null,null
I/Microlog.FileAppender( 3839): Closing the FileAppender
I/qdhwcomposer(  246): handle_blank_event: dpy:0 panel power state: 0
I/ThermalEngine(  389): Sensor:batt_temp:272 mC
D/dalvikvm(13039): JIT code cache reset in 0 ms (4096 bytes 1/0)
D/dalvikvm(13039): GC_CONCURRENT freed 7124K, 38% free 12087K/19396K, paused 4ms+5ms, total 73ms
D/Microlog( 3839): Microlog 94081164:[DEBUG]-08-17 14:35:45  [Process:3839][Thread:264] JOB: check the ping-pong.
I/Microlog.FileAppender( 3839): Closing the FileAppender
I/qdhwcomposer(  246): handle_blank_event: dpy:0 panel power state: 0
I/qdhwcomposer(  246): handle_blank_event: dpy:0 panel power state: 0
I/ThermalEngine(  389): Sensor:batt_temp:272 mC
V/MnsAlarm(MiLinkSDK)(miliao)( 3839): notifyAlarmTime
V/MnsAlarm(MiLinkSDK)(miliao)( 3839): alarm heart beat
W/SessionManager(MiLinkSDK)(miliao)( 3839): onAlarmArrived
W/SessionManager(MiLinkSDK)(miliao)( 3839): Wakelock ACQUIRED :)
V/SessionManager(MiLinkSDK)(miliao)( 3839): session manager state: 3
V/SessionManager(MiLinkSDK)(miliao)( 3839): send heart beat to session
V/Session[No:727](MiLinkSDK)(miliao)( 3839): heartbeat start, seq=281
V/Session[No:727](MiLinkSDK)(miliao)( 3839): handleRequest seq=281 mNeedClientInfo=false [ sIP=123.125.102.22, sPort=80, pIP=null, pPort=0, protocol=tcp, type=recently ]
D/milinknetwork(MiLinkSDK)(miliao)( 3839): TcpConn:wakeup now read=1
V/ConnectionImpl(MiLinkSDK)(miliao)( 3839): postEventFromNative msg:onMsgProc, arg1=2, arg2=0
V/Session[No:727](MiLinkSDK)(miliao)( 3839): onMsgProc, uMsg=2
V/MiAccountManager(MiLinkSDK)(miliao)( 3839): getB2Token()
V/StreamUtil(MiLinkSDK)(miliao)( 3839): up stream packet don't need b2 token 
V/StreamUtil(MiLinkSDK)(miliao)( 3839): send packet don't need qua and deviceInfo, seq=281, cmd=milink.heartbeat
V/StreamUtil(MiLinkSDK)(miliao)( 3839): up stream packet: seq=281, isPing=false, flag=0, len=116
V/Session[No:727](MiLinkSDK)(miliao)( 3839): connection send data, seq=281
V/ConnectionImpl(MiLinkSDK)(miliao)( 3839): postEventFromNative msg:onSendBegin, arg1=281, arg2=0
V/Session[No:727](MiLinkSDK)(miliao)( 3839): send begin: seq 281
D/milinknetwork(MiLinkSDK)(miliao)( 3839): TcpConn:send over [281],sendLen=116
V/ConnectionImpl(MiLinkSDK)(miliao)( 3839): postEventFromNative msg:onSendEnd, arg1=281, arg2=0
V/Session[No:727](MiLinkSDK)(miliao)( 3839): send end: seq 281
D/milinknetwork(MiLinkSDK)(miliao)( 3839): TcpConn:wakeup write=1
W/SessionManager(MiLinkSDK)(miliao)( 3839): release wake lock
W/SessionManager(MiLinkSDK)(miliao)( 3839): Wakelock RELEASED :)
W/System.err(18216): org.json.JSONException: Value [{"service":"com.yx.service.ConnectionService","type":"","value":"","key":""}] of type org.json.JSONArray cannot be converted to JSONObject
W/System.err(18216): 	at org.json.JSON.typeMismatch(JSON.java:111)
W/System.err(18216): 	at org.json.JSONObject.<init>(JSONObject.java:159)
W/System.err(18216): 	at org.json.JSONObject.<init>(JSONObject.java:172)
W/System.err(18216): 	at com.sina.weibo.models.JsonDataObject.initFromJsonString(JsonDataObject.java:34)
W/System.err(18216): 	at com.sina.weibo.models.JsonDataObject.<init>(JsonDataObject.java:24)
W/System.err(18216): 	at com.sina.weibo.guardunion.e.<init>(JsonGuardUnionMap.java:34)
W/System.err(18216): 	at com.sina.weibo.guardunion.c.a(GuardUtils.java:59)
W/System.err(18216): 	at com.sina.weibo.guardunion.a.b(GuardAlipayManager.java:164)
W/System.err(18216): 	at com.sina.weibo.guardunion.a$a.a(GuardAlipayManager.java:76)
W/System.err(18216): 	at com.sina.weibo.guardunion.a$a.doInBackground(GuardAlipayManager.java:49)
W/System.err(18216): 	at com.sina.weibo.u.f.call(ExtendedAsyncTask.java:88)
W/System.err(18216): 	at java.util.concurrent.FutureTask.run(FutureTask.java:237)
W/System.err(18216): 	at java.util.concurrent.ThreadPoolExecutor.runWorker(ThreadPoolExecutor.java:1112)
W/System.err(18216): 	at java.util.concurrent.ThreadPoolExecutor$Worker.run(ThreadPoolExecutor.java:587)
V/ConnectionImpl(MiLinkSDK)(miliao)( 3839): postEventFromNative msg:onRecv, arg1=0, arg2=0
V/Session[No:727](MiLinkSDK)(miliao)( 3839): recv data:130
V/ReceiveBuffer(MiLinkSDK)(miliao)( 3839): parsePacket start
I/ReceiveBuffer(MiLinkSDK)(miliao)( 3839): getPacketLen start, mPosition=130
W/System.err(18216): 	at java.lang.Thread.run(Thread.java:841)
I/ReceiveBuffer(MiLinkSDK)(miliao)( 3839): parseNormalPacket start, packetLen = 130, mPosition=130
I/ReceiveBuffer(MiLinkSDK)(miliao)( 3839): parseNormalPacket [packetLen = 130]
V/StreamUtil(MiLinkSDK)(miliao)( 3839): recv data: len=130
V/StreamUtil(MiLinkSDK)(miliao)( 3839): down stream packet: seq=281, encodeType=2, flag=0
V/StreamUtil(MiLinkSDK)(miliao)( 3839): mnscode:0, busicode:0, cmd=milink.heartbeat
V/StreamUtil(MiLinkSDK)(miliao)( 3839): cmd=milink.heartbeat, hasClientInfo =true
V/Session[No:727](MiLinkSDK)(miliao)( 3839):  onRecvDownStream cmd=milink.heartbeat mnscode=0 seq=281 and set mNeedClientInfo=false
V/Session[No:727](MiLinkSDK)(miliao)( 3839): heartbeat success
V/MnsPacketDispatcher(MiLinkSDK)(miliao)( 3839): dispatch packet data, seq=0
V/MnsPacketDispatcher(MiLinkSDK)(miliao)( 3839): ADD_PACKET, seq=-164
V/MnsPacketDispatcher(MiLinkSDK)(miliao)( 3839): DISPATCH_PACKET, mPacketCache.size=1
V/MnsPacketDispatcher(MiLinkSDK)(miliao)( 3839): delivery data, data size=1
V/MnsPacketDispatcher(MiLinkSDK)(miliao)( 3839): delivery data success
I/ReceiveBuffer(MiLinkSDK)(miliao)( 3839): getPacketLen start, mPosition=0
I/ReceiveBuffer(MiLinkSDK)(miliao)( 3839): parseNormalPacket start, packetLen = -1, mPosition=0
D/dalvikvm( 1235): GC_EXPLICIT freed 1379K, 27% free 24248K/32792K, paused 5ms+16ms, total 197ms
D/dalvikvm( 5838): GC_CONCURRENT freed 8033K, 41% free 12863K/21620K, paused 3ms+4ms, total 280ms
I/qdhwcomposer(  246): handle_blank_event: dpy:0 panel power state: 0
I/ThermalEngine(  389): Sensor:batt_temp:272 mC
D/StatusBar.NetworkController( 1520): onSignalStrengthsChanged received on subscription :0signalStrength=SignalStrength: 99 0 -120 -160 -120 -1 -1 22 -95 -8 234 2147483647 2147483647 gsm|lte level=5
D/cell strength( 1743): ===== cell singal strength changed : 99
I/XiaomiFirewall( 2369): firewall pkgName:com.xiaomi.market, result:0
E/QCALOG  (  313): [MessageQ] ProcessNewMessage: [XT-CS] unknown deliver target [OS-Agent]
E/QCALOG  (  313): [MessageQ] ProcessNewMessage: [XTWWAN-PE] unknown deliver target [OS-Agent]
E/QCALOG  (  313): [MessageQ] ProcessNewMessage: [XTWiFi-PE] unknown deliver target [OS-Agent]
W/PushService( 1819): 2015-08-17 14:37:57,358 - [WARN::PushService] - [Thread:1] Service called on timer
E/MarketDataParser(13039): [AppList] JSON : list is null: No value for miuiApp
I/ThermalEngine(  389): Sensor:batt_temp:273 mC
I/qdhwcomposer(  246): handle_blank_event: dpy:0 panel power state: 0
W/ContextImpl( 1235): Calling a method in the system process without a qualified user: android.app.ContextImpl.sendBroadcast:1155 com.android.internal.policy.impl.BaseMiuiPhoneWindowManager.interceptKeyBeforeQueueingInternal:685 com.android.internal.policy.impl.MiuiPhoneWindowManager.interceptKeyBeforeQueueing:43 com.android.server.wm.InputMonitor.interceptKeyBeforeQueueing:381 com.android.server.input.InputManagerService.interceptKeyBeforeQueueing:1394 
E/QCOM PowerHAL( 1235): Error opening /sys/devices/system/cpu/cpu1/cpufreq/sys_cap_freq: No such file or directory
E/QCOM PowerHAL( 1235): Error opening /sys/devices/system/cpu/cpu2/cpufreq/sys_cap_freq: No such file or directory
I/KLO_Power( 2115): power_screen_broadcast_send event:wakelockCount:1
I/KLO_Power( 2115): screen_toggled event:screen_state:1
V/KeyguardServiceDelegate( 1235): onScreenTurnedOn(showListener = com.android.internal.policy.impl.PhoneWindowManager$20@42e7e2d8)
I/PowerManagerService( 1235): Waking up from sleep...
W/ContextImpl( 1235): Calling a method in the system process without a qualified user: android.app.ContextImpl.sendBroadcast:1155 com.android.internal.policy.impl.BaseMiuiPhoneWindowManager.interceptKeyBeforeQueueingInternal:717 com.android.internal.policy.impl.MiuiPhoneWindowManager.interceptKeyBeforeQueueing:43 com.android.server.wm.InputMonitor.interceptKeyBeforeQueueing:381 com.android.server.input.InputManagerService.interceptKeyBeforeQueueing:1394 
D/DisplayPowerController( 1235): Blocked screen on. RealTime:94517086
I/XiaomiFirewall( 2369): firewall pkgName:com.sina.weibo, result:0
D/SurfaceFlinger(  246): Screen acquired, type=0 flinger=0xb7a5d4c8
D/qdhwcomposer(  246): hwc_blank: Unblanking display: 0
V/KeyguardServiceDelegate( 1235): **** SHOWN CALLED ****
E/EventHub( 1235): Error opening /sys/class/input/input/enabled: No such file or directory
E/EventHub( 1235): Error opening /sys/class/input/input5/enabled: Permission denied
E/EventHub( 1235): Error opening /sys/class/input/input4/enabled: Permission denied
I/WindowManager( 1235): Lock screen displayed!
D/DisplayPowerController( 1235): Unblocked screen on after 67 ms
W/PushService( 1819): 2015-08-17 14:38:45,076 - [WARN::PushService] - [Thread:64] JOB: check the ping-pong.
I/XiaomiFirewall( 2369): firewall pkgName:com.xiaomi.market, result:0
I/qdhwcomposer(  246): handle_blank_event: dpy:0 panel power state: 1
D/qdhwcomposer(  246): hwc_blank: Done unblanking display: 0
D/SurfaceControl( 1235): Excessive delay in unblankDisplay() while turning screen on: 424ms
I/KLO_Power( 2115): power_screen_broadcast_done event:[onOrOff,broadcastDuration,wakelockCount]:[1,503,3]
D/DisplayPowerController( 1235): PROPERTY_SCREEN_COLOR set, currValue:2, default:2
D/DisplayPowerController( 1235): PROPERTY_SCREEN_SATURATION set, currValue:10
D/DisplayPowerController( 1235): PROPERTY_SCREEN_CABC set, currValue:1
D/DisplayPowerState( 1235): Screen ready, Screen On:true, Brightness:68ElectronBeamLevel:1.0
D/wpa_supplicant(27201): RX ctrl_iface - hexdump(len=11): 53 49 47 4e 41 4c 5f 50 4f 4c 4c
D/wpa_supplicant(27201): wlan0: Control interface command 'SIGNAL_POLL'
D/wpa_supplicant(27201): nl80211: survey data missing!
V/SRS_Proc(  249): ParamSet string: screen_state=on
D/audio_hw_primary(  249): adev_set_parameters: enter: screen_state=on
V/msm8974_platform(  249): platform_set_parameters: enter: screen_state=on
V/msm8974_platform(  249): platform_set_parameters: exit with code(0)
D/audio_hw_extn(  249): audio_extn_set_anc_parameters: anc_enabled:0
V/listen_hw(  249): listen_hw_set_parameters: Enter
V/listen_hw(  249): handle_set_parameters: Enter kvpairs=screen_state=on
V/listen_hw(  249): handle_set_parameters: Exit
V/listen_hw(  249): listen_hw_set_parameters: Exit, ret=0
V/audio_hw_primary(  249): adev_set_parameters: exit with code(0)
E/audio_a2dp_hw(  249): adev_set_parameters: ERROR: set param called even when stream out is null
D/wpa_supplicant(27201): RX ctrl_iface - hexdump(len=23): 44 52 49 56 45 52 20 53 45 54 53 55 53 50 45 4e 44 4d 4f 44 45 20 30
D/wpa_supplicant(27201): wlan0: Control interface command 'DRIVER SETSUSPENDMODE 0'
I/ThermalEngine(  389): Sensor:batt_temp:277 mC
D/MarketDownloadInstallManager(13039): Can not find delayed app id - 92796. Will arrange the new download.
I/Analytics(13039): start session(com.xiaomi.market)
E/PPDaemon(  277): int AD::ADInput(int): ad_input ioctl failed, ret = -1, err: Connection timed out
D/cell strength( 1743): ===== cell singal strength changed : 99
D/wpa_supplicant(27201): wpa_driver_nl80211_driver_cmd SETSUSPENDMODE 0 len = 0, 4096
D/wpa_supplicant(27201): nl80211: Drv Event 79 (NL80211_CMD_SET_REKEY_OFFLOAD) received for wlan0
D/wpa_supplicant(27201): nl80211: Rekey offload event for BSSID 88:25:93:47:07:eb
D/wpa_supplicant(27201): nl80211: Rekey offload - Replay Counter - hexdump(len=8): 00 00 00 00 00 00 00 06
D/wpa_supplicant(27201): wlan0: Event DRIVER_GTK_REKEY (45) received
D/Ulp_jni ( 1235): JNI:system_update. Event-0
E/LocSvc_utils_q( 1235): D/msg_q_snd: Sending message with handle = 0x764A2F38
E/LocSvc_utils_ll( 1235): D/linked_list_add: Adding to list data_obj = 0x764A2F38
E/LocSvc_utils_q( 1235): D/msg_q_snd: Finished Sending message with handle = 0x764A2F38
E/LocSvc_utils_ll( 1235): D/linked_list_remove: Removing from list
E/LocSvc_utils_q( 1235): D/msg_q_rcv: Received message 0x764A2F38 rv = 0
E/LocSvc_libulp( 1235): D/void ulp_msg_main(void*) received msg of type: 0x60e
E/LocSvc_libulp( 1235): I/===> int ulp_msg_process_system_update(UlpSystemEvent) line 1429 
E/LocSvc_utils_q( 1235): D/msg_q_rcv: Waiting on message
D/StatusBar.NetworkController( 1520): onSignalStrengthsChanged received on subscription :0signalStrength=SignalStrength: 99 0 -120 -160 -120 -1 -1 22 -95 -7 198 2147483647 2147483647 gsm|lte level=5
D/MSF.C.LogManager( 8280): [E]onReceive broadcastreceiver.action = android.intent.action.SCREEN_ON
W/System.err(18216): org.json.JSONException: Value [{"service":"com.yx.service.ConnectionService","type":"","value":"","key":""}] of type org.json.JSONArray cannot be converted to JSONObject
W/System.err(18216): 	at org.json.JSON.typeMismatch(JSON.java:111)
W/System.err(18216): 	at org.json.JSONObject.<init>(JSONObject.java:159)
W/System.err(18216): 	at org.json.JSONObject.<init>(JSONObject.java:172)
W/System.err(18216): 	at com.sina.weibo.models.JsonDataObject.initFromJsonString(JsonDataObject.java:34)
W/System.err(18216): 	at com.sina.weibo.models.JsonDataObject.<init>(JsonDataObject.java:24)
W/System.err(18216): 	at com.sina.weibo.guardunion.e.<init>(JsonGuardUnionMap.java:34)
W/System.err(18216): 	at com.sina.weibo.guardunion.c.a(GuardUtils.java:59)
W/System.err(18216): 	at com.sina.weibo.guardunion.GuardUnionReceiver.b(GuardUnionReceiver.java:143)
W/System.err(18216): 	at com.sina.weibo.guardunion.GuardUnionReceiver.a(GuardUnionReceiver.java:81)
W/System.err(18216): 	at com.sina.weibo.guardunion.GuardUnionReceiver.onReceive(GuardUnionReceiver.java:52)
W/System.err(18216): 	at android.app.LoadedApk$ReceiverDispatcher$Args.run(LoadedApk.java:761)
W/System.err(18216): 	at android.os.Handler.handleCallback(Handler.java:733)
W/System.err(18216): 	at android.os.Handler.dispatchMessage(Handler.java:95)
W/System.err(18216): 	at android.os.Looper.loop(Looper.java:136)
W/System.err(18216): 	at android.app.ActivityThread.main(ActivityThread.java:5047)
W/System.err(18216): 	at java.lang.reflect.Method.invokeNative(Native Method)
W/System.err(18216): 	at java.lang.reflect.Method.invoke(Method.java:515)
W/System.err(18216): 	at com.android.internal.os.ZygoteInit$MethodAndArgsCaller.run(ZygoteInit.java:793)
W/System.err(18216): 	at com.android.internal.os.ZygoteInit.main(ZygoteInit.java:609)
W/System.err(18216): 	at dalvik.system.NativeStart.main(Native Method)
D/wpa_supplicant(27201): RX ctrl_iface - hexdump(len=14): 53 43 41 4e 20 54 59 50 45 3d 4f 4e 4c 59
D/wpa_supplicant(27201): wlan0: Control interface command 'SCAN TYPE=ONLY'
D/wpa_supplicant(27201): wlan0: Setting scan request: 0 sec 0 usec
D/wpa_supplicant(27201): wlan0: Starting AP scan for wildcard SSID
D/wpa_supplicant(27201): wlan0: nl80211: scan request
D/wpa_supplicant(27201): Scan requested (ret=0) - scan timeout 30 seconds
D/wpa_supplicant(27201): nl80211: Drv Event 33 (NL80211_CMD_TRIGGER_SCAN) received for wlan0
D/wpa_supplicant(27201): wlan0: nl80211: Scan trigger
D/wpa_supplicant(27201): wlan0: Event SCAN_STARTED (57) received
D/wpa_supplicant(27201): wlan0: Own scan request started a scan
I/wpa_supplicant(27201): wlan0: CTRL-EVENT-SCAN-STARTED 
D/wpa_supplicant(27201): CTRL_IFACE monitor send - hexdump(len=41): 2f 64 61 74 61 2f 6d 69 73 63 2f 77 69 66 69 2f 73 6f 63 6b 65 74 73 2f 77 70 61 5f 63 74 72 6c ...
I/ThermalEngine(  389): Sensor:batt_temp:276 mC
W/ContextImpl( 1235): Calling a method in the system process without a qualified user: android.app.ContextImpl.sendBroadcast:1155 com.android.internal.policy.impl.BaseMiuiPhoneWindowManager.interceptKeyBeforeQueueingInternal:685 com.android.internal.policy.impl.MiuiPhoneWindowManager.interceptKeyBeforeQueueing:43 com.android.server.wm.InputMonitor.interceptKeyBeforeQueueing:381 com.android.server.input.InputManagerService.interceptKeyBeforeQueueing:1394 
I/KLO_Power( 2115): power_sleep_requested event:wakelockCleared:0
W/ContextImpl( 1235): Calling a method in the system process without a qualified user: android.app.ContextImpl.sendBroadcast:1155 com.android.internal.policy.impl.BaseMiuiPhoneWindowManager.interceptKeyBeforeQueueingInternal:717 com.android.internal.policy.impl.MiuiPhoneWindowManager.interceptKeyBeforeQueueing:43 com.android.server.wm.InputMonitor.interceptKeyBeforeQueueing:381 com.android.server.input.InputManagerService.interceptKeyBeforeQueueing:1394 
I/PowerManagerService( 1235): Going to sleep by user request...
D/SurfaceFlinger(  246): Screen released, type=0 flinger=0xb7a5d4c8
D/qdhwcomposer(  246): hwc_blank: Blanking display: 0
D/DisplayPowerState( 1235): Screen ready, Screen On:true, Brightness:0ElectronBeamLevel:0.0
D/wpa_supplicant(27201): RTM_NEWLINK: operstate=1 ifi_flags=0x11043 ([UP][RUNNING][LOWER_UP])
D/wpa_supplicant(27201): RTM_NEWLINK, IFLA_IFNAME: Interface 'wlan0' added
D/wpa_supplicant(27201): nl80211: if_removed already cleared - ignore event
D/wpa_supplicant(27201): nl80211: Drv Event 34 (NL80211_CMD_NEW_SCAN_RESULTS) received for wlan0
D/wpa_supplicant(27201): wlan0: nl80211: New scan results available
D/wpa_supplicant(27201): wlan0: Event SCAN_RESULTS (3) received
D/wpa_supplicant(27201): nl80211: Associated on 2472 MHz
D/wpa_supplicant(27201): nl80211: Associated with 88:25:93:47:07:eb
D/wpa_supplicant(27201): nl80211: Received scan results (31 BSSes)
D/wpa_supplicant(27201): nl80211: Survey data missing
D/wpa_supplicant(27201): nl80211: Scan results indicate BSS status with 88:25:93:47:07:eb as associated
D/wpa_supplicant(27201): 88:25:93:47:07:eb freq=2472 qual=0 noise=0 level=-44 flags=0x2b age=10
D/wpa_supplicant(27201): 0a:25:93:4a:23:7e freq=2427 qual=0 noise=0 level=-50 flags=0xb age=10
D/wpa_supplicant(27201): 88:25:93:4a:23:7e freq=2427 qual=0 noise=0 level=-50 flags=0xb age=10
D/wpa_supplicant(27201): 8a:25:93:4f:35:48 freq=2437 qual=0 noise=0 level=-50 flags=0xb age=10
D/wpa_supplicant(27201): 88:25:93:4f:35:48 freq=2437 qual=0 noise=0 level=-50 flags=0xb age=10
D/wpa_supplicant(27201): 88:25:93:4f:36:2e freq=2447 qual=0 noise=0 level=-51 flags=0xb age=10
D/wpa_supplicant(27201): 20:0c:c8:10:81:62 freq=2442 qual=0 noise=0 level=-52 flags=0xb age=10
D/wpa_supplicant(27201): 82:89:17:9f:0c:3f freq=2412 qual=0 noise=0 level=-52 flags=0xb age=10
D/wpa_supplicant(27201): c4:8e:8f:c8:69:7b freq=2472 qual=0 noise=0 level=-53 flags=0xb age=10
D/wpa_supplicant(27201): b4:75:0e:4b:52:d4 freq=2452 qual=0 noise=0 level=-53 flags=0xb age=10
D/wpa_supplicant(27201): 8a:25:93:4f:36:2e freq=2447 qual=0 noise=0 level=-53 flags=0xb age=10
D/wpa_supplicant(27201): 8a:25:93:4f:35:ff freq=2437 qual=0 noise=0 level=-54 flags=0xb age=10
D/wpa_supplicant(27201): 88:25:93:4f:35:ff freq=2437 qual=0 noise=0 level=-54 flags=0xb age=10
D/wpa_supplicant(27201): b6:75:0e:4b:52:d6 freq=2452 qual=0 noise=0 level=-55 flags=0xb age=10
D/wpa_supplicant(27201): 24:05:0f:2e:99:d5 freq=2462 qual=0 noise=0 level=-59 flags=0xb age=10
D/wpa_supplicant(27201): 64:09:80:16:98:7f freq=2422 qual=0 noise=0 level=-63 flags=0xb age=0
D/wpa_supplicant(27201): 78:a1:06:30:7a:c8 freq=2412 qual=0 noise=0 level=-63 flags=0xb age=10
D/wpa_supplicant(27201): 28:2c:b2:b2:5b:64 freq=2412 qual=0 noise=0 level=-64 flags=0xb age=10
D/wpa_supplicant(27201): d8:67:d9:d1:f2:78 freq=2412 qual=0 noise=0 level=-65 flags=0xb age=10
D/wpa_supplicant(27201): d8:15:0d:fe:5c:f3 freq=2437 qual=0 noise=0 level=-66 flags=0xb age=0
D/wpa_supplicant(27201): b4:75:0e:4b:52:d5 freq=5180 qual=0 noise=0 level=-71 flags=0xb age=0
D/wpa_supplicant(27201): 88:25:93:4a:23:7f freq=5785 qual=0 noise=0 level=-71 flags=0xb age=0
D/wpa_supplicant(27201): d8:67:d9:d1:f2:79 freq=2412 qual=0 noise=0 level=-69 flags=0xb age=0
D/wpa_supplicant(27201): 38:b1:db:4f:8f:6b freq=2412 qual=0 noise=0 level=-70 flags=0xb age=0
D/wpa_supplicant(27201): 64:09:80:16:98:80 freq=5745 qual=0 noise=0 level=-75 flags=0xb age=0
D/wpa_supplicant(27201): 80:89:17:55:bb:46 freq=2422 qual=0 noise=0 level=-73 flags=0xb age=0
D/wpa_supplicant(27201): 14:75:90:48:ed:f4 freq=2472 qual=0 noise=0 level=-77 flags=0xb age=0
D/wpa_supplicant(27201): 14:75:90:85:2f:bb freq=2472 qual=0 noise=0 level=-77 flags=0xb age=0
D/wpa_supplicant(27201): 5a:e3:47:a5:11:a5 freq=2462 qual=0 noise=0 level=-80 flags=0xb age=0
D/wpa_supplicant(27201): 14:cf:92:cb:8d:1a freq=2412 qual=0 noise=0 level=-81 flags=0xb age=0
D/wpa_supplicant(27201): ec:26:ca:70:f5:a4 freq=5785 qual=0 noise=0 level=-86 flags=0xb age=0
D/wpa_supplicant(27201): wlan0: BSS: Start scan result update 75
D/wpa_supplicant(27201): wlan0: BSS: Add new id 479 BSSID 0a:25:93:4a:23:7e SSID 'jiadao_Guest'
D/wpa_supplicant(27201): CTRL_IFACE monitor send - hexdump(len=41): 2f 64 61 74 61 2f 6d 69 73 63 2f 77 69 66 69 2f 73 6f 63 6b 65 74 73 2f 77 70 61 5f 63 74 72 6c ...
D/wpa_supplicant(27201): wlan0: BSS: Add new id 480 BSSID 88:25:93:4a:23:7e SSID 'jiadao'
D/wpa_supplicant(27201): CTRL_IFACE monitor send - hexdump(len=41): 2f 64 61 74 61 2f 6d 69 73 63 2f 77 69 66 69 2f 73 6f 63 6b 65 74 73 2f 77 70 61 5f 63 74 72 6c ...
D/wpa_supplicant(27201): wlan0: BSS: Add new id 481 BSSID 8a:25:93:4f:35:48 SSID 'jiadao_Guest'
D/wpa_supplicant(27201): CTRL_IFACE monitor send - hexdump(len=41): 2f 64 61 74 61 2f 6d 69 73 63 2f 77 69 66 69 2f 73 6f 63 6b 65 74 73 2f 77 70 61 5f 63 74 72 6c ...
D/wpa_supplicant(27201): wlan0: BSS: Add new id 482 BSSID 88:25:93:4f:35:48 SSID 'jiadao'
D/wpa_supplicant(27201): CTRL_IFACE monitor send - hexdump(len=41): 2f 64 61 74 61 2f 6d 69 73 63 2f 77 69 66 69 2f 73 6f 63 6b 65 74 73 2f 77 70 61 5f 63 74 72 6c ...
D/wpa_supplicant(27201): wlan0: BSS: Add new id 483 BSSID 88:25:93:4f:36:2e SSID 'jiadao'
D/wpa_supplicant(27201): CTRL_IFACE monitor send - hexdump(len=41): 2f 64 61 74 61 2f 6d 69 73 63 2f 77 69 66 69 2f 73 6f 63 6b 65 74 73 2f 77 70 61 5f 63 74 72 6c ...
D/wpa_supplicant(27201): wlan0: BSS: Add new id 484 BSSID 20:0c:c8:10:81:62 SSID 'enteickeln01'
D/wpa_supplicant(27201): CTRL_IFACE monitor send - hexdump(len=41): 2f 64 61 74 61 2f 6d 69 73 63 2f 77 69 66 69 2f 73 6f 63 6b 65 74 73 2f 77 70 61 5f 63 74 72 6c ...
D/wpa_supplicant(27201): wlan0: BSS: Add new id 485 BSSID 82:89:17:9f:0c:3f SSID ''
D/wpa_supplicant(27201): CTRL_IFACE monitor send - hexdump(len=41): 2f 64 61 74 61 2f 6d 69 73 63 2f 77 69 66 69 2f 73 6f 63 6b 65 74 73 2f 77 70 61 5f 63 74 72 6c ...
D/wpa_supplicant(27201): wlan0: BSS: Add new id 486 BSSID c4:8e:8f:c8:69:7b SSID 'FBI\xe4\xb8\x93\xe7\xba\xbf'
D/wpa_supplicant(27201): CTRL_IFACE monitor send - hexdump(len=41): 2f 64 61 74 61 2f 6d 69 73 63 2f 77 69 66 69 2f 73 6f 63 6b 65 74 73 2f 77 70 61 5f 63 74 72 6c ...
D/wpa_supplicant(27201): wlan0: BSS: Add new id 487 BSSID b4:75:0e:4b:52:d4 SSID 'ixiaoxiao'
D/wpa_supplicant(27201): CTRL_IFACE monitor send - hexdump(len=41): 2f 64 61 74 61 2f 6d 69 73 63 2f 77 69 66 69 2f 73 6f 63 6b 65 74 73 2f 77 70 61 5f 63 74 72 6c ...
D/wpa_supplicant(27201): wlan0: BSS: Add new id 488 BSSID 8a:25:93:4f:36:2e SSID 'jiadao_Guest'
D/wpa_supplicant(27201): CTRL_IFACE monitor send - hexdump(len=41): 2f 64 61 74 61 2f 6d 69 73 63 2f 77 69 66 69 2f 73 6f 63 6b 65 74 73 2f 77 70 61 5f 63 74 72 6c ...
D/wpa_supplicant(27201): wlan0: BSS: Add new id 489 BSSID 8a:25:93:4f:35:ff SSID 'jiadao_Guest'
D/wpa_supplicant(27201): CTRL_IFACE monitor send - hexdump(len=41): 2f 64 61 74 61 2f 6d 69 73 63 2f 77 69 66 69 2f 73 6f 63 6b 65 74 73 2f 77 70 61 5f 63 74 72 6c ...
D/wpa_supplicant(27201): wlan0: BSS: Add new id 490 BSSID 88:25:93:4f:35:ff SSID 'jiadao'
D/wpa_supplicant(27201): CTRL_IFACE monitor send - hexdump(len=41): 2f 64 61 74 61 2f 6d 69 73 63 2f 77 69 66 69 2f 73 6f 63 6b 65 74 73 2f 77 70 61 5f 63 74 72 6c ...
D/wpa_supplicant(27201): wlan0: BSS: Add new id 491 BSSID b6:75:0e:4b:52:d6 SSID '\x00\x00\x00\x00\x00\x00\x00\x00\x00\x00\x00\x00\x00\x00\x00\x00\x00\x00\x00\x00\x00\x00\x00\x00\x00\x00\x00\x00\x00\x00\x00\x00'
D/wpa_supplicant(27201): CTRL_IFACE monitor send - hexdump(len=41): 2f 64 61 74 61 2f 6d 69 73 63 2f 77 69 66 69 2f 73 6f 63 6b 65 74 73 2f 77 70 61 5f 63 74 72 6c ...
D/wpa_supplicant(27201): wlan0: BSS: Add new id 492 BSSID 24:05:0f:2e:99:d5 SSID 'lunhui'
D/wpa_supplicant(27201): CTRL_IFACE monitor send - hexdump(len=41): 2f 64 61 74 61 2f 6d 69 73 63 2f 77 69 66 69 2f 73 6f 63 6b 65 74 73 2f 77 70 61 5f 63 74 72 6c ...
D/wpa_supplicant(27201): wlan0: BSS: Add new id 493 BSSID 64:09:80:16:98:7f SSID 'ZBF-2'
D/wpa_supplicant(27201): CTRL_IFACE monitor send - hexdump(len=41): 2f 64 61 74 61 2f 6d 69 73 63 2f 77 69 66 69 2f 73 6f 63 6b 65 74 73 2f 77 70 61 5f 63 74 72 6c ...
D/wpa_supplicant(27201): wlan0: BSS: Add new id 494 BSSID 78:a1:06:30:7a:c8 SSID 'shengmingwy'
D/wpa_supplicant(27201): CTRL_IFACE monitor send - hexdump(len=41): 2f 64 61 74 61 2f 6d 69 73 63 2f 77 69 66 69 2f 73 6f 63 6b 65 74 73 2f 77 70 61 5f 63 74 72 6c ...
D/wpa_supplicant(27201): wlan0: BSS: Add new id 495 BSSID 28:2c:b2:b2:5b:64 SSID 'shengming'
D/wpa_supplicant(27201): CTRL_IFACE monitor send - hexdump(len=41): 2f 64 61 74 61 2f 6d 69 73 63 2f 77 69 66 69 2f 73 6f 63 6b 65 74 73 2f 77 70 61 5f 63 74 72 6c ...
D/wpa_supplicant(27201): wlan0: BSS: Add new id 496 BSSID d8:67:d9:d1:f2:78 SSID 'PartyGo-Computer'
D/wpa_supplicant(27201): CTRL_IFACE monitor send - hexdump(len=41): 2f 64 61 74 61 2f 6d 69 73 63 2f 77 69 66 69 2f 73 6f 63 6b 65 74 73 2f 77 70 61 5f 63 74 72 6c ...
D/wpa_supplicant(27201): wlan0: BSS: Add new id 497 BSSID d8:15:0d:fe:5c:f3 SSID 'ZXMR'
D/wpa_supplicant(27201): CTRL_IFACE monitor send - hexdump(len=41): 2f 64 61 74 61 2f 6d 69 73 63 2f 77 69 66 69 2f 73 6f 63 6b 65 74 73 2f 77 70 61 5f 63 74 72 6c ...
D/wpa_supplicant(27201): wlan0: BSS: Add new id 498 BSSID b4:75:0e:4b:52:d5 SSID 'ixiaoxiao_5G'
D/wpa_supplicant(27201): CTRL_IFACE monitor send - hexdump(len=41): 2f 64 61 74 61 2f 6d 69 73 63 2f 77 69 66 69 2f 73 6f 63 6b 65 74 73 2f 77 70 61 5f 63 74 72 6c ...
D/wpa_supplicant(27201): wlan0: BSS: Add new id 499 BSSID 88:25:93:4a:23:7f SSID 'jiadao_5G'
D/wpa_supplicant(27201): CTRL_IFACE monitor send - hexdump(len=41): 2f 64 61 74 61 2f 6d 69 73 63 2f 77 69 66 69 2f 73 6f 63 6b 65 74 73 2f 77 70 61 5f 63 74 72 6c ...
D/wpa_supplicant(27201): wlan0: BSS: Add new id 500 BSSID d8:67:d9:d1:f2:79 SSID 'PartyGo-Technical'
D/wpa_supplicant(27201): CTRL_IFACE monitor send - hexdump(len=41): 2f 64 61 74 61 2f 6d 69 73 63 2f 77 69 66 69 2f 73 6f 63 6b 65 74 73 2f 77 70 61 5f 63 74 72 6c ...
D/wpa_supplicant(27201): wlan0: BSS: Add new id 501 BSSID 38:b1:db:4f:8f:6b SSID 'HP-Print-6b-LaserJet Pro MFP'
D/wpa_supplicant(27201): CTRL_IFACE monitor send - hexdump(len=41): 2f 64 61 74 61 2f 6d 69 73 63 2f 77 69 66 69 2f 73 6f 63 6b 65 74 73 2f 77 70 61 5f 63 74 72 6c ...
D/wpa_supplicant(27201): wlan0: BSS: Add new id 502 BSSID 64:09:80:16:98:80 SSID 'ZBF-2_5G'
D/wpa_supplicant(27201): CTRL_IFACE monitor send - hexdump(len=41): 2f 64 61 74 61 2f 6d 69 73 63 2f 77 69 66 69 2f 73 6f 63 6b 65 74 73 2f 77 70 61 5f 63 74 72 6c ...
D/wpa_supplicant(27201): wlan0: BSS: Add new id 503 BSSID 80:89:17:55:bb:46 SSID 'EasyFlower'
D/wpa_supplicant(27201): CTRL_IFACE monitor send - hexdump(len=41): 2f 64 61 74 61 2f 6d 69 73 63 2f 77 69 66 69 2f 73 6f 63 6b 65 74 73 2f 77 70 61 5f 63 74 72 6c ...
D/wpa_supplicant(27201): wlan0: BSS: Add new id 504 BSSID 14:75:90:48:ed:f4 SSID 'EasyFlower'
D/wpa_supplicant(27201): CTRL_IFACE monitor send - hexdump(len=41): 2f 64 61 74 61 2f 6d 69 73 63 2f 77 69 66 69 2f 73 6f 63 6b 65 74 73 2f 77 70 61 5f 63 74 72 6c ...
D/wpa_supplicant(27201): wlan0: BSS: Add new id 505 BSSID 14:75:90:85:2f:bb SSID 'EasyFlower'
D/wpa_supplicant(27201): CTRL_IFACE monitor send - hexdump(len=41): 2f 64 61 74 61 2f 6d 69 73 63 2f 77 69 66 69 2f 73 6f 63 6b 65 74 73 2f 77 70 61 5f 63 74 72 6c ...
D/wpa_supplicant(27201): wlan0: BSS: Add new id 506 BSSID 5a:e3:47:a5:11:a5 SSID '\xe8\xbf\x99\xe4\xb8\x8d\xe6\x98\xaf\xe4\xbd\xa0\xe7\x9a\x84WiFi'
D/wpa_supplicant(27201): CTRL_IFACE monitor send - hexdump(len=41): 2f 64 61 74 61 2f 6d 69 73 63 2f 77 69 66 69 2f 73 6f 63 6b 65 74 73 2f 77 70 61 5f 63 74 72 6c ...
D/wpa_supplicant(27201): wlan0: BSS: Add new id 507 BSSID 14:cf:92:cb:8d:1a SSID 'sm_developer'
D/wpa_supplicant(27201): CTRL_IFACE monitor send - hexdump(len=41): 2f 64 61 74 61 2f 6d 69 73 63 2f 77 69 66 69 2f 73 6f 63 6b 65 74 73 2f 77 70 61 5f 63 74 72 6c ...
D/wpa_supplicant(27201): wlan0: BSS: Add new id 508 BSSID ec:26:ca:70:f5:a4 SSID 'cpbao_wifi2'
D/wpa_supplicant(27201): CTRL_IFACE monitor send - hexdump(len=41): 2f 64 61 74 61 2f 6d 69 73 63 2f 77 69 66 69 2f 73 6f 63 6b 65 74 73 2f 77 70 61 5f 63 74 72 6c ...
D/wpa_supplicant(27201): BSS: last_scan_res_used=31/64 last_scan_full=0
D/wpa_supplicant(27201): wlan0: Scan-only results received
D/wpa_supplicant(27201): CTRL_IFACE monitor send - hexdump(len=41): 2f 64 61 74 61 2f 6d 69 73 63 2f 77 69 66 69 2f 73 6f 63 6b 65 74 73 2f 77 70 61 5f 63 74 72 6c ...
D/wpa_supplicant(27201): wlan0: P2P: Station mode scan operation not pending anymore (sta_scan_pending=0 p2p_cb_on_scan_complete=0)
D/wpa_supplicant(27201): RX ctrl_iface - hexdump(len=25): 42 53 53 20 52 41 4e 47 45 3d 30 2d 20 4d 41 53 4b 3d 30 78 32 33 39 38 37
D/wpa_supplicant(27201): wlan0: Control interface command 'BSS RANGE=0- MASK=0x23987'
D/wpa_supplicant(27201): RX ctrl_iface - hexdump(len=27): 42 53 53 20 52 41 4e 47 45 3d 35 30 32 2d 20 4d 41 53 4b 3d 30 78 32 33 39 38 37
D/wpa_supplicant(27201): wlan0: Control interface command 'BSS RANGE=502- MASK=0x23987'
D/LBSSystemMonitorService( 1235): handleMessage what - 4
D/Wiper_jni( 1235): Send Network Location.
E/LocSvc_utils_q( 1235): D/msg_q_snd: Sending message with handle = 0x71AE38F0
E/LocSvc_utils_ll( 1235): D/linked_list_add: Adding to list data_obj = 0x71AE38F0
E/LocSvc_utils_q( 1235): D/msg_q_snd: Finished Sending message with handle = 0x71AE38F0
E/LocSvc_utils_ll( 1235): D/linked_list_remove: Removing from list
E/LocSvc_utils_q( 1235): D/msg_q_rcv: Received message 0x71AE38F0 rv = 0
E/LocSvc_LBSApiV02( 1235): D/virtual int lbs_core::LBSApiV02::injectWifiPosition(WifiLocation):184]: Hepe=1000 rawHepe=0
E/LocSvc_api_v02( 1235): I/---> locClientSendReq line 2360 QMI_LOC_INJECT_WIFI_POSITION_REQ_V02
E/LocSvc_ApiV02( 1235): I/<--- void globalRespCb(locClientHandleType, uint32_t, locClientRespIndUnionType, void*) line 106 QMI_LOC_INJECT_WIFI_POSITION_REQ_V02
E/LocSvc_api_v02( 1235): D/loc_free_slot:299]: freeing slot 0
E/LocSvc_MsgTask( 1235): D/MsgTask::loop() 2188 listening ...
E/LocSvc_utils_q( 1235): D/msg_q_rcv: Waiting on message
V/MSAPMReceiver( 8478): Got intent:android.net.wifi.SCAN_RESULTS
V/MSAPMReceiver( 8478): Got intent SCAN_RESULTS
V/MSAPM   ( 8478): notify_scan_results_available
E/MSAPM   ( 8478): Handler not yet initialized. Can't send!
I/qdhwcomposer(  246): handle_blank_event: dpy:0 panel power state: 0
D/qdhwcomposer(  246): hwc_blank: Done blanking display: 0
D/SurfaceControl( 1235): Excessive delay in blankDisplay() while turning screen off: 341ms
E/EventHub( 1235): Error opening /sys/class/input/input/enabled: No such file or directory
E/EventHub( 1235): Error opening /sys/class/input/input5/enabled: Permission denied
E/EventHub( 1235): Error opening /sys/class/input/input4/enabled: Permission denied
I/KLO_Power( 2115): power_screen_broadcast_send event:wakelockCount:1
I/KLO_Power( 2115): screen_toggled event:screen_state:0
I/KLO_Power( 2115): last_screen_toggle_on_time:1439793524, this toggle:1439793527
D/DisplayPowerState( 1235): Screen ready, Screen On:false, Brightness:0ElectronBeamLevel:0.0
D/wpa_supplicant(27201): RX ctrl_iface - hexdump(len=23): 44 52 49 56 45 52 20 53 45 54 53 55 53 50 45 4e 44 4d 4f 44 45 20 31
D/wpa_supplicant(27201): wlan0: Control interface command 'DRIVER SETSUSPENDMODE 1'
V/SRS_Proc(  249): ParamSet string: screen_state=off
D/audio_hw_primary(  249): adev_set_parameters: enter: screen_state=off
V/msm8974_platform(  249): platform_set_parameters: enter: screen_state=off
V/msm8974_platform(  249): platform_set_parameters: exit with code(0)
D/audio_hw_extn(  249): audio_extn_set_anc_parameters: anc_enabled:0
V/listen_hw(  249): listen_hw_set_parameters: Enter
V/listen_hw(  249): handle_set_parameters: Enter kvpairs=screen_state=off
V/listen_hw(  249): handle_set_parameters: Exit
V/listen_hw(  249): listen_hw_set_parameters: Exit, ret=0
V/audio_hw_primary(  249): adev_set_parameters: exit with code(0)
E/audio_a2dp_hw(  249): adev_set_parameters: ERROR: set param called even when stream out is null
D/wpa_supplicant(27201): wpa_driver_nl80211_driver_cmd SETSUSPENDMODE 1 len = 0, 4096
D/StandbyModeManager( 8280): [E]stop try start standby by mobileOff ON when screenoff
I/XiaomiFirewall( 2369): firewall pkgName:com.xiaomi.market, result:0
D/MSF.C.LogManager( 8280): [E]onReceive broadcastreceiver.action = android.intent.action.SCREEN_OFF
I/ThermalEngine(  389): Sensor:batt_temp:273 mC
I/KLO_Power( 2115): power_screen_broadcast_done event:[onOrOff,broadcastDuration,wakelockCount]:[0,164,1]
E/Diag_Lib(  557): [IMS_FATAL]| 3061 | 662 |ims-rtp-daemon ims_rtp_qmi_handler_thread_func waiting on select thread>
I/XLDownloadManager( 9795): mPeeridPath=/storage/emulated/0/.dlprovider/
I/XLDownloadManager( 9795): write peerid=867826020452322V
D/JNI_XLDownloadLib( 9795): function Java_com_xunlei_downloadlib_XLLoader_init end, ret = 9000
I/XLDownloadManager( 9795): doMonitorNetworkChange()
D/JNI_XLDownloadLib( 9795): function Java_com_xunlei_downloadlib_XLLoader_XLSetLocalProperty end, key = PhoneModel, keylen = 10, value_value = MI 4LTE, valuelen = 7, ret = 9000
D/JNI_XLDownloadLib( 9795): function Java_com_xunlei_downloadlib_XLLoader_setMiUiVersion end, miuiVersion = V6.6.5.0.KXDCNCF, len = 16, ret = 9000
I/XLDownloadManager( 9795): write peerid=867826020452322V
D/JNI_XLDownloadLib( 9795): function Java_com_xunlei_downloadlib_XLLoader_VipChannelInit end, ret = 2
D/JNI_XLDownloadLib( 9795): function Java_com_xunlei_downloadlib_XLLoader_notifyNetWorkType end, networktype = 9, ret = 9000
D/JNI_XLDownloadLib( 9795): function Java_com_xunlei_downloadlib_XLLoader_setNotifyWifiBSSID end, bssid = hmu@, ret = 9000
D/TAG_DownloadReceiver( 9795): onReceive nettype=9, bssid="jiadao"
