I/DownloadManager( 9795): in runInternal, Download http://f1.market.mi-img.com/download/AppStore/0031c547a0a5e1cf4e81d7466d29f2db168418c50/HeHa_1.9.6_61.mds, id=129
I/XiaomiFirewall( 2369): firewall pkgName:com.android.providers.downloads, result:0
D/JNI_XLDownloadLib( 9795): function Java_com_xunlei_downloadlib_XLLoader_createP2spTask end, ret = 9000
D/WhetstoneStrategy( 1804): [DENIED] [broadcast]callerPackage com.android.providers.downloads start process with Intent { act=com.downloads.notification.action.init flg=0x30 } componentName{com.android.providers.downloads.ui/com.android.providers.downloads.ui.notification.NotificationReveiver}
D/JNI_XLDownloadLib( 9795): function Java_com_xunlei_downloadlib_XLLoader_XLSetDownloadTaskOrigin end, taskOrigin = com.xiaomi.market, taskId = 1000, len = 17,  ret = 9000
W/BroadcastQueue( 1235): Unable to launch app com.android.providers.downloads.ui/10008 for broadcast Intent { act=com.downloads.notification.action.init flg=0x30 }: process is bad
D/JNI_XLDownloadLib( 9795): function Java_com_xunlei_downloadlib_XLLoader_XLSetOriginUserAgent end, token=AndroidDownloadManager/4.4.4 (Linux; U; Android 4.4.4; MI 4LTE Build/KTU84P), ret = 9000
D/JNI_XLDownloadLib( 9795): function name: Java_com_xunlei_downloadlib_XLLoader_XLSetHttpHeaderProperty name: appId value: 92796 end, namesize=5 valuesize = 5, ret = 9000
D/JNI_XLDownloadLib( 9795): function Java_com_xunlei_downloadlib_XLLoader_startTask end, ret = 9000
E/Diag_Lib(  557): [IMS_FATAL]| 3061 | 662 |ims-rtp-daemon ims_rtp_qmi_handler_thread_func waiting on select thread>
D/JNI_XLDownloadLib( 9795): function Java_com_xunlei_downloadlib_XLLoader_getDownloadHeader end, ret = 9000, response=
I/ThermalEngine(  389): Sensor:batt_temp:273 mC
D/JNI_XLDownloadLib( 9795): function Java_com_xunlei_downloadlib_XLLoader_getDownloadHeader end, ret = 9000, response=HTTP/1.1 200 OK
D/JNI_XLDownloadLib( 9795): Server: ATS/4.0.2
D/JNI_XLDownloadLib( 9795): Content-Type: application/octet-stream
D/JNI_XLDownloadLib( 9795): Content-Length: 13431698
D/JNI_XLDownloadLib( 9795): Last-Modified: Sun, 16 Aug 2015 08:56:00 GMT
D/JNI_XLDownloadLib( 9795): X-Down-Miss: lg-miui-file-fe09.bj
D/JNI_XLDownloadLib( 9795): Expires: Sun, 13 Sep 2015 08:56:01 GMT
D/JNI_XLDownloadLib( 9795): Cache-Control: max-age=2419200
D/JNI_XLDownloadLib( 9795): Date: Mon, 17 Aug 2015 05:05:03 GMT
D/JNI_XLDownloadLib( 9795): Connection: keep-alive
D/JNI_XLDownloadLib( 9795): Via: http/1.1 miCDN (ApacheTrafficServer/4.0.2 [cHs f ])
E/QCALOG  (  313): [MessageQ] ProcessNewMessage: [XTWWAN-PE] unknown deliver target [OS-Agent]
E/QCALOG  (  313): [MessageQ] ProcessNewMessage: [XT-CS] unknown deliver target [OS-Agent]
E/QCALOG  (  313): [MessageQ] ProcessNewMessage: [XTWiFi-PE] unknown deliver target [OS-Agent]
D/JNI_XLDownloadLib( 9795): function Java_com_xunlei_downloadlib_XLLoader_setFileName end, filename=/storage/emulated/0/MiMarket/files/HeHa_1.9.6_61.mds.midownload, ret = 9000, filesize=63, file_len=63
D/JNI_XLDownloadLib( 9795): function Java_com_xunlei_downloadlib_XLLoader_getTaskInfo begin, query_mode = 0
D/JNI_XLDownloadLib( 9795): function Java_com_xunlei_downloadlib_XLLoader_getTaskInfo----taskid:1000, 13431698, 33832, 225256, status:1, errorcode:0, queryIndexStatus:1
D/JNI_XLDownloadLib( 9795): function Java_com_xunlei_downloadlib_XLLoader_getTaskInfo end, ret = 9000
I/ThermalEngine(  389): Sensor:batt_temp:273 mC
D/JNI_XLDownloadLib( 9795): function Java_com_xunlei_downloadlib_XLLoader_getTaskInfo begin, query_mode = 0
D/JNI_XLDownloadLib( 9795): function Java_com_xunlei_downloadlib_XLLoader_getTaskInfo----taskid:1000, 13431698, 988128, 808726, status:1, errorcode:0, queryIndexStatus:2
D/JNI_XLDownloadLib( 9795): function Java_com_xunlei_downloadlib_XLLoader_getTaskInfo end, ret = 9000
D/Microlog( 3839): Microlog 94265529:[DEBUG]-08-17 14:38:50  [Process:3839][Thread:264] JOB: check the ping-pong.
I/Microlog.FileAppender( 3839): Closing the FileAppender
I/TrafficManageService( 2369): mina mTrafficStatsReceiver onReceive
I/TrafficManageService( 2369): mina checkNormalTrafficStatus 
W/ContextImpl( 2369): Calling a method in the system process without a qualified user: android.app.ContextImpl.sendBroadcast:1155 android.content.ContextWrapper.sendBroadcast:365 com.miui.networkassistant.service.tm.TrafficManageService.broadCastDataUsageUpdated:602 com.miui.networkassistant.service.tm.TrafficManageService$6.onReceive:792 android.app.LoadedApk$ReceiverDispatcher$Args.run:761 
D/MobileDataStateTracker( 1235): default: setPolicyDataEnable(enabled=true)
I/ThermalEngine(  389): Sensor:batt_temp:273 mC
D/JNI_XLDownloadLib( 9795): function Java_com_xunlei_downloadlib_XLLoader_getTaskInfo begin, query_mode = 0
D/JNI_XLDownloadLib( 9795): function Java_com_xunlei_downloadlib_XLLoader_getTaskInfo----taskid:1000, 13431698, 2170398, 982525, status:1, errorcode:0, queryIndexStatus:2
D/JNI_XLDownloadLib( 9795): function Java_com_xunlei_downloadlib_XLLoader_getTaskInfo end, ret = 9000
I/XiaomiFirewall( 2369): firewall pkgName:com.android.providers.downloads, result:0
I/ThermalEngine(  389): Sensor:batt_temp:273 mC
D/JNI_XLDownloadLib( 9795): function Java_com_xunlei_downloadlib_XLLoader_getTaskInfo begin, query_mode = 0
D/JNI_XLDownloadLib( 9795): function Java_com_xunlei_downloadlib_XLLoader_getTaskInfo----taskid:1000, 13431698, 3185596, 1015412, status:1, errorcode:0, queryIndexStatus:2
D/JNI_XLDownloadLib( 9795): function Java_com_xunlei_downloadlib_XLLoader_getTaskInfo end, ret = 9000
W/PushService( 1819): 2015-08-17 14:38:51,731 - [WARN::PushService] - [Thread:64] JOB: check the ping-pong.
I/TrafficManageService( 2369): mina mTrafficStatsReceiver onReceive
I/TrafficManageService( 2369): mina checkNormalTrafficStatus 
W/ContextImpl( 2369): Calling a method in the system process without a qualified user: android.app.ContextImpl.sendBroadcast:1155 android.content.ContextWrapper.sendBroadcast:365 com.miui.networkassistant.service.tm.TrafficManageService.broadCastDataUsageUpdated:602 com.miui.networkassistant.service.tm.TrafficManageService$6.onReceive:792 android.app.LoadedApk$ReceiverDispatcher$Args.run:761 
D/MobileDataStateTracker( 1235): default: setPolicyDataEnable(enabled=true)
I/ThermalEngine(  389): Sensor:batt_temp:273 mC
D/JNI_XLDownloadLib( 9795): function Java_com_xunlei_downloadlib_XLLoader_getTaskInfo begin, query_mode = 0
D/JNI_XLDownloadLib( 9795): function Java_com_xunlei_downloadlib_XLLoader_getTaskInfo----taskid:1000, 13431698, 4312442, 1016229, status:1, errorcode:0, queryIndexStatus:2
D/JNI_XLDownloadLib( 9795): function Java_com_xunlei_downloadlib_XLLoader_getTaskInfo end, ret = 9000
I/ThermalEngine(  389): Sensor:batt_temp:273 mC
E/QCALOG  (  313): [MessageQ] ProcessNewMessage: [XTWWAN-PE] unknown deliver target [OS-Agent]
E/QCALOG  (  313): [MessageQ] ProcessNewMessage: [XTWiFi-PE] unknown deliver target [OS-Agent]
E/QCALOG  (  313): [MessageQ] ProcessNewMessage: [XT-CS] unknown deliver target [OS-Agent]
D/JNI_XLDownloadLib( 9795): function Java_com_xunlei_downloadlib_XLLoader_getTaskInfo begin, query_mode = 0
D/JNI_XLDownloadLib( 9795): function Java_com_xunlei_downloadlib_XLLoader_getTaskInfo----taskid:1000, 13431698, 4443514, 828904, status:1, errorcode:0, queryIndexStatus:2
D/JNI_XLDownloadLib( 9795): function Java_com_xunlei_downloadlib_XLLoader_getTaskInfo end, ret = 9000
I/ThermalEngine(  389): Sensor:batt_temp:272 mC
D/JNI_XLDownloadLib( 9795): function Java_com_xunlei_downloadlib_XLLoader_getTaskInfo begin, query_mode = 0
D/JNI_XLDownloadLib( 9795): function Java_com_xunlei_downloadlib_XLLoader_getTaskInfo----taskid:1000, 13431698, 4443514, 644879, status:1, errorcode:0, queryIndexStatus:2
D/JNI_XLDownloadLib( 9795): function Java_com_xunlei_downloadlib_XLLoader_getTaskInfo end, ret = 9000
I/XiaomiFirewall( 2369): firewall pkgName:com.android.providers.downloads, result:0
D/Microlog( 3839): Microlog 94270677:[DEBUG]-08-17 14:38:55  [Process:3839][Thread:264] JOB: check the ping-pong.
I/Microlog.FileAppender( 3839): Closing the FileAppender
I/ThermalEngine(  389): Sensor:batt_temp:272 mC
D/cell strength( 1743): ===== cell singal strength changed : 99
D/StatusBar.NetworkController( 1520): onSignalStrengthsChanged received on subscription :0signalStrength=SignalStrength: 99 0 -120 -160 -120 -1 -1 22 -95 -8 210 2147483647 2147483647 gsm|lte level=5
D/JNI_XLDownloadLib( 9795): function Java_com_xunlei_downloadlib_XLLoader_getTaskInfo begin, query_mode = 0
D/JNI_XLDownloadLib( 9795): function Java_com_xunlei_downloadlib_XLLoader_getTaskInfo----taskid:1000, 13431698, 4574586, 435058, status:1, errorcode:0, queryIndexStatus:2
D/JNI_XLDownloadLib( 9795): function Java_com_xunlei_downloadlib_XLLoader_getTaskInfo end, ret = 9000
I/ThermalEngine(  389): Sensor:batt_temp:273 mC
D/JNI_XLDownloadLib( 9795): function Java_com_xunlei_downloadlib_XLLoader_getTaskInfo begin, query_mode = 0
D/JNI_XLDownloadLib( 9795): function Java_com_xunlei_downloadlib_XLLoader_getTaskInfo----taskid:1000, 13431698, 5023334, 315320, status:1, errorcode:0, queryIndexStatus:2
D/JNI_XLDownloadLib( 9795): function Java_com_xunlei_downloadlib_XLLoader_getTaskInfo end, ret = 9000
I/libmc   ( 1804): group sys_app_bg memory.limit_in_bytes is set to -1
I/libmc   ( 1804): group sys_app_bg memory.soft_limit_in_bytes is set to -1
I/libmc   ( 1804): task pid 1837 have been add to group sys_app_bg.
I/libmc   ( 1804): [sys_app_bg]cgroup_add_tasks max single write time: 63ms
I/libmc   ( 1804): [sys_app_bg]cgroup_add_tasks total time consume: 65ms
I/libmc   ( 1804): task pid 1837 have been add to group sys_app_fg.
I/libmc   ( 1804): [sys_app_fg]cgroup_add_tasks max single write time: 0ms
I/libmc   ( 1804): [sys_app_fg]cgroup_add_tasks total time consume: 0ms
I/libmc   ( 1804): set back memory limit single round time consume: 0ms
I/libmc   ( 1804): set back memory limit single round time consume: 0ms
I/libmc   ( 1804): set back memory limit single round time consume: 0ms
I/libmc   ( 1804): set back memory limit single round time consume: 0ms
I/libmc   ( 1804): set back memory limit single round time consume: 0ms
I/libmc   ( 1804): set back memory limit single round time consume: 0ms
I/libmc   ( 1804): set back memory limit single round time consume: 0ms
I/libmc   ( 1804): set back memory limit single round time consume: 0ms
I/libmc   ( 1804): cgroup sys_app_bg: set memory limit back to the saved value successed.
I/ThermalEngine(  389): Sensor:batt_temp:273 mC
I/TrafficManageService( 2369): mina mTrafficStatsReceiver onReceive
I/TrafficManageService( 2369): mina checkNormalTrafficStatus 
D/MobileDataStateTracker( 1235): default: setPolicyDataEnable(enabled=true)
W/ContextImpl( 2369): Calling a method in the system process without a qualified user: android.app.ContextImpl.sendBroadcast:1155 android.content.ContextWrapper.sendBroadcast:365 com.miui.networkassistant.service.tm.TrafficManageService.broadCastDataUsageUpdated:602 com.miui.networkassistant.service.tm.TrafficManageService$6.onReceive:792 android.app.LoadedApk$ReceiverDispatcher$Args.run:761 
I/XiaomiFirewall( 2369): firewall pkgName:com.android.providers.downloads, result:0
D/JNI_XLDownloadLib( 9795): function Java_com_xunlei_downloadlib_XLLoader_getTaskInfo begin, query_mode = 0
D/JNI_XLDownloadLib( 9795): function Java_com_xunlei_downloadlib_XLLoader_getTaskInfo----taskid:1000, 13431698, 6129366, 389598, status:1, errorcode:0, queryIndexStatus:2
D/JNI_XLDownloadLib( 9795): function Java_com_xunlei_downloadlib_XLLoader_getTaskInfo end, ret = 9000
I/ThermalEngine(  389): Sensor:batt_temp:273 mC
E/QCOM PowerHAL( 1235): Error opening /sys/devices/system/cpu/cpu1/cpufreq/sys_cap_freq: No such file or directory
E/QCOM PowerHAL( 1235): Error opening /sys/devices/system/cpu/cpu2/cpufreq/sys_cap_freq: No such file or directory
I/KLO_Power( 2115): power_screen_broadcast_send event:wakelockCount:1
I/KLO_Power( 2115): screen_toggled event:screen_state:1
V/KeyguardServiceDelegate( 1235): onScreenTurnedOn(showListener = com.android.internal.policy.impl.PhoneWindowManager$20@43f37e58)
W/ContextImpl( 1235): Calling a method in the system process without a qualified user: android.app.ContextImpl.sendBroadcast:1155 com.android.internal.policy.impl.BaseMiuiPhoneWindowManager.interceptKeyBeforeQueueingInternal:685 com.android.internal.policy.impl.MiuiPhoneWindowManager.interceptKeyBeforeQueueing:43 com.android.server.wm.InputMonitor.interceptKeyBeforeQueueing:381 com.android.server.input.InputManagerService.interceptKeyBeforeQueueing:1394 
I/PowerManagerService( 1235): Waking up from sleep...
D/SurfaceFlinger(  246): Screen acquired, type=0 flinger=0xb7a5d4c8
D/qdhwcomposer(  246): hwc_blank: Unblanking display: 0
D/DisplayPowerController( 1235): Blocked screen on. RealTime:94530713
V/KeyguardServiceDelegate( 1235): **** SHOWN CALLED ****
I/WindowManager( 1235): Lock screen displayed!
E/EventHub( 1235): Error opening /sys/class/input/input/enabled: No such file or directory
E/EventHub( 1235): Error opening /sys/class/input/input5/enabled: Permission denied
E/EventHub( 1235): Error opening /sys/class/input/input4/enabled: Permission denied
D/DisplayPowerController( 1235): Unblocked screen on after 16 ms
E/QCALOG  (  313): [MessageQ] ProcessNewMessage: [XT-CS] unknown deliver target [OS-Agent]
E/QCALOG  (  313): [MessageQ] ProcessNewMessage: [XTWWAN-PE] unknown deliver target [OS-Agent]
E/QCALOG  (  313): [MessageQ] ProcessNewMessage: [XTWiFi-PE] unknown deliver target [OS-Agent]
D/wpa_supplicant(27201): RX ctrl_iface - hexdump(len=11): 53 49 47 4e 41 4c 5f 50 4f 4c 4c
D/wpa_supplicant(27201): wlan0: Control interface command 'SIGNAL_POLL'
D/wpa_supplicant(27201): nl80211: survey data missing!
D/wpa_supplicant(27201): RX ctrl_iface - hexdump(len=23): 44 52 49 56 45 52 20 53 45 54 53 55 53 50 45 4e 44 4d 4f 44 45 20 30
D/wpa_supplicant(27201): wlan0: Control interface command 'DRIVER SETSUSPENDMODE 0'
V/SRS_Proc(  249): ParamSet string: screen_state=on
D/audio_hw_primary(  249): adev_set_parameters: enter: screen_state=on
V/msm8974_platform(  249): platform_set_parameters: enter: screen_state=on
V/msm8974_platform(  249): platform_set_parameters: exit with code(0)
D/audio_hw_extn(  249): audio_extn_set_anc_parameters: anc_enabled:0
V/listen_hw(  249): listen_hw_set_parameters: Enter
V/listen_hw(  249): handle_set_parameters: Enter kvpairs=screen_state=on
V/listen_hw(  249): handle_set_parameters: Exit
V/listen_hw(  249): listen_hw_set_parameters: Exit, ret=0
V/audio_hw_primary(  249): adev_set_parameters: exit with code(0)
E/audio_a2dp_hw(  249): adev_set_parameters: ERROR: set param called even when stream out is null
W/PushService( 1819): 2015-08-17 14:38:58,545 - [WARN::PushService] - [Thread:64] JOB: check the ping-pong.
D/wpa_supplicant(27201): wpa_driver_nl80211_driver_cmd SETSUSPENDMODE 0 len = 0, 4096
D/wpa_supplicant(27201): nl80211: Drv Event 79 (NL80211_CMD_SET_REKEY_OFFLOAD) received for wlan0
D/wpa_supplicant(27201): nl80211: Rekey offload event for BSSID 88:25:93:47:07:eb
D/wpa_supplicant(27201): nl80211: Rekey offload - Replay Counter - hexdump(len=8): 00 00 00 00 00 00 00 06
D/wpa_supplicant(27201): wlan0: Event DRIVER_GTK_REKEY (45) received
D/cell strength( 1743): ===== cell singal strength changed : 99
W/ContextImpl( 1235): Calling a method in the system process without a qualified user: android.app.ContextImpl.sendBroadcast:1155 com.android.internal.policy.impl.BaseMiuiPhoneWindowManager.interceptKeyBeforeQueueingInternal:717 com.android.internal.policy.impl.MiuiPhoneWindowManager.interceptKeyBeforeQueueing:43 com.android.server.wm.InputMonitor.interceptKeyBeforeQueueing:381 com.android.server.input.InputManagerService.interceptKeyBeforeQueueing:1394 
I/qdhwcomposer(  246): handle_blank_event: dpy:0 panel power state: 1
D/qdhwcomposer(  246): hwc_blank: Done unblanking display: 0
D/DisplayPowerController( 1235): PROPERTY_SCREEN_COLOR set, currValue:2, default:2
D/DisplayPowerController( 1235): PROPERTY_SCREEN_SATURATION set, currValue:10
D/DisplayPowerController( 1235): PROPERTY_SCREEN_CABC set, currValue:1
D/DisplayPowerState( 1235): Screen ready, Screen On:true, Brightness:83ElectronBeamLevel:1.0
D/Ulp_jni ( 1235): JNI:system_update. Event-0
E/LocSvc_utils_q( 1235): D/msg_q_snd: Sending message with handle = 0x77A95808
E/LocSvc_utils_ll( 1235): D/linked_list_add: Adding to list data_obj = 0x77A95808
E/LocSvc_utils_q( 1235): D/msg_q_snd: Finished Sending message with handle = 0x77A95808
E/LocSvc_utils_ll( 1235): D/linked_list_remove: Removing from list
E/LocSvc_utils_q( 1235): D/msg_q_rcv: Received message 0x77A95808 rv = 0
E/LocSvc_libulp( 1235): D/void ulp_msg_main(void*) received msg of type: 0x60e
E/LocSvc_libulp( 1235): I/===> int ulp_msg_process_system_update(UlpSystemEvent) line 1429 
E/LocSvc_utils_q( 1235): D/msg_q_rcv: Waiting on message
D/StatusBar.NetworkController( 1520): onSignalStrengthsChanged received on subscription :0signalStrength=SignalStrength: 99 0 -120 -160 -120 -1 -1 22 -95 -8 210 2147483647 2147483647 gsm|lte level=5
D/MSF.C.LogManager( 8280): [E]onReceive broadcastreceiver.action = android.intent.action.SCREEN_ON
I/KLO_Power( 2115): power_screen_broadcast_done event:[onOrOff,broadcastDuration,wakelockCount]:[1,508,3]
D/DisplayPowerState( 1235): Screen ready, Screen On:true, Brightness:86ElectronBeamLevel:1.0
E/PPDaemon(  277): int AD::ADInput(int): ad_input ioctl failed, ret = -1, err: Connection timed out
D/JNI_XLDownloadLib( 9795): function Java_com_xunlei_downloadlib_XLLoader_getTaskInfo begin, query_mode = 0
D/JNI_XLDownloadLib( 9795): function Java_com_xunlei_downloadlib_XLLoader_getTaskInfo----taskid:1000, 13431698, 6828779, 503267, status:1, errorcode:0, queryIndexStatus:2
D/JNI_XLDownloadLib( 9795): function Java_com_xunlei_downloadlib_XLLoader_getTaskInfo end, ret = 9000
D/wpa_supplicant(27201): RX ctrl_iface - hexdump(len=14): 53 43 41 4e 20 54 59 50 45 3d 4f 4e 4c 59
D/wpa_supplicant(27201): wlan0: Control interface command 'SCAN TYPE=ONLY'
D/wpa_supplicant(27201): wlan0: Setting scan request: 0 sec 0 usec
D/wpa_supplicant(27201): wlan0: Starting AP scan for wildcard SSID
D/wpa_supplicant(27201): wlan0: nl80211: scan request
D/wpa_supplicant(27201): Scan requested (ret=0) - scan timeout 30 seconds
D/wpa_supplicant(27201): nl80211: Drv Event 33 (NL80211_CMD_TRIGGER_SCAN) received for wlan0
D/wpa_supplicant(27201): wlan0: nl80211: Scan trigger
D/wpa_supplicant(27201): wlan0: Event SCAN_STARTED (57) received
D/wpa_supplicant(27201): wlan0: Own scan request started a scan
I/wpa_supplicant(27201): wlan0: CTRL-EVENT-SCAN-STARTED 
D/wpa_supplicant(27201): CTRL_IFACE monitor send - hexdump(len=41): 2f 64 61 74 61 2f 6d 69 73 63 2f 77 69 66 69 2f 73 6f 63 6b 65 74 73 2f 77 70 61 5f 63 74 72 6c ...
I/ThermalEngine(  389): Sensor:batt_temp:274 mC
D/JNI_XLDownloadLib( 9795): function Java_com_xunlei_downloadlib_XLLoader_getTaskInfo begin, query_mode = 0
D/JNI_XLDownloadLib( 9795): function Java_com_xunlei_downloadlib_XLLoader_getTaskInfo----taskid:1000, 13431698, 7440454, 605941, status:1, errorcode:0, queryIndexStatus:2
D/JNI_XLDownloadLib( 9795): function Java_com_xunlei_downloadlib_XLLoader_getTaskInfo end, ret = 9000
D/dalvikvm( 1235): GC_EXPLICIT freed 2469K, 27% free 24161K/32792K, paused 5ms+10ms, total 159ms
D/dalvikvm( 9795): JIT code cache reset in 0 ms (4096 bytes 1/0)
D/dalvikvm( 9795): GC_EXPLICIT freed 2815K, 38% free 12107K/19396K, paused 2ms+5ms, total 36ms
D/cell strength( 1743): ===== cell singal strength changed : 99
I/ThermalEngine(  389): Sensor:batt_temp:275 mC
D/StatusBar.NetworkController( 1520): onSignalStrengthsChanged received on subscription :0signalStrength=SignalStrength: 99 0 -120 -160 -120 -1 -1 22 -95 -7 206 2147483647 2147483647 gsm|lte level=5
D/dalvikvm( 6214): GC_CONCURRENT freed 8385K, 41% free 12687K/21212K, paused 4ms+7ms, total 64ms
D/JNI_XLDownloadLib( 9795): function Java_com_xunlei_downloadlib_XLLoader_getTaskInfo begin, query_mode = 0
D/JNI_XLDownloadLib( 9795): function Java_com_xunlei_downloadlib_XLLoader_getTaskInfo----taskid:1000, 13431698, 7768134, 655616, status:1, errorcode:0, queryIndexStatus:2
D/JNI_XLDownloadLib( 9795): function Java_com_xunlei_downloadlib_XLLoader_getTaskInfo end, ret = 9000
I/TrafficManageService( 2369): mina mTrafficStatsReceiver onReceive
I/TrafficManageService( 2369): mina checkNormalTrafficStatus 
W/ContextImpl( 2369): Calling a method in the system process without a qualified user: android.app.ContextImpl.sendBroadcast:1155 android.content.ContextWrapper.sendBroadcast:365 com.miui.networkassistant.service.tm.TrafficManageService.broadCastDataUsageUpdated:602 com.miui.networkassistant.service.tm.TrafficManageService$6.onReceive:792 android.app.LoadedApk$ReceiverDispatcher$Args.run:761 
D/MobileDataStateTracker( 1235): default: setPolicyDataEnable(enabled=true)
D/wpa_supplicant(27201): RTM_NEWLINK: operstate=1 ifi_flags=0x11043 ([UP][RUNNING][LOWER_UP])
D/wpa_supplicant(27201): RTM_NEWLINK, IFLA_IFNAME: Interface 'wlan0' added
D/wpa_supplicant(27201): nl80211: if_removed already cleared - ignore event
D/wpa_supplicant(27201): nl80211: Drv Event 34 (NL80211_CMD_NEW_SCAN_RESULTS) received for wlan0
D/wpa_supplicant(27201): wlan0: nl80211: New scan results available
D/wpa_supplicant(27201): wlan0: Event SCAN_RESULTS (3) received
D/wpa_supplicant(27201): nl80211: Associated on 2472 MHz
D/wpa_supplicant(27201): nl80211: Associated with 88:25:93:47:07:eb
D/wpa_supplicant(27201): nl80211: Received scan results (32 BSSes)
D/wpa_supplicant(27201): nl80211: Survey data missing
D/wpa_supplicant(27201): nl80211: Scan results indicate BSS status with 88:25:93:47:07:eb as associated
D/wpa_supplicant(27201): 8a:25:93:4f:36:2e freq=2447 qual=0 noise=0 level=-37 flags=0xb age=0
D/wpa_supplicant(27201): 88:25:93:4f:36:2e freq=2447 qual=0 noise=0 level=-38 flags=0xb age=0
D/wpa_supplicant(27201): 0a:25:93:47:07:eb freq=2472 qual=0 noise=0 level=-47 flags=0xb age=0
D/wpa_supplicant(27201): 88:25:93:47:07:eb freq=2472 qual=0 noise=0 level=-50 flags=0x2b age=0
D/wpa_supplicant(27201): 88:25:93:4f:35:48 freq=2437 qual=0 noise=0 level=-50 flags=0xb age=0
D/wpa_supplicant(27201): 82:89:17:9f:0c:3f freq=2412 qual=0 noise=0 level=-52 flags=0xb age=0
D/wpa_supplicant(27201): 20:0c:c8:10:81:62 freq=2442 qual=0 noise=0 level=-52 flags=0xb age=0
D/wpa_supplicant(27201): c4:8e:8f:c8:69:7b freq=2472 qual=0 noise=0 level=-53 flags=0xb age=0
D/wpa_supplicant(27201): 8a:25:93:4f:35:48 freq=2437 qual=0 noise=0 level=-54 flags=0xb age=0
D/wpa_supplicant(27201): 0a:25:93:4a:23:7e freq=2427 qual=0 noise=0 level=-54 flags=0xb age=0
D/wpa_supplicant(27201): 88:25:93:4a:23:7e freq=2427 qual=0 noise=0 level=-55 flags=0xb age=0
D/wpa_supplicant(27201): b6:75:0e:4b:52:d6 freq=2452 qual=0 noise=0 level=-55 flags=0xb age=0
D/wpa_supplicant(27201): b4:75:0e:4b:52:d4 freq=2452 qual=0 noise=0 level=-56 flags=0xb age=0
D/wpa_supplicant(27201): 88:25:93:4f:35:ff freq=2437 qual=0 noise=0 level=-58 flags=0xb age=0
D/wpa_supplicant(27201): 8a:25:93:4f:35:ff freq=2437 qual=0 noise=0 level=-58 flags=0xb age=0
D/wpa_supplicant(27201): 24:05:0f:2e:99:d5 freq=2462 qual=0 noise=0 level=-59 flags=0xb age=0
D/wpa_supplicant(27201): 28:2c:b2:b2:5b:64 freq=2412 qual=0 noise=0 level=-62 flags=0xb age=0
D/wpa_supplicant(27201): 78:a1:06:30:7a:c8 freq=2412 qual=0 noise=0 level=-62 flags=0xb age=0
D/wpa_supplicant(27201): 64:09:80:16:98:7f freq=2422 qual=0 noise=0 level=-62 flags=0xb age=0
D/wpa_supplicant(27201): d8:67:d9:d1:f2:78 freq=2412 qual=0 noise=0 level=-65 flags=0xb age=0
D/wpa_supplicant(27201): d8:15:0d:fe:5c:f3 freq=2437 qual=0 noise=0 level=-66 flags=0xb age=0
D/wpa_supplicant(27201): 88:25:93:4a:23:7f freq=5785 qual=0 noise=0 level=-71 flags=0xb age=0
D/wpa_supplicant(27201): 14:75:90:85:2f:bb freq=2472 qual=0 noise=0 level=-67 flags=0xb age=0
D/wpa_supplicant(27201): d8:67:d9:d1:f2:79 freq=2412 qual=0 noise=0 level=-69 flags=0xb age=0
D/wpa_supplicant(27201): b4:75:0e:4b:52:d5 freq=5180 qual=0 noise=0 level=-74 flags=0xb age=0
D/wpa_supplicant(27201): 38:b1:db:4f:8f:6b freq=2412 qual=0 noise=0 level=-70 flags=0xb age=0
D/wpa_supplicant(27201): 80:89:17:55:bb:46 freq=2422 qual=0 noise=0 level=-73 flags=0xb age=0
D/wpa_supplicant(27201): 14:75:90:48:ed:f4 freq=2472 qual=0 noise=0 level=-77 flags=0xb age=0
D/wpa_supplicant(27201): d4:8c:b5:67:b9:20 freq=2412 qual=0 noise=0 level=-78 flags=0xb age=0
D/wpa_supplicant(27201): 5a:e3:47:a5:11:a5 freq=2462 qual=0 noise=0 level=-80 flags=0xb age=0
D/wpa_supplicant(27201): 14:cf:92:cb:8d:1a freq=2412 qual=0 noise=0 level=-81 flags=0xb age=0
D/wpa_supplicant(27201): ec:26:ca:70:f5:a4 freq=5785 qual=0 noise=0 level=-86 flags=0xb age=0
D/wpa_supplicant(27201): wlan0: BSS: Start scan result update 76
D/wpa_supplicant(27201): wlan0: BSS: Add new id 509 BSSID 0a:25:93:47:07:eb SSID 'jiadao_Guest'
D/wpa_supplicant(27201): CTRL_IFACE monitor send - hexdump(len=41): 2f 64 61 74 61 2f 6d 69 73 63 2f 77 69 66 69 2f 73 6f 63 6b 65 74 73 2f 77 70 61 5f 63 74 72 6c ...
D/wpa_supplicant(27201): wlan0: BSS: Add new id 510 BSSID d4:8c:b5:67:b9:20 SSID 'PartyGo-Phone'
D/wpa_supplicant(27201): CTRL_IFACE monitor send - hexdump(len=41): 2f 64 61 74 61 2f 6d 69 73 63 2f 77 69 66 69 2f 73 6f 63 6b 65 74 73 2f 77 70 61 5f 63 74 72 6c ...
D/wpa_supplicant(27201): BSS: last_scan_res_used=32/64 last_scan_full=0
D/wpa_supplicant(27201): wlan0: Scan-only results received
D/wpa_supplicant(27201): CTRL_IFACE monitor send - hexdump(len=41): 2f 64 61 74 61 2f 6d 69 73 63 2f 77 69 66 69 2f 73 6f 63 6b 65 74 73 2f 77 70 61 5f 63 74 72 6c ...
D/wpa_supplicant(27201): wlan0: P2P: Station mode scan operation not pending anymore (sta_scan_pending=0 p2p_cb_on_scan_complete=0)
D/wpa_supplicant(27201): RX ctrl_iface - hexdump(len=25): 42 53 53 20 52 41 4e 47 45 3d 30 2d 20 4d 41 53 4b 3d 30 78 32 33 39 38 37
D/wpa_supplicant(27201): wlan0: Control interface command 'BSS RANGE=0- MASK=0x23987'
D/wpa_supplicant(27201): RX ctrl_iface - hexdump(len=27): 42 53 53 20 52 41 4e 47 45 3d 35 30 32 2d 20 4d 41 53 4b 3d 30 78 32 33 39 38 37
D/wpa_supplicant(27201): wlan0: Control interface command 'BSS RANGE=502- MASK=0x23987'
I/XiaomiFirewall( 2369): firewall pkgName:com.eg.android.AlipayGphone, result:0
D/LBSSystemMonitorService( 1235): handleMessage what - 4
D/Wiper_jni( 1235): Send Network Location.
E/LocSvc_utils_q( 1235): D/msg_q_snd: Sending message with handle = 0x756D8AF0
E/LocSvc_utils_ll( 1235): D/linked_list_add: Adding to list data_obj = 0x756D8AF0
E/LocSvc_utils_q( 1235): D/msg_q_snd: Finished Sending message with handle = 0x756D8AF0
I/ThermalEngine(  389): Sensor:batt_temp:275 mC
E/LocSvc_utils_ll( 1235): D/linked_list_remove: Removing from list
E/LocSvc_utils_q( 1235): D/msg_q_rcv: Received message 0x756D8AF0 rv = 0
E/LocSvc_LBSApiV02( 1235): D/virtual int lbs_core::LBSApiV02::injectWifiPosition(WifiLocation):184]: Hepe=1000 rawHepe=0
E/LocSvc_api_v02( 1235): I/---> locClientSendReq line 2360 QMI_LOC_INJECT_WIFI_POSITION_REQ_V02
E/LocSvc_ApiV02( 1235): I/<--- void globalRespCb(locClientHandleType, uint32_t, locClientRespIndUnionType, void*) line 106 QMI_LOC_INJECT_WIFI_POSITION_REQ_V02
E/LocSvc_api_v02( 1235): D/loc_free_slot:299]: freeing slot 0
E/LocSvc_MsgTask( 1235): D/MsgTask::loop() 2189 listening ...
E/LocSvc_utils_q( 1235): D/msg_q_rcv: Waiting on message
V/MSAPMReceiver( 8478): Got intent:android.net.wifi.SCAN_RESULTS
V/MSAPMReceiver( 8478): Got intent SCAN_RESULTS
V/MSAPM   ( 8478): notify_scan_results_available
E/MSAPM   ( 8478): Handler not yet initialized. Can't send!
D/wpa_supplicant(27201): RX ctrl_iface - hexdump(len=11): 53 49 47 4e 41 4c 5f 50 4f 4c 4c
D/wpa_supplicant(27201): wlan0: Control interface command 'SIGNAL_POLL'
D/wpa_supplicant(27201): nl80211: survey data missing!
I/KLO_Power( 2115): screen_toggled event:screen_state:2
D/JNI_XLDownloadLib( 9795): function Java_com_xunlei_downloadlib_XLLoader_getTaskInfo begin, query_mode = 0
D/JNI_XLDownloadLib( 9795): function Java_com_xunlei_downloadlib_XLLoader_getTaskInfo----taskid:1000, 13431698, 8832213, 696361, status:1, errorcode:0, queryIndexStatus:2
D/JNI_XLDownloadLib( 9795): function Java_com_xunlei_downloadlib_XLLoader_getTaskInfo end, ret = 9000
W/ContextImpl( 1520): Calling a method in the system process without a qualified user: android.app.ContextImpl.sendBroadcast:1155 android.content.ContextWrapper.sendBroadcast:365 com.android.keyguard.MiuiKeyguardViewMediator.handleKeyguardDone:1347 com.android.keyguard.MiuiKeyguardViewMediator.access$2600:140 com.android.keyguard.MiuiKeyguardViewMediator$9.handleMessage:1313 
W/ContextImpl( 1520): Calling a method in the system process without a qualified user: android.app.ContextImpl.sendBroadcast:1155 android.content.ContextWrapper.sendBroadcast:365 com.android.keyguard.MiuiKeyguardViewMediator.handleKeyguardDone:1351 com.android.keyguard.MiuiKeyguardViewMediator.access$2600:140 com.android.keyguard.MiuiKeyguardViewMediator$9.handleMessage:1313 
W/BroadcastQueue( 1235): Unable to launch app com.tencent.qqgame/10097 for broadcast Intent { act=android.intent.action.USER_PRESENT flg=0x24000010 }: process is not permitted to autostart
I/RenderThread( 1837): RenderThread resumed
I/RenderThread( 1837): All controllers paused.
I/RenderThread( 1837): RenderThread paused, waiting for signal
I/RenderThread( 1837): RenderThread resumed
I/RenderThread( 1837): Sleep for long time:9223372036854775807 ms
I/RenderThread( 1837): Sleep for long time:9223372036854775807 ms
I/Timeline( 1837): Timeline: Activity_idle id: android.os.BinderProxy@42ab3098 time:13172999
W/InputMethodManagerService( 1235): Window already focused, ignoring focus gain of: com.android.internal.view.IInputMethodClient$Stub$Proxy@432fc988 attribute=android.view.inputmethod.EditorInfo@432ee4f8, token = android.os.BinderProxy@42d1ad60
I/NotifierManager( 1520): releaseNotifier:TimeChanged  miui.maml.data.DateTimeVariableUpdater@458625c8
D/HOOK    ( 8965): AssetManager isUpToDate:true
D/WhetstoneStrategy( 1804): [DENIED] [broadcast]callerPackage com.android.keyguard start process with Intent { act=android.intent.action.USER_PRESENT flg=0x24000010 } componentName{com.android.calendar/com.android.calendar.birthday.BirthdayReceiver}
W/BroadcastQueue( 1235): Unable to launch app com.android.calendar/10004 for broadcast Intent { act=android.intent.action.USER_PRESENT flg=0x24000010 }: process is bad
W/BroadcastQueue( 1235): Unable to launch app cn.jiadao.driver/10110 for broadcast Intent { act=android.intent.action.USER_PRESENT flg=0x24000010 }: process is not permitted to autostart
D/PhoneStatusBar( 1520): disable: 0x03880010 -> 0x00800000 (diff: 0x03080010)
D/PhoneStatusBar( 1520): disable: < expand icons alerts ticker* system_info back home recent* CLOCK full hide >
D/MSF.C.NetConnTag( 8280): [E]pa ok: 91434
D/MSF.C.NetConnTag( 8280): [E]netSend ssoSeq:91434 uin:*8862 cmd:1457192353 91637
D/MSF.C.NetConnTag( 8280): [E]pa ok: 91435
D/MSF.C.NetConnTag( 8280): [E]netSend ssoSeq:91435 uin:*8862 cmd:1600890754 92254
W/BroadcastQueue( 1235): Unable to launch app com.cmbchina.ccd.pluto.cmbActivity/10109 for broadcast Intent { act=android.intent.action.USER_PRESENT flg=0x24000010 }: process is not permitted to autostart
D/MSF.C.NetConnTag( 8280): [E]netRecv ssoSeq:91435 uin:*8862 cmd:1600890754 91858
I/ThermalEngine(  389): Sensor:batt_temp:279 mC
E/agooSendDataRequest( 9631): into--[parseResponse] mListener:org.android.agoo.a.e@42e4ab50
I/XiaomiFirewall( 2369): firewall pkgName:com.eg.android.AlipayGphone, result:0
I/ActivityManager( 1235): Waited long enough for: ServiceRecord{43d288d8 u0 com.android.providers.downloads/.DownloadService}
D/MSF.C.NetConnTag( 8280): [E]netRecv ssoSeq:91434 uin:*8862 cmd:1457192353 91585
D/cell strength( 1743): ===== cell singal strength changed : 99
D/StatusBar.NetworkController( 1520): onSignalStrengthsChanged received on subscription :0signalStrength=SignalStrength: 99 0 -120 -160 -120 -1 -1 25 -91 -7 228 2147483647 2147483647 gsm|lte level=5
I/TrafficManageService( 2369): mina mTrafficStatsReceiver onReceive
I/TrafficManageService( 2369): mina checkNormalTrafficStatus 
W/ContextImpl( 2369): Calling a method in the system process without a qualified user: android.app.ContextImpl.sendBroadcast:1155 android.content.ContextWrapper.sendBroadcast:365 com.miui.networkassistant.service.tm.TrafficManageService.broadCastDataUsageUpdated:602 com.miui.networkassistant.service.tm.TrafficManageService$6.onReceive:792 android.app.LoadedApk$ReceiverDispatcher$Args.run:761 
D/MobileDataStateTracker( 1235): default: setPolicyDataEnable(enabled=true)
D/JNI_XLDownloadLib( 9795): function Java_com_xunlei_downloadlib_XLLoader_getTaskInfo begin, query_mode = 0
D/JNI_XLDownloadLib( 9795): function Java_com_xunlei_downloadlib_XLLoader_getTaskInfo----taskid:1000, 13431698, 9843486, 688058, status:1, errorcode:0, queryIndexStatus:2
D/JNI_XLDownloadLib( 9795): function Java_com_xunlei_downloadlib_XLLoader_getTaskInfo end, ret = 9000
I/ThermalEngine(  389): Sensor:batt_temp:275 mC
E/QCALOG  (  313): [MessageQ] ProcessNewMessage: [XT-CS] unknown deliver target [OS-Agent]
E/QCALOG  (  313): [MessageQ] ProcessNewMessage: [XTWWAN-PE] unknown deliver target [OS-Agent]
E/QCALOG  (  313): [MessageQ] ProcessNewMessage: [XTWiFi-PE] unknown deliver target [OS-Agent]
W/Settings( 8280): Setting airplane_mode_on has moved from android.provider.Settings.System to android.provider.Settings.Global, returning read-only value.
W/beacon  ( 8280): onUserAction return false, because eventName:[actSBGetMsg] is not allowed in server strategy!
D/wpa_supplicant(27201): RX ctrl_iface - hexdump(len=14): 53 43 41 4e 20 54 59 50 45 3d 4f 4e 4c 59
D/wpa_supplicant(27201): wlan0: Control interface command 'SCAN TYPE=ONLY'
D/wpa_supplicant(27201): wlan0: Setting scan request: 0 sec 0 usec
D/wpa_supplicant(27201): wlan0: Starting AP scan for wildcard SSID
D/wpa_supplicant(27201): wlan0: nl80211: scan request
D/wpa_supplicant(27201): Scan requested (ret=0) - scan timeout 30 seconds
D/wpa_supplicant(27201): nl80211: Drv Event 33 (NL80211_CMD_TRIGGER_SCAN) received for wlan0
D/wpa_supplicant(27201): wlan0: nl80211: Scan trigger
D/wpa_supplicant(27201): wlan0: Event SCAN_STARTED (57) received
D/wpa_supplicant(27201): wlan0: Own scan request started a scan
I/wpa_supplicant(27201): wlan0: CTRL-EVENT-SCAN-STARTED 
D/wpa_supplicant(27201): CTRL_IFACE monitor send - hexdump(len=41): 2f 64 61 74 61 2f 6d 69 73 63 2f 77 69 66 69 2f 73 6f 63 6b 65 74 73 2f 77 70 61 5f 63 74 72 6c ...
D/JNI_XLDownloadLib( 9795): function Java_com_xunlei_downloadlib_XLLoader_getTaskInfo begin, query_mode = 0
D/JNI_XLDownloadLib( 9795): function Java_com_xunlei_downloadlib_XLLoader_getTaskInfo----taskid:1000, 13431698, 10958927, 776186, status:1, errorcode:0, queryIndexStatus:2
D/JNI_XLDownloadLib( 9795): function Java_com_xunlei_downloadlib_XLLoader_getTaskInfo end, ret = 9000
I/ThermalEngine(  389): Sensor:batt_temp:275 mC
D/wpa_supplicant(27201): RX ctrl_iface - hexdump(len=11): 53 49 47 4e 41 4c 5f 50 4f 4c 4c
D/wpa_supplicant(27201): wlan0: Control interface command 'SIGNAL_POLL'
D/wpa_supplicant(27201): nl80211: survey data missing!
W/System.err( 5838): java.io.IOException: getResponseData reach end
W/System.err( 5838): 	at com.sina.push.e.b.f.c(Unknown Source)
W/System.err( 5838): 	at com.sina.push.e.b.f.c(Unknown Source)
W/System.err( 5838): 	at com.sina.push.e.b.f.a(Unknown Source)
W/System.err( 5838): 	at com.sina.push.c.a.a.a(Unknown Source)
W/System.err( 5838): 	at com.sina.push.c.d.a(Unknown Source)
W/System.err( 5838): 	at com.sina.push.c.h.run(Unknown Source)
E/GpsXtraDownloader( 1235): No XTRA servers were specified in the GPS configuration
D/JNI_XLDownloadLib( 9795): function Java_com_xunlei_downloadlib_XLLoader_getTaskInfo begin, query_mode = 0
D/JNI_XLDownloadLib( 9795): function Java_com_xunlei_downloadlib_XLLoader_getTaskInfo----taskid:1000, 13431698, 11446834, 761954, status:1, errorcode:0, queryIndexStatus:2
D/JNI_XLDownloadLib( 9795): function Java_com_xunlei_downloadlib_XLLoader_getTaskInfo end, ret = 9000
I/ThermalEngine(  389): Sensor:batt_temp:275 mC
D/wpa_supplicant(27201): nl80211: Drv Event 34 (NL80211_CMD_NEW_SCAN_RESULTS) received for wlan0
D/wpa_supplicant(27201): wlan0: nl80211: New scan results available
D/wpa_supplicant(27201): wlan0: Event SCAN_RESULTS (3) received
D/wpa_supplicant(27201): nl80211: Associated on 2472 MHz
D/wpa_supplicant(27201): nl80211: Associated with 88:25:93:47:07:eb
D/wpa_supplicant(27201): nl80211: Received scan results (27 BSSes)
D/wpa_supplicant(27201): nl80211: Survey data missing
D/wpa_supplicant(27201): nl80211: Scan results indicate BSS status with 88:25:93:47:07:eb as associated
D/wpa_supplicant(27201): 82:89:17:9f:0c:3f freq=2412 qual=0 noise=0 level=-44 flags=0xb age=0
D/wpa_supplicant(27201): 88:25:93:4f:35:48 freq=2437 qual=0 noise=0 level=-44 flags=0xb age=0
D/wpa_supplicant(27201): 8a:25:93:4f:36:2e freq=2447 qual=0 noise=0 level=-44 flags=0xb age=0
D/wpa_supplicant(27201): 88:25:93:4f:36:2e freq=2447 qual=0 noise=0 level=-44 flags=0xb age=0
D/wpa_supplicant(27201): 8a:25:93:4f:35:48 freq=2437 qual=0 noise=0 level=-45 flags=0xb age=0
D/wpa_supplicant(27201): 0a:25:93:47:07:eb freq=2472 qual=0 noise=0 level=-47 flags=0xb age=0
D/wpa_supplicant(27201): 88:25:93:47:07:eb freq=2472 qual=0 noise=0 level=-50 flags=0x2b age=0
D/wpa_supplicant(27201): b4:75:0e:4b:52:d4 freq=2452 qual=0 noise=0 level=-52 flags=0xb age=0
D/wpa_supplicant(27201): 0a:25:93:4a:23:7e freq=2427 qual=0 noise=0 level=-54 flags=0xb age=0
D/wpa_supplicant(27201): 88:25:93:4a:23:7e freq=2427 qual=0 noise=0 level=-55 flags=0xb age=0
D/wpa_supplicant(27201): 64:09:80:16:98:7f freq=2422 qual=0 noise=0 level=-58 flags=0xb age=0
D/wpa_supplicant(27201): 8a:25:93:4f:35:ff freq=2437 qual=0 noise=0 level=-58 flags=0xb age=0
D/wpa_supplicant(27201): 88:25:93:4f:35:ff freq=2437 qual=0 noise=0 level=-58 flags=0xb age=0
D/wpa_supplicant(27201): 24:05:0f:2e:99:d5 freq=2462 qual=0 noise=0 level=-59 flags=0xb age=0
D/wpa_supplicant(27201): 78:a1:06:30:7a:c8 freq=2412 qual=0 noise=0 level=-62 flags=0xb age=0
D/wpa_supplicant(27201): 88:25:93:4a:23:7f freq=5785 qual=0 noise=0 level=-67 flags=0xb age=0
D/wpa_supplicant(27201): d8:15:0d:fe:5c:f3 freq=2437 qual=0 noise=0 level=-66 flags=0xb age=0
D/wpa_supplicant(27201): 20:0c:c8:10:81:62 freq=2442 qual=0 noise=0 level=-66 flags=0xb age=0
D/wpa_supplicant(27201): 14:75:90:85:2f:bb freq=2472 qual=0 noise=0 level=-67 flags=0xb age=0
D/wpa_supplicant(27201): 28:2c:b2:b2:5b:64 freq=2412 qual=0 noise=0 level=-70 flags=0xb age=0
D/wpa_supplicant(27201): d8:67:d9:d1:f2:78 freq=2412 qual=0 noise=0 level=-70 flags=0xb age=0
D/wpa_supplicant(27201): b4:75:0e:4b:52:d5 freq=5180 qual=0 noise=0 level=-78 flags=0xb age=0
D/wpa_supplicant(27201): d8:67:d9:d1:f2:79 freq=2412 qual=0 noise=0 level=-75 flags=0xb age=0
D/wpa_supplicant(27201): 14:75:90:48:ed:f4 freq=2472 qual=0 noise=0 level=-77 flags=0xb age=0
D/wpa_supplicant(27201): d4:8c:b5:67:b9:20 freq=2412 qual=0 noise=0 level=-78 flags=0xb age=0
D/wpa_supplicant(27201): 14:cf:92:cb:8d:1a freq=2412 qual=0 noise=0 level=-81 flags=0xb age=0
D/wpa_supplicant(27201): ec:26:ca:70:f5:a4 freq=5785 qual=0 noise=0 level=-86 flags=0xb age=0
D/wpa_supplicant(27201): wlan0: BSS: Start scan result update 77
D/wpa_supplicant(27201): wlan0: BSS: Remove id 502 BSSID 64:09:80:16:98:80 SSID 'ZBF-2_5G' due to no match in scan
D/wpa_supplicant(27201): CTRL_IFACE monitor send - hexdump(len=41): 2f 64 61 74 61 2f 6d 69 73 63 2f 77 69 66 69 2f 73 6f 63 6b 65 74 73 2f 77 70 61 5f 63 74 72 6c ...
D/wpa_supplicant(27201): BSS: last_scan_res_used=27/64 last_scan_full=0
D/wpa_supplicant(27201): wlan0: Scan-only results received
D/wpa_supplicant(27201): CTRL_IFACE monitor send - hexdump(len=41): 2f 64 61 74 61 2f 6d 69 73 63 2f 77 69 66 69 2f 73 6f 63 6b 65 74 73 2f 77 70 61 5f 63 74 72 6c ...
D/wpa_supplicant(27201): wlan0: P2P: Station mode scan operation not pending anymore (sta_scan_pending=0 p2p_cb_on_scan_complete=0)
D/wpa_supplicant(27201): RX ctrl_iface - hexdump(len=25): 42 53 53 20 52 41 4e 47 45 3d 30 2d 20 4d 41 53 4b 3d 30 78 32 33 39 38 37
D/wpa_supplicant(27201): wlan0: Control interface command 'BSS RANGE=0- MASK=0x23987'
D/wpa_supplicant(27201): RTM_NEWLINK: operstate=1 ifi_flags=0x11043 ([UP][RUNNING][LOWER_UP])
D/wpa_supplicant(27201): RTM_NEWLINK, IFLA_IFNAME: Interface 'wlan0' added
D/wpa_supplicant(27201): nl80211: if_removed already cleared - ignore event
D/wpa_supplicant(27201): RX ctrl_iface - hexdump(len=27): 42 53 53 20 52 41 4e 47 45 3d 35 30 32 2d 20 4d 41 53 4b 3d 30 78 32 33 39 38 37
D/wpa_supplicant(27201): wlan0: Control interface command 'BSS RANGE=502- MASK=0x23987'
D/LBSSystemMonitorService( 1235): handleMessage what - 4
D/Wiper_jni( 1235): Send Network Location.
E/LocSvc_utils_q( 1235): D/msg_q_snd: Sending message with handle = 0x78AD3B98
E/LocSvc_utils_ll( 1235): D/linked_list_add: Adding to list data_obj = 0x78AD3B98
E/LocSvc_utils_q( 1235): D/msg_q_snd: Finished Sending message with handle = 0x78AD3B98
E/LocSvc_utils_ll( 1235): D/linked_list_remove: Removing from list
E/LocSvc_utils_q( 1235): D/msg_q_rcv: Received message 0x78AD3B98 rv = 0
E/LocSvc_LBSApiV02( 1235): D/virtual int lbs_core::LBSApiV02::injectWifiPosition(WifiLocation):184]: Hepe=1000 rawHepe=0
E/LocSvc_api_v02( 1235): I/---> locClientSendReq line 2360 QMI_LOC_INJECT_WIFI_POSITION_REQ_V02
E/LocSvc_ApiV02( 1235): I/<--- void globalRespCb(locClientHandleType, uint32_t, locClientRespIndUnionType, void*) line 106 QMI_LOC_INJECT_WIFI_POSITION_REQ_V02
E/LocSvc_api_v02( 1235): D/loc_free_slot:299]: freeing slot 0
E/LocSvc_MsgTask( 1235): D/MsgTask::loop() 2190 listening ...
E/LocSvc_utils_q( 1235): D/msg_q_rcv: Waiting on message
V/MSAPMReceiver( 8478): Got intent:android.net.wifi.SCAN_RESULTS
V/MSAPMReceiver( 8478): Got intent SCAN_RESULTS
V/MSAPM   ( 8478): notify_scan_results_available
E/MSAPM   ( 8478): Handler not yet initialized. Can't send!
I/ThermalEngine(  389): Sensor:batt_temp:275 mC
D/JNI_XLDownloadLib( 9795): function Java_com_xunlei_downloadlib_XLLoader_getTaskInfo begin, query_mode = 0
D/JNI_XLDownloadLib( 9795): function Java_com_xunlei_downloadlib_XLLoader_getTaskInfo----taskid:1000, 13431698, 11783636, 757019, status:1, errorcode:0, queryIndexStatus:2
D/JNI_XLDownloadLib( 9795): function Java_com_xunlei_downloadlib_XLLoader_getTaskInfo end, ret = 9000
I/TrafficManageService( 2369): mina mTrafficStatsReceiver onReceive
I/TrafficManageService( 2369): mina checkNormalTrafficStatus 
W/ContextImpl( 2369): Calling a method in the system process without a qualified user: android.app.ContextImpl.sendBroadcast:1155 android.content.ContextWrapper.sendBroadcast:365 com.miui.networkassistant.service.tm.TrafficManageService.broadCastDataUsageUpdated:602 com.miui.networkassistant.service.tm.TrafficManageService$6.onReceive:792 android.app.LoadedApk$ReceiverDispatcher$Args.run:761 
D/MobileDataStateTracker( 1235): default: setPolicyDataEnable(enabled=true)
I/ThermalEngine(  389): Sensor:batt_temp:275 mC
D/JNI_XLDownloadLib( 9795): function Java_com_xunlei_downloadlib_XLLoader_getTaskInfo begin, query_mode = 0
D/JNI_XLDownloadLib( 9795): function Java_com_xunlei_downloadlib_XLLoader_getTaskInfo----taskid:1000, 13431698, 12698358, 733894, status:1, errorcode:0, queryIndexStatus:2
D/JNI_XLDownloadLib( 9795): function Java_com_xunlei_downloadlib_XLLoader_getTaskInfo end, ret = 9000
D/wpa_supplicant(27201): RX ctrl_iface - hexdump(len=11): 53 49 47 4e 41 4c 5f 50 4f 4c 4c
D/wpa_supplicant(27201): wlan0: Control interface command 'SIGNAL_POLL'
D/wpa_supplicant(27201): nl80211: survey data missing!
D/cell strength( 1743): ===== cell singal strength changed : 99
D/StatusBar.NetworkController( 1520): onSignalStrengthsChanged received on subscription :0signalStrength=SignalStrength: 99 0 -120 -160 -120 -1 -1 25 -92 -7 282 2147483647 2147483647 gsm|lte level=5
I/RenderThread( 1837): RenderThread paused, waiting for signal
I/ThermalEngine(  389): Sensor:batt_temp:275 mC
E/QCALOG  (  313): [MessageQ] ProcessNewMessage: [XT-CS] unknown deliver target [OS-Agent]
E/QCALOG  (  313): [MessageQ] ProcessNewMessage: [XTWWAN-PE] unknown deliver target [OS-Agent]
E/QCALOG  (  313): [MessageQ] ProcessNewMessage: [XTWiFi-PE] unknown deliver target [OS-Agent]
D/JNI_XLDownloadLib( 9795): function Java_com_xunlei_downloadlib_XLLoader_getTaskInfo begin, query_mode = 0
D/FancyDrawable( 1837): doResume:   [miui.maml.FancyDrawable@42d46e58]
D/MultipleRenderable( 1837): setPause: false miui.maml.FancyDrawable@42d46e58
D/PhoneStatusBar( 1520): disable: 0x00800000 -> 0x00000000 (diff: 0x00800000)
D/PhoneStatusBar( 1520): disable: < expand icons alerts ticker system_info back home recent clock* full hide >
D/RendererCore( 1837): self resume: miui.maml.RendererCore@437e2728
D/FancyDrawable( 1837): doResume:   [miui.maml.FancyDrawable@42df4f80]
D/MultipleRenderable( 1837): setPause: false miui.maml.FancyDrawable@42df4f80
D/RendererCore( 1837): self resume: miui.maml.RendererCore@44b2f228
I/RenderThread( 1837): RenderThread resumed
D/JNI_XLDownloadLib( 9795): function Java_com_xunlei_downloadlib_XLLoader_getTaskInfo----taskid:1000, 13431698, 13268642, 613159, status:1, errorcode:0, queryIndexStatus:2
D/JNI_XLDownloadLib( 9795): function Java_com_xunlei_downloadlib_XLLoader_getTaskInfo end, ret = 9000
I/RenderThread( 1837): Sleep for long time:9223372036854775807 ms
I/RenderThread( 1837): Sleep for long time:9223372036854775807 ms
I/RenderThread( 1837): Sleep for long time:9223372036854775807 ms
I/ActivityManager( 1235): Start proc com.miui.weather2 for content provider com.miui.weather2/com.miui.providers.weather.WeatherProvider: pid=13431 uid=10024 gids={50024, 1028, 1015, 3003}
D/cell strength( 1743): ===== cell singal strength changed : 99
D/StatusBar.NetworkController( 1520): onSignalStrengthsChanged received on subscription :0signalStrength=SignalStrength: 99 0 -120 -160 -120 -1 -1 25 -92 -7 282 2147483647 2147483647 gsm|lte level=5
D/dalvikvm(13431): GetMethodID: not returning static method Landroid/graphics/drawable/Drawable;.createFromXmlInner (Landroid/content/res/Resources;Lorg/xmlpull/v1/XmlPullParser;Landroid/util/AttributeSet;)Landroid/graphics/drawable/Drawable;
D/dalvikvm(13431): GetMethodID: not returning static method Landroid/text/util/Linkify;.gatherLinks (Ljava/util/ArrayList;Landroid/text/Spannable;Ljava/util/regex/Pattern;[Ljava/lang/String;Landroid/text/util/Linkify$MatchFilter;Landroid/text/util/Linkify$TransformFilter;)V
D/dalvikvm(13431): GetMethodID: not returning static method Landroid/text/util/Linkify;.gatherMapLinks (Ljava/util/ArrayList;Landroid/text/Spannable;)V
D/dalvikvm(13431): GetMethodID: not returning static method Landroid/text/util/Linkify;.pruneOverlaps (Ljava/util/ArrayList;)V
D/dalvikvm(13431): GetMethodID: not returning static method Landroid/text/util/Linkify;.applyLink (Ljava/lang/String;IILandroid/text/Spannable;)V
D/dalvikvm(13431): GetMethodID: not returning static method Landroid/text/util/Linkify;.gatherTelLinks (Ljava/util/ArrayList;Landroid/text/Spannable;)V
D/dalvikvm(13431): GetMethodID: not returning static method Landroid/text/util/Linkify;.addLinks (Landroid/text/Spannable;I)Z
D/dalvikvm(13431): GetMethodID: not returning static method Landroid/text/util/Linkify;.gatherLinks (Ljava/util/ArrayList;Landroid/text/Spannable;Ljava/util/regex/Pattern;[Ljava/lang/String;Landroid/text/util/Linkify$MatchFilter;Landroid/text/util/Linkify$TransformFilter;)V
I/RenderThread( 1837): Sleep for long time:9223372036854775807 ms
I/RenderThread( 1837): Sleep for long time:9223372036854775807 ms
D/LifecycleResourceManager( 1837): begin check cache... 
D/LifecycleResourceManager( 1837): remove cache: calendar_icon_17.png
I/RenderThread( 1837): RenderThread paused, waiting for signal
I/ThermalEngine(  389): Sensor:batt_temp:275 mC
I/RenderThread( 1837): RenderThread resumed
D/FancyDrawable( 1837): doPause:   [miui.maml.FancyDrawable@42d46e58]
D/MultipleRenderable( 1837): setPause: true miui.maml.FancyDrawable@42d46e58
D/RendererCore( 1837): self pause: miui.maml.RendererCore@437e2728
D/FancyDrawable( 1837): doPause:   [miui.maml.FancyDrawable@42df4f80]
D/MultipleRenderable( 1837): setPause: true miui.maml.FancyDrawable@42df4f80
D/RendererCore( 1837): self pause: miui.maml.RendererCore@44b2f228
I/RenderThread( 1837): Sleep for long time:9223372036854775807 ms
D/PhoneStatusBar( 1520): disable: 0x00000000 -> 0x00800000 (diff: 0x00800000)
D/PhoneStatusBar( 1520): disable: < expand icons alerts ticker system_info back home recent CLOCK* full hide >
I/RenderThread( 1837): Sleep for long time:9223372036854775807 ms
D/JNI_XLDownloadLib( 9795): function Java_com_xunlei_downloadlib_XLLoader_getTaskInfo begin, query_mode = 0
D/JNI_XLDownloadLib( 9795): function Java_com_xunlei_downloadlib_XLLoader_getTaskInfo----taskid:1000, 13431698, 13431698, 602317, status:2, errorcode:0, queryIndexStatus:2
D/JNI_XLDownloadLib( 9795): function Java_com_xunlei_downloadlib_XLLoader_getTaskInfo end, ret = 9000
D/JNI_XLDownloadLib( 9795): function Java_com_xunlei_downloadlib_XLLoader_stopTask end, ret = 9000
D/JNI_XLDownloadLib( 9795): function Java_com_xunlei_downloadlib_XLLoader_releaseTask end, ret = 9000
W/FileUtils( 9795): Failed to chmod(/storage/emulated/0/MiMarket/files/HeHa_1.9.6_61.mds): libcore.io.ErrnoException: chmod failed: EPERM (Operation not permitted)
D/MediaScannerService( 9795): start scanning file: /storage/emulated/0/MiMarket/files/HeHa_1.9.6_61.mds
D/MediaScannerService( 9795): done scanning file: /storage/emulated/0/MiMarket/files/HeHa_1.9.6_61.mds
D/MediaScannerService( 9795): start scanning file: /storage/emulated/0/MiMarket/files/HeHa_1.9.6_61.mds
D/MediaScannerService( 9795): done scanning file: /storage/emulated/0/MiMarket/files/HeHa_1.9.6_61.mds
D/JNI_XLDownloadLib( 9795): function Java_com_xunlei_downloadlib_XLLoader_unInit end, ret = 9000
I/XLDownloadManager( 9795): undoMonitorNetworkChange()
